Archive member included to satisfy reference by file (symbol)

C:/devkitPro/devkitARM/bin/../lib/gcc/arm-none-eabi/14.2.0/thumb\libgcc.a(_arm_muldf3.o)
                              collider.o (__aeabi_dmul)
C:/devkitPro/devkitARM/bin/../lib/gcc/arm-none-eabi/14.2.0/thumb\libgcc.a(_call_via_rX.o)
                              mm_main_gba.o (_call_via_r1)
C:/devkitPro/devkitARM/bin/../lib/gcc/arm-none-eabi/14.2.0/thumb\libgcc.a(_arm_addsubdf3.o)
                              collider.o (__aeabi_dsub)
C:/devkitPro/devkitARM/bin/../lib/gcc/arm-none-eabi/14.2.0/thumb\libgcc.a(_arm_fixdfsi.o)
                              collider.o (__aeabi_d2iz)
C:/devkitPro/devkitARM/bin/../lib/gcc/arm-none-eabi/14.2.0/thumb\libgcc.a(_aeabi_ldivmod.o)
                              bn_hw_show.o (__aeabi_ldivmod)
C:/devkitPro/devkitARM/bin/../lib/gcc/arm-none-eabi/14.2.0/thumb\libgcc.a(_aeabi_uldivmod.o)
                              bn_hw_text.o (__aeabi_uldivmod)
C:/devkitPro/devkitARM/bin/../lib/gcc/arm-none-eabi/14.2.0/thumb\libgcc.a(_sync_none.o)
                              (__sync_synchronize_none)
C:/devkitPro/devkitARM/bin/../lib/gcc/arm-none-eabi/14.2.0/thumb\libgcc.a(_udivmoddi4.o)
                              C:/devkitPro/devkitARM/bin/../lib/gcc/arm-none-eabi/14.2.0/thumb\libgcc.a(_aeabi_ldivmod.o) (__udivmoddi4)

Discarded input sections

 .text          0x00000000        0x0 C:/devkitPro/devkitARM/bin/../lib/gcc/arm-none-eabi/14.2.0/../../../../arm-none-eabi/lib/thumb/gba_crt0.o
 .data          0x00000000        0x0 C:/devkitPro/devkitARM/bin/../lib/gcc/arm-none-eabi/14.2.0/../../../../arm-none-eabi/lib/thumb/gba_crt0.o
 .bss           0x00000000        0x0 C:/devkitPro/devkitARM/bin/../lib/gcc/arm-none-eabi/14.2.0/../../../../arm-none-eabi/lib/thumb/gba_crt0.o
 .text          0x00000000        0x0 C:/devkitPro/devkitARM/bin/../lib/gcc/arm-none-eabi/14.2.0/thumb/crti.o
 .data          0x00000000        0x0 C:/devkitPro/devkitARM/bin/../lib/gcc/arm-none-eabi/14.2.0/thumb/crti.o
 .bss           0x00000000        0x0 C:/devkitPro/devkitARM/bin/../lib/gcc/arm-none-eabi/14.2.0/thumb/crti.o
 .text          0x00000000        0x0 C:/devkitPro/devkitARM/bin/../lib/gcc/arm-none-eabi/14.2.0/thumb/crtbegin.o
 .data          0x00000000        0x0 C:/devkitPro/devkitARM/bin/../lib/gcc/arm-none-eabi/14.2.0/thumb/crtbegin.o
 .bss           0x00000000        0x0 C:/devkitPro/devkitARM/bin/../lib/gcc/arm-none-eabi/14.2.0/thumb/crtbegin.o
 .rodata.all_implied_fbits
                0x00000000       0x24 C:/devkitPro/devkitARM/bin/../lib/gcc/arm-none-eabi/14.2.0/thumb/crtbegin.o
 .text          0x00000000        0x0 _bn_audio_soundbank.bin.o
 .data          0x00000000        0x0 _bn_audio_soundbank.bin.o
 .bss           0x00000000        0x0 _bn_audio_soundbank.bin.o
 .text          0x00000000        0x0 alphabet_bn_gfx.o
 .data          0x00000000        0x0 alphabet_bn_gfx.o
 .bss           0x00000000        0x0 alphabet_bn_gfx.o
 .text          0x00000000        0x0 auto_bounce_bell_bn_gfx.o
 .data          0x00000000        0x0 auto_bounce_bell_bn_gfx.o
 .bss           0x00000000        0x0 auto_bounce_bell_bn_gfx.o
 .text          0x00000000        0x0 auto_platform_bn_gfx.o
 .data          0x00000000        0x0 auto_platform_bn_gfx.o
 .bss           0x00000000        0x0 auto_platform_bn_gfx.o
 .text          0x00000000        0x0 bounce_bell_bn_gfx.o
 .data          0x00000000        0x0 bounce_bell_bn_gfx.o
 .bss           0x00000000        0x0 bounce_bell_bn_gfx.o
 .text          0x00000000        0x0 candelabra_bn_gfx.o
 .data          0x00000000        0x0 candelabra_bn_gfx.o
 .bss           0x00000000        0x0 candelabra_bn_gfx.o
 .text          0x00000000        0x0 checkpoint_bn_gfx.o
 .data          0x00000000        0x0 checkpoint_bn_gfx.o
 .bss           0x00000000        0x0 checkpoint_bn_gfx.o
 .text          0x00000000        0x0 currency_number_bn_gfx.o
 .data          0x00000000        0x0 currency_number_bn_gfx.o
 .bss           0x00000000        0x0 currency_number_bn_gfx.o
 .text          0x00000000        0x0 enemy_hp_bar_bn_gfx.o
 .data          0x00000000        0x0 enemy_hp_bar_bn_gfx.o
 .bss           0x00000000        0x0 enemy_hp_bar_bn_gfx.o
 .text          0x00000000        0x0 falling_platform_thin_bn_gfx.o
 .data          0x00000000        0x0 falling_platform_thin_bn_gfx.o
 .bss           0x00000000        0x0 falling_platform_thin_bn_gfx.o
 .text          0x00000000        0x0 falling_platform_wide_bn_gfx.o
 .data          0x00000000        0x0 falling_platform_wide_bn_gfx.o
 .bss           0x00000000        0x0 falling_platform_wide_bn_gfx.o
 .text          0x00000000        0x0 finish_seal_bn_gfx.o
 .data          0x00000000        0x0 finish_seal_bn_gfx.o
 .bss           0x00000000        0x0 finish_seal_bn_gfx.o
 .text          0x00000000        0x0 game_object_bn_gfx.o
 .data          0x00000000        0x0 game_object_bn_gfx.o
 .bss           0x00000000        0x0 game_object_bn_gfx.o
[...]
Memory Configuration

Name             Origin             Length             Attributes
rom              0x08000000         0x02000000
iwram            0x03000000         0x00008000
ewram            0x02000000         0x00040000
*default*        0x00000000         0xffffffff

Linker script and memory map

                0x00000000                        __sync_synchronize = __sync_synchronize_none
                0x08000000                        __text_start = ORIGIN (rom)
                0x02040000                        __eheap_end = (ORIGIN (ewram) + LENGTH (ewram))
                0x03000000                        __iwram_start = ORIGIN (iwram)
                0x03008000                        __iwram_top = (ORIGIN (iwram) + LENGTH (iwram))
                0x03007fa0                        __sp_irq = (__iwram_top - 0x60)
                0x03007f00                        __sp_usr = (__sp_irq - 0xa0)
                0x03007ff8                        __irq_flags = 0x3007ff8
                0x08000000                        . = __text_start

.crt0           0x08000000      0x210
 *(.crt0)
 .crt0          0x08000000      0x210 C:/devkitPro/devkitARM/bin/../lib/gcc/arm-none-eabi/14.2.0/../../../../arm-none-eabi/lib/thumb/gba_crt0.o
                0x08000000                _start
                0x080000c4                __boot_method
                0x080000c5                __slave_number
                0x080000e0                start_vector
                0x08000210                        . = ALIGN (0x4)

.init           0x08000210        0xc
 *(SORT_NONE(.init))
 .init          0x08000210        0x4 C:/devkitPro/devkitARM/bin/../lib/gcc/arm-none-eabi/14.2.0/thumb/crti.o
                0x08000210                _init
 .init          0x08000214        0x8 C:/devkitPro/devkitARM/bin/../lib/gcc/arm-none-eabi/14.2.0/thumb/crtn.o

.plt            0x0800021c        0x0
 *(.plt)
                0x0800021c                        . = ALIGN (0x4)

.text           0x08000220    0x3bff0
 *(EXCLUDE_FILE(*.iwram*) .text*)
 .text.__do_global_dtors_aux
                0x08000220       0x2c C:/devkitPro/devkitARM/bin/../lib/gcc/arm-none-eabi/14.2.0/thumb/crtbegin.o
 .text.frame_dummy
                0x0800024c       0x24 C:/devkitPro/devkitARM/bin/../lib/gcc/arm-none-eabi/14.2.0/thumb/crtbegin.o
 .text._ZN14AutoBounceBell22resolveObjectCollisionERN2bn6vectorIP10GameObjectLi40EEE
                0x08000270        0x4 auto_bounce_bell.o
                0x08000270                AutoBounceBell::resolveObjectCollision(bn::vector<GameObject*, 40>&)
 .text._ZN14AutoBounceBellD2Ev
                0x08000274       0x18 auto_bounce_bell.o
                0x08000274                AutoBounceBell::~AutoBounceBell()
                0x08000274                AutoBounceBell::~AutoBounceBell()
 .text._ZN14AutoBounceBellD0Ev
                0x0800028c       0x24 auto_bounce_bell.o
                0x0800028c                AutoBounceBell::~AutoBounceBell()
 .text._ZN14AutoBounceBell6updateERK10RoomBoundsRN2bn6vectorIP10GameObjectLi40EEERKNS3_14regular_bg_ptrERKNS3_4spanIKtEERKNS3_15regular_bg_itemERKNS3_10camera_ptrE
                0x080002b0       0xa8 auto_bounce_bell.o
                0x080002b0                AutoBounceBell::update(RoomBounds const&, bn::vector<GameObject*, 40>&, bn::regular_bg_ptr const&, bn::span<unsigned short const> const&, bn::regular_bg_item const&, bn::camera_ptr const&)
 .text._ZN14AutoBounceBell25resolveHGearLeftCollisionERK8Collider
                0x08000358       0x80 auto_bounce_bell.o
                0x08000358                AutoBounceBell::resolveHGearLeftCollision(Collider const&)
 .text._ZN14AutoBounceBell24resolveHGearMidCollisionERK8Collider
                0x080003d8       0x38 auto_bounce_bell.o
                0x080003d8                AutoBounceBell::resolveHGearMidCollision(Collider const&)
 .text._ZN14AutoBounceBell24resolveVGearTopCollisionERK8Collider
                0x08000410       0x74 auto_bounce_bell.o
                0x08000410                AutoBounceBell::resolveVGearTopCollision(Collider const&)
 .text._ZN14AutoBounceBell24resolveVGearMidCollisionERK8Collider
                0x08000484       0x38 auto_bounce_bell.o
                0x08000484                AutoBounceBell::resolveVGearMidCollision(Collider const&)
 .text._ZN14AutoBounceBell27resolveVGearBottomCollisionERK8Collider
                0x080004bc       0x74 auto_bounce_bell.o
                0x080004bc                AutoBounceBell::resolveVGearBottomCollision(Collider const&)
 .text._ZN14AutoBounceBell26resolveHGearRightCollisionERK8Collider
                0x08000530      0x108 auto_bounce_bell.o
                0x08000530                AutoBounceBell::resolveHGearRightCollision(Collider const&)
 .text._ZN14AutoBounceBell20resolveTileCollisionERKN2bn14regular_bg_ptrERKNS0_4spanIKtEERKNS0_15regular_bg_itemE
                0x08000638      0x30c auto_bounce_bell.o
                0x08000638                AutoBounceBell::resolveTileCollision(bn::regular_bg_ptr const&, bn::span<unsigned short const> const&, bn::regular_bg_item const&)
 .text._ZN3_bn6assert9show_argsIA22_cEEvPKcS4_S4_iRKT_
                0x08000944       0x48 auto_bounce_bell.o
                0x08000944                void _bn::assert::show_args<char [22]>(char const*, char const*, char const*, int, char const (&) [22])
 .text._ZN3_bn6assert9show_argsIJA19_ciA4_ciEEEvPKcS5_S5_iDpRKT_
                0x0800098c       0x64 auto_bounce_bell.o
                0x0800098c                void _bn::assert::show_args<char [19], int, char [4], int>(char const*, char const*, char const*, int, char const (&) [19], int const&, char const (&) [4], int const&)
 .text._ZN14AutoBounceBell18updateStateMachineERN2bn6vectorIP10GameObjectLi40EEERKNS0_14regular_bg_ptrERKNS0_4spanIKtEERKNS0_15regular_bg_itemERKNS0_10camera_ptrE
                0x080009f0      0x2ac auto_bounce_bell.o
                0x080009f0                AutoBounceBell::updateStateMachine(bn::vector<GameObject*, 40>&, bn::regular_bg_ptr const&, bn::span<unsigned short const> const&, bn::regular_bg_item const&, bn::camera_ptr const&)
 .text._ZN14AutoBounceBell8setStateE11ObjectState.part.0
                0x08000c9c      0x240 auto_bounce_bell.o
 .text._ZN14AutoBounceBell8setStateE11ObjectState
                0x08000edc       0x44 auto_bounce_bell.o
                0x08000edc                AutoBounceBell::setState(ObjectState)
 .text._ZN14AutoBounceBellC2Ev
                0x08000f20      0x33c auto_bounce_bell.o
                0x08000f20                AutoBounceBell::AutoBounceBell()
                0x08000f20                AutoBounceBell::AutoBounceBell()
 .text._ZN12AutoPlatform11checkIfDeadEv
                0x0800125c        0x4 auto_platform.o
                0x0800125c                AutoPlatform::updateSpriteDirection()
                0x0800125c                AutoPlatform::checkIfDead()
 .text._ZN12AutoPlatform25resolveHardBlockCollisionERK8Collider
                0x08001260        0x4 auto_platform.o
                0x08001260                AutoPlatform::resolveHardBlockCollision(Collider const&)
                0x08001260                AutoPlatform::resolveSpikeCollision(Collider const&)
                0x08001260                AutoPlatform::resolveOneWayBlockCollision(Collider const&)
 .text._ZN12AutoPlatformD2Ev
                0x08001264       0x18 auto_platform.o
                0x08001264                AutoPlatform::~AutoPlatform()
                0x08001264                AutoPlatform::~AutoPlatform()
 .text._ZN12AutoPlatformD0Ev
                0x0800127c       0x24 auto_platform.o
                0x0800127c                AutoPlatform::~AutoPlatform()
 .text._ZN12AutoPlatform27resolveGroundGhoulCollisionER10GameObject
                0x080012a0       0xac auto_platform.o
                0x080012a0                AutoPlatform::resolveGroundGhoulCollision(GameObject&)
 .text._ZN12AutoPlatform22resolvePlayerCollisionER10GameObject
                0x0800134c       0xb8 auto_platform.o
                0x0800134c                AutoPlatform::resolvePlayerCollision(GameObject&)
 .text._ZN12AutoPlatform24resolveHGearMidCollisionERK8Collider
                0x08001404       0x38 auto_platform.o
                0x08001404                AutoPlatform::resolveHGearMidCollision(Collider const&)
 .text._ZN12AutoPlatform24resolveVGearTopCollisionERK8Collider
                0x0800143c       0x70 auto_platform.o
                0x0800143c                AutoPlatform::resolveVGearTopCollision(Collider const&)
 .text._ZN12AutoPlatform24resolveVGearMidCollisionERK8Collider
                0x080014ac       0x38 auto_platform.o
                0x080014ac                AutoPlatform::resolveVGearMidCollision(Collider const&)
 .text._ZN12AutoPlatform27resolveVGearBottomCollisionERK8Collider
                0x080014e4       0x70 auto_platform.o
                0x080014e4                AutoPlatform::resolveVGearBottomCollision(Collider const&)
 .text._ZN12AutoPlatform18updateStateMachineERN2bn6vectorIP10GameObjectLi40EEERKNS0_14regular_bg_ptrERKNS0_4spanIKtEERKNS0_15regular_bg_itemERKNS0_10camera_ptrE
                0x08001554       0x58 auto_platform.o
                0x08001554                AutoPlatform::updateStateMachine(bn::vector<GameObject*, 40>&, bn::regular_bg_ptr const&, bn::span<unsigned short const> const&, bn::regular_bg_item const&, bn::camera_ptr const&)
 .text._ZN12AutoPlatform25resolveHGearLeftCollisionERK8Collider
                0x080015ac       0x88 auto_platform.o
                0x080015ac                AutoPlatform::resolveHGearLeftCollision(Collider const&)
 .text._ZN12AutoPlatform26resolveHGearRightCollisionERK8Collider
                0x08001634       0x88 auto_platform.o
                0x08001634                AutoPlatform::resolveHGearRightCollision(Collider const&)
 .text._ZN12AutoPlatformC2Ev
                0x080016bc      0x374 auto_platform.o
                0x080016bc                AutoPlatform::AutoPlatform()
                0x080016bc                AutoPlatform::AutoPlatform()
 .text._ZN12AutoPlatform12updateTimersEv
                0x08001a30       0x18 auto_platform.o
                0x08001a30                AutoPlatform::updateTimers()
 .text._ZN10BounceBellD2Ev
                0x08001a48       0x18 bounce_bell.o
                0x08001a48                BounceBell::~BounceBell()
                0x08001a48                BounceBell::~BounceBell()
 .text._ZN10BounceBellD0Ev
                0x08001a60       0x24 bounce_bell.o
                0x08001a60                BounceBell::~BounceBell()
 .text._ZN10BounceBell6updateERK10RoomBoundsRN2bn6vectorIP10GameObjectLi40EEERKNS3_14regular_bg_ptrERKNS3_4spanIKtEERKNS3_15regular_bg_itemERKNS3_10camera_ptrE
                0x08001a84       0x98 bounce_bell.o
                0x08001a84                BounceBell::update(RoomBounds const&, bn::vector<GameObject*, 40>&, bn::regular_bg_ptr const&, bn::span<unsigned short const> const&, bn::regular_bg_item const&, bn::camera_ptr const&)
 .text._ZN10BounceBell18updateStateMachineERN2bn6vectorIP10GameObjectLi40EEERKNS0_14regular_bg_ptrERKNS0_4spanIKtEERKNS0_15regular_bg_itemERKNS0_10camera_ptrE
                0x08001b1c      0x270 bounce_bell.o
                0x08001b1c                BounceBell::updateStateMachine(bn::vector<GameObject*, 40>&, bn::regular_bg_ptr const&, bn::span<unsigned short const> const&, bn::regular_bg_item const&, bn::camera_ptr const&)
 .text._ZN10BounceBell8setStateE11ObjectState.part.0
                0x08001d8c      0x240 bounce_bell.o
 .text._ZN10BounceBell8setStateE11ObjectState
                0x08001fcc       0x44 bounce_bell.o
                0x08001fcc                BounceBell::setState(ObjectState)
 .text._ZN10BounceBellC2Ev
                0x08002010      0x320 bounce_bell.o
                0x08002010                BounceBell::BounceBell()
                0x08002010                BounceBell::BounceBell()
 .text._ZN10CandelabraD2Ev
                0x08002330       0x18 candelabra.o
                0x08002330                Candelabra::~Candelabra()
                0x08002330                Candelabra::~Candelabra()
 .text._ZN10CandelabraD0Ev
                0x08002348       0x24 candelabra.o
                0x08002348                Candelabra::~Candelabra()
 .text._ZN10CandelabraC2Ev
                0x0800236c      0x374 candelabra.o
                0x0800236c                Candelabra::Candelabra()
                0x0800236c                Candelabra::Candelabra()
 .text._ZN10CheckpointD2Ev
                0x080026e0       0x18 checkpoint.o
                0x080026e0                Checkpoint::~Checkpoint()
                0x080026e0                Checkpoint::~Checkpoint()
 .text._ZN10CheckpointD0Ev
                0x080026f8       0x24 checkpoint.o
                0x080026f8                Checkpoint::~Checkpoint()
 .text._ZN10Checkpoint6updateERK10RoomBoundsRN2bn6vectorIP10GameObjectLi40EEERKNS3_14regular_bg_ptrERKNS3_4spanIKtEERKNS3_15regular_bg_itemERKNS3_10camera_ptrE
                0x0800271c       0x68 checkpoint.o
                0x0800271c                Checkpoint::update(RoomBounds const&, bn::vector<GameObject*, 40>&, bn::regular_bg_ptr const&, bn::span<unsigned short const> const&, bn::regular_bg_item const&, bn::camera_ptr const&)
 .text._ZN10Checkpoint18updateStateMachineERN2bn6vectorIP10GameObjectLi40EEERKNS0_14regular_bg_ptrERKNS0_4spanIKtEERKNS0_15regular_bg_itemERKNS0_10camera_ptrE
                0x08002784       0x6c checkpoint.o
                0x08002784                Checkpoint::updateStateMachine(bn::vector<GameObject*, 40>&, bn::regular_bg_ptr const&, bn::span<unsigned short const> const&, bn::regular_bg_item const&, bn::camera_ptr const&)
 .text._ZN10CheckpointC2Ev
                0x080027f0      0x340 checkpoint.o
                0x080027f0                Checkpoint::Checkpoint()
                0x080027f0                Checkpoint::Checkpoint()
 .text._ZN10Checkpoint8setStateE11ObjectState
                0x08002b30      0x554 checkpoint.o
                0x08002b30                Checkpoint::setState(ObjectState)
 .text._ZN8ColliderC2Ev
                0x08003084       0x20 collider.o
                0x08003084                Collider::Collider()
                0x08003084                Collider::Collider()
 .text._ZN8ColliderC2EN2bn7fixed_tILi12EEES2_jj
                0x080030a4       0x84 collider.o
                0x080030a4                Collider::Collider(bn::fixed_t<12>, bn::fixed_t<12>, unsigned int, unsigned int)
                0x080030a4                Collider::Collider(bn::fixed_t<12>, bn::fixed_t<12>, unsigned int, unsigned int)
 .text._ZN8CollideraSERKS_
                0x08003128       0x28 collider.o
                0x08003128                Collider::operator=(Collider const&)
 .text._ZNK8Collider1xEv
                0x08003150       0x10 collider.o
                0x08003150                Collider::x() const
 .text._ZNK8Collider1yEv
                0x08003160       0x10 collider.o
                0x08003160                Collider::y() const
 .text._ZN8Collider4setXEN2bn7fixed_tILi12EEE
                0x08003170       0x78 collider.o
                0x08003170                Collider::setX(bn::fixed_t<12>)
 .text._ZN8Collider4setYEN2bn7fixed_tILi12EEE
                0x080031e8       0x78 collider.o
                0x080031e8                Collider::setY(bn::fixed_t<12>)
 .text._ZN8Collider6setPosEN2bn7fixed_tILi12EEES2_
                0x08003260       0x78 collider.o
                0x08003260                Collider::setPos(bn::fixed_t<12>, bn::fixed_t<12>)
 .text._ZN8Collider9setCameraERKN2bn10camera_ptrE
                0x080032d8        0x4 collider.o
                0x080032d8                Collider::setCamera(bn::camera_ptr const&)
 .text._ZN8Collider19getCollisionXOffsetERKS_N2bn7fixed_tILi12EEE
                0x080032dc       0x50 collider.o
                0x080032dc                Collider::getCollisionXOffset(Collider const&, bn::fixed_t<12>)
 .text._ZN8Collider19getCollisionYOffsetERKS_N2bn7fixed_tILi12EEE
                0x0800332c       0x40 collider.o
                0x0800332c                Collider::getCollisionYOffset(Collider const&, bn::fixed_t<12>)
 .text._ZN8Collider11isCollisionEN2bn13fixed_point_tILi12EEE
                0x0800336c       0x34 collider.o
                0x0800336c                Collider::isCollision(bn::fixed_point_t<12>)
 .text._ZN8Collider11isCollisionERKS_
                0x080033a0       0x34 collider.o
                0x080033a0                Collider::isCollision(Collider const&)
 .text._ZN5EnemyD2Ev
                0x080033d4       0x18 enemy.o
                0x080033d4                Enemy::~Enemy()
                0x080033d4                Enemy::~Enemy()
 .text._ZN5EnemyD0Ev
                0x080033ec       0x24 enemy.o
                0x080033ec                Enemy::~Enemy()
 .text._ZN5Enemy11setHitFlashEv
                0x08003410       0x38 enemy.o
                0x08003410                Enemy::setHitFlash()
 .text._ZN5Enemy11setHitFlashEi
                0x08003448       0x3c enemy.o
                0x08003448                Enemy::setHitFlash(int)
 .text._ZN5Enemy35resolveFallingPlatformWideCollisionER10GameObject
                0x08003484       0xa8 enemy.o
                0x08003484                Enemy::resolveFallingPlatformThinCollision(GameObject&)
                0x08003484                Enemy::resolveAutoPlatformCollision(GameObject&)
                0x08003484                Enemy::resolveFallingPlatformWideCollision(GameObject&)
 .text._ZN5Enemy27resolveGroundGhoulCollisionER10GameObject
                0x0800352c       0x58 enemy.o
                0x0800352c                Enemy::resolveGroundGhoulCollision(GameObject&)
 .text._ZN5Enemy25resolveLargeVaseCollisionER10GameObject
                0x08003584       0x50 enemy.o
                0x08003584                Enemy::resolveSmallVaseCollision(GameObject&)
                0x08003584                Enemy::resolveLargeVaseCollision(GameObject&)
 .text._ZN5Enemy16updateDeathStateEv
                0x080035d4       0x78 enemy.o
                0x080035d4                Enemy::updateDeathState()
 .text._ZN5Enemy14updateHitFlashEv
                0x0800364c       0xd8 enemy.o
                0x0800364c                Enemy::updateHitFlash()
 .text._ZN5Enemy11updateHPBarEv.part.0
                0x08003724      0x2b4 enemy.o
 .text._ZN5EnemyC2Ev
                0x080039d8       0x64 enemy.o
                0x080039d8                Enemy::Enemy()
                0x080039d8                Enemy::Enemy()
 .text._ZN5Enemy11updateHPBarEv
                0x08003a3c       0x48 enemy.o
                0x08003a3c                Enemy::updateHPBar()
 .text._ZN5Enemy14wallSplatCheckEv
                0x08003a84       0xa0 enemy.o
                0x08003a84                Enemy::wallSplatCheck()
 .text._ZN5Enemy21resolveXAxisCollisionERK8Collider
                0x08003b24       0x20 enemy.o
                0x08003b24                Enemy::resolveXAxisCollision(Collider const&)
 .text._ZN5Enemy24resolveThornBarCollisionER10GameObject
                0x08003b44       0xcc enemy.o
                0x08003b44                Enemy::resolveThornBarCollision(GameObject&)
 .text._ZN5Enemy31resolveSmashBlockLargeCollisionER10GameObject
                0x08003c10       0xcc enemy.o
                0x08003c10                Enemy::resolveSmashBlockMiniCollision(GameObject&)
                0x08003c10                Enemy::resolveHPTotemCollision(GameObject&)
                0x08003c10                Enemy::resolveFinishSealCollision(GameObject&)
                0x08003c10                Enemy::resolveSmashBlockZigguratCCollision(GameObject&)
                0x08003c10                Enemy::resolveSmashBlockLargeCollision(GameObject&)
                0x08003c10                Enemy::resolveSmashBlockZigguratRCollision(GameObject&)
                0x08003c10                Enemy::resolveSmashBlockZigguratLCollision(GameObject&)
 .text._ZN5Enemy27resolveThornColumnCollisionER10GameObject
                0x08003cdc       0xb0 enemy.o
                0x08003cdc                Enemy::resolveThornColumnCollision(GameObject&)
 .text._ZN5Enemy27resolveTilePassageCollisionER10GameObject
                0x08003d8c       0xb4 enemy.o
                0x08003d8c                Enemy::resolveTilePassageCollision(GameObject&)
 .text._ZN5Enemy25resolvePushBlockCollisionER10GameObject
                0x08003e40      0x10c enemy.o
                0x08003e40                Enemy::resolvePushBlockMiniCollision(GameObject&)
                0x08003e40                Enemy::resolvePushBlockCollision(GameObject&)
 .text._ZN19FallingPlatformThin20resolveTileCollisionERKN2bn14regular_bg_ptrERKNS0_4spanIKtEERKNS0_15regular_bg_itemE
                0x08003f4c        0x4 falling_platform_thin.o
                0x08003f4c                FallingPlatformThin::resolveTileCollision(bn::regular_bg_ptr const&, bn::span<unsigned short const> const&, bn::regular_bg_item const&)
 .text._ZN19FallingPlatformThinD2Ev
                0x08003f50       0x18 falling_platform_thin.o
                0x08003f50                FallingPlatformThin::~FallingPlatformThin()
                0x08003f50                FallingPlatformThin::~FallingPlatformThin()
 .text._ZN19FallingPlatformThinD0Ev
                0x08003f68       0x24 falling_platform_thin.o
                0x08003f68                FallingPlatformThin::~FallingPlatformThin()
 .text._ZN19FallingPlatformThin25resolvePushBlockCollisionER10GameObject
                0x08003f8c       0x98 falling_platform_thin.o
                0x08003f8c                FallingPlatformThin::resolveGroundGhoulCollision(GameObject&)
                0x08003f8c                FallingPlatformThin::resolvePushBlockMiniCollision(GameObject&)
                0x08003f8c                FallingPlatformThin::resolvePlayerCollision(GameObject&)
                0x08003f8c                FallingPlatformThin::resolvePushBlockCollision(GameObject&)
 .text._ZN19FallingPlatformThin18updateStateMachineERN2bn6vectorIP10GameObjectLi40EEERKNS0_14regular_bg_ptrERKNS0_4spanIKtEERKNS0_15regular_bg_itemERKNS0_10camera_ptrE
                0x08004024       0x8c falling_platform_thin.o
                0x08004024                FallingPlatformThin::updateStateMachine(bn::vector<GameObject*, 40>&, bn::regular_bg_ptr const&, bn::span<unsigned short const> const&, bn::regular_bg_item const&, bn::camera_ptr const&)
 .text._ZN19FallingPlatformThinC2Ev
                0x080040b0      0x348 falling_platform_thin.o
                0x080040b0                FallingPlatformThin::FallingPlatformThin()
                0x080040b0                FallingPlatformThin::FallingPlatformThin()
 .text._ZN19FallingPlatformThin8setStateE11ObjectState
                0x080043f8      0x3d0 falling_platform_thin.o
                0x080043f8                FallingPlatformThin::setState(ObjectState)
 .text._ZN19FallingPlatformWide20resolveTileCollisionERKN2bn14regular_bg_ptrERKNS0_4spanIKtEERKNS0_15regular_bg_itemE
                0x080047c8        0x4 falling_platform_wide.o
                0x080047c8                FallingPlatformWide::resolveTileCollision(bn::regular_bg_ptr const&, bn::span<unsigned short const> const&, bn::regular_bg_item const&)
 .text._ZN19FallingPlatformWideD2Ev
                0x080047cc       0x18 falling_platform_wide.o
                0x080047cc                FallingPlatformWide::~FallingPlatformWide()
                0x080047cc                FallingPlatformWide::~FallingPlatformWide()
 .text._ZN19FallingPlatformWideD0Ev
                0x080047e4       0x24 falling_platform_wide.o
                0x080047e4                FallingPlatformWide::~FallingPlatformWide()
 .text._ZN19FallingPlatformWide25resolvePushBlockCollisionER10GameObject
                0x08004808       0x98 falling_platform_wide.o
                0x08004808                FallingPlatformWide::resolveGroundGhoulCollision(GameObject&)
                0x08004808                FallingPlatformWide::resolvePlayerCollision(GameObject&)
                0x08004808                FallingPlatformWide::resolvePushBlockMiniCollision(GameObject&)
                0x08004808                FallingPlatformWide::resolvePushBlockCollision(GameObject&)
 .text._ZN19FallingPlatformWide18updateStateMachineERN2bn6vectorIP10GameObjectLi40EEERKNS0_14regular_bg_ptrERKNS0_4spanIKtEERKNS0_15regular_bg_itemERKNS0_10camera_ptrE
                0x080048a0       0x8c falling_platform_wide.o
                0x080048a0                FallingPlatformWide::updateStateMachine(bn::vector<GameObject*, 40>&, bn::regular_bg_ptr const&, bn::span<unsigned short const> const&, bn::regular_bg_item const&, bn::camera_ptr const&)
 .text._ZN19FallingPlatformWideC2Ev
                0x0800492c      0x348 falling_platform_wide.o
                0x0800492c                FallingPlatformWide::FallingPlatformWide()
                0x0800492c                FallingPlatformWide::FallingPlatformWide()
 .text._ZN19FallingPlatformWide8setStateE11ObjectState
                0x08004c74      0x3d0 falling_platform_wide.o
                0x08004c74                FallingPlatformWide::setState(ObjectState)
 .text._ZN10FinishSealD2Ev
                0x08005044       0x18 finish_seal.o
                0x08005044                FinishSeal::~FinishSeal()
                0x08005044                FinishSeal::~FinishSeal()
 .text._ZN10FinishSealD0Ev
                0x0800505c       0x24 finish_seal.o
                0x0800505c                FinishSeal::~FinishSeal()
 .text._ZN10FinishSeal6updateERK10RoomBoundsRN2bn6vectorIP10GameObjectLi40EEERKNS3_14regular_bg_ptrERKNS3_4spanIKtEERKNS3_15regular_bg_itemERKNS3_10camera_ptrE
                0x08005080       0xa4 finish_seal.o
                0x08005080                FinishSeal::update(RoomBounds const&, bn::vector<GameObject*, 40>&, bn::regular_bg_ptr const&, bn::span<unsigned short const> const&, bn::regular_bg_item const&, bn::camera_ptr const&)
 .text._ZN10FinishSeal18updateStateMachineERN2bn6vectorIP10GameObjectLi40EEERKNS0_14regular_bg_ptrERKNS0_4spanIKtEERKNS0_15regular_bg_itemERKNS0_10camera_ptrE
                0x08005124       0x74 finish_seal.o
                0x08005124                FinishSeal::updateStateMachine(bn::vector<GameObject*, 40>&, bn::regular_bg_ptr const&, bn::span<unsigned short const> const&, bn::regular_bg_item const&, bn::camera_ptr const&)
 .text._ZN10FinishSealC2Ev
                0x08005198      0x340 finish_seal.o
                0x08005198                FinishSeal::FinishSeal()
                0x08005198                FinishSeal::FinishSeal()
 .text._ZN10FinishSeal8setStateE11ObjectState
                0x080054d8      0x728 finish_seal.o
                0x080054d8                FinishSeal::setState(ObjectState)
 .text._ZN10GameObject14updateHitboxesERK10RoomBoundsRN2bn6vectorIPS_Li40EEERKNS3_14regular_bg_ptrERKNS3_4spanIKtEERKNS3_15regular_bg_itemERKNS3_10camera_ptrE
                0x08005c00        0x4 game_object.o
                0x08005c00                GameObject::updateHitboxes(RoomBounds const&, bn::vector<GameObject*, 40>&, bn::regular_bg_ptr const&, bn::span<unsigned short const> const&, bn::regular_bg_item const&, bn::camera_ptr const&)
 .text._ZN10GameObject12updateTimersEv
                0x08005c04       0x14 game_object.o
                0x08005c04                GameObject::updateTimers()
 .text._ZN10GameObject8setStateE11ObjectState
                0x08005c18        0xc game_object.o
                0x08005c18                GameObject::setState(ObjectState)
 .text._ZN10GameObject11updateHPBarEv
                0x08005c24        0x4 game_object.o
                0x08005c24                GameObject::updateHPBar()
 .text._ZN10GameObject18updateStateMachineERN2bn6vectorIPS_Li40EEERKNS0_14regular_bg_ptrERKNS0_4spanIKtEERKNS0_15regular_bg_itemERKNS0_10camera_ptrE
                0x08005c28        0x4 game_object.o
                0x08005c28                GameObject::updateStateMachine(bn::vector<GameObject*, 40>&, bn::regular_bg_ptr const&, bn::span<unsigned short const> const&, bn::regular_bg_item const&, bn::camera_ptr const&)
 .text._ZN10GameObject11updateStateERN2bn6vectorIPS_Li40EEERKNS0_14regular_bg_ptrERKNS0_4spanIKtEERKNS0_15regular_bg_itemE
                0x08005c2c        0x4 game_object.o
                0x08005c2c                GameObject::updateState(bn::vector<GameObject*, 40>&, bn::regular_bg_ptr const&, bn::span<unsigned short const> const&, bn::regular_bg_item const&)
 .text._ZN10GameObject27resolveTilePassageCollisionERS_
                0x08005c30        0x4 game_object.o
                0x08005c30                GameObject::resolveFinishSealCollision(GameObject&)
                0x08005c30                GameObject::resolveBounceBellCollision(GameObject&)
                0x08005c30                GameObject::resolveHGearLeftCollision(Collider const&)
                0x08005c30                GameObject::resolveHPDropCollision(GameObject&)
                0x08005c30                GameObject::resolveAutoBounceBellCollision(GameObject&)
                0x08005c30                GameObject::resolvePhaseOrbRightCollision(GameObject&)
                0x08005c30                GameObject::resolveHitboxSpin1Collision(GameObject&)
                0x08005c30                GameObject::resolveVGearMidCollision(Collider const&)
                0x08005c30                GameObject::resolveSmashBlockZigguratCCollision(GameObject&)
                0x08005c30                GameObject::resolveSmashBlockZigguratLCollision(GameObject&)
                0x08005c30                GameObject::resolvePushBlockCollision(GameObject&)
                0x08005c30                GameObject::resolveSmashBlockZigguratRCollision(GameObject&)
                0x08005c30                GameObject::resolveFallingPlatformThinCollision(GameObject&)
                0x08005c30                GameObject::resolveThornColumnCollision(GameObject&)
                0x08005c30                GameObject::resolvePlayerCollision(GameObject&)
                0x08005c30                GameObject::resolveStarDropCollision(GameObject&)
                0x08005c30                GameObject::resolveVGearTopCollision(Collider const&)
                0x08005c30                GameObject::resolveMoonDropCollision(GameObject&)
                0x08005c30                GameObject::resolveClimbableCollision(Collider const&)
                0x08005c30                GameObject::resolveAutoPlatformCollision(GameObject&)
                0x08005c30                GameObject::resolveSmallVaseCollision(GameObject&)
                0x08005c30                GameObject::resolveHitboxSpin2Collision(GameObject&)
                0x08005c30                GameObject::resolveSkullDropCollision(GameObject&)
                0x08005c30                GameObject::resolveSmashBlockLargeCollision(GameObject&)
                0x08005c30                GameObject::resolveVGearBottomCollision(Collider const&)
                0x08005c30                GameObject::resolveThornBarCollision(GameObject&)
                0x08005c30                GameObject::resolveHGearMidCollision(Collider const&)
                0x08005c30                GameObject::resolveFallingPlatformWideCollision(GameObject&)
                0x08005c30                GameObject::resolveGroundGhoulCollision(GameObject&)
                0x08005c30                GameObject::resolveSmashBlockMiniCollision(GameObject&)
                0x08005c30                GameObject::resolvePhaseOrbUpCollision(GameObject&)
                0x08005c30                GameObject::resolvePushBlockMiniCollision(GameObject&)
                0x08005c30                GameObject::resolveLargeVaseCollision(GameObject&)
                0x08005c30                GameObject::resolvePhaseOrbDownCollision(GameObject&)
                0x08005c30                GameObject::resolveCheckpointCollision(GameObject&)
                0x08005c30                GameObject::resolveHGearRightCollision(Collider const&)
                0x08005c30                GameObject::resolveHitboxWallSplatCollision(GameObject&)
                0x08005c30                GameObject::resolveTilePassageCollision(GameObject&)
                0x08005c30                GameObject::resolveHPTotemCollision(GameObject&)
                0x08005c30                GameObject::resolvePhaseOrbLeftCollision(GameObject&)
 .text._ZN10GameObjectD2Ev
                0x08005c34      0x1e0 game_object.o
                0x08005c34                GameObject::~GameObject()
                0x08005c34                GameObject::~GameObject()
 .text._ZN10GameObjectD0Ev
                0x08005e14       0x1c game_object.o
                0x08005e14                GameObject::~GameObject()
 .text._ZN10GameObject19updateTestCollidersEv
                0x08005e30       0x4c game_object.o
                0x08005e30                GameObject::updateTestColliders()
 .text._ZN10GameObject9setCameraERKN2bn10camera_ptrE
                0x08005e7c       0x7c game_object.o
                0x08005e7c                GameObject::setCamera(bn::camera_ptr const&)
 .text._ZN10GameObject11setHitFlashEv
                0x08005ef8       0x38 game_object.o
                0x08005ef8                GameObject::setHitFlash()
 .text._ZN10GameObject11setHitFlashEi
                0x08005f30       0x3c game_object.o
                0x08005f30                GameObject::setHitFlash(int)
 .text._ZN10GameObject21resolveSpikeCollisionERK8Collider
                0x08005f6c       0xa8 game_object.o
                0x08005f6c                GameObject::resolveSpikeCollision(Collider const&)
 .text._ZN10GameObject16resolveCollisionERN2bn6vectorIPS_Li40EEERKNS0_14regular_bg_ptrERKNS0_4spanIKtEERKNS0_15regular_bg_itemE
                0x08006014       0x3c game_object.o
                0x08006014                GameObject::resolveCollision(bn::vector<GameObject*, 40>&, bn::regular_bg_ptr const&, bn::span<unsigned short const> const&, bn::regular_bg_item const&)
 .text._ZN10GameObject25resolveHardBlockCollisionERK8Collider
                0x08006050       0x60 game_object.o
                0x08006050                GameObject::resolveHardBlockCollision(Collider const&)
 .text._ZN2bn13ostringstream11append_argsIiJA4_ciEEEvRKT_DpRKT0_.isra.0
                0x080060b0       0x24 game_object.o
 .text._ZN10GameObject11checkIfDeadEv
                0x080060d4       0x40 game_object.o
                0x080060d4                GameObject::checkIfDead()
 .text._ZN10GameObject18updateHitstunStateEv
                0x08006114       0x78 game_object.o
                0x08006114                GameObject::updateHitstunState()
 .text._ZN10GameObject22resolveCornerCollisionERK8Collider
                0x0800618c       0xc0 game_object.o
                0x0800618c                GameObject::resolveCornerCollision(Collider const&)
 .text._ZN10GameObject27resolveOneWayBlockCollisionERK8Collider
                0x0800624c      0x11c game_object.o
                0x0800624c                GameObject::resolveOneWayBlockCollision(Collider const&)
 .text._ZN10GameObject21resolveYAxisCollisionERK8Collider
                0x08006368       0x80 game_object.o
                0x08006368                GameObject::resolveYAxisCollision(Collider const&)
 .text._ZN10GameObject21resolveXAxisCollisionERK8Collider
                0x080063e8       0x7c game_object.o
                0x080063e8                GameObject::resolveXAxisCollision(Collider const&)
 .text._ZN10GameObject18updateTileGroundedERKN2bn14regular_bg_ptrERKNS0_4spanIKtEERKNS0_15regular_bg_itemE
                0x08006464      0x1ec game_object.o
                0x08006464                GameObject::updateTileGrounded(bn::regular_bg_ptr const&, bn::span<unsigned short const> const&, bn::regular_bg_item const&)
 .text._ZN10GameObject20resolveTileCollisionERKN2bn14regular_bg_ptrERKNS0_4spanIKtEERKNS0_15regular_bg_itemE
                0x08006650      0x440 game_object.o
                0x08006650                GameObject::resolveTileCollision(bn::regular_bg_ptr const&, bn::span<unsigned short const> const&, bn::regular_bg_item const&)
 .text._ZN13ObjectRequestC2Ev
                0x08006a90        0xc game_object.o
                0x08006a90                ObjectRequest::ObjectRequest()
                0x08006a90                ObjectRequest::ObjectRequest()
 .text._ZN13ObjectRequestC2E10ObjectTypeN2bn13fixed_point_tILi12EEE
                0x08006a9c       0x1c game_object.o
                0x08006a9c                ObjectRequest::ObjectRequest(ObjectType, bn::fixed_point_t<12>)
                0x08006a9c                ObjectRequest::ObjectRequest(ObjectType, bn::fixed_point_t<12>)
 .text._ZN13ObjectRequestD2Ev
                0x08006ab8        0x4 game_object.o
                0x08006ab8                ObjectRequest::~ObjectRequest()
                0x08006ab8                ObjectRequest::~ObjectRequest()
 .text._ZN13ObjectRequestaSERKS_
                0x08006abc       0x14 game_object.o
                0x08006abc                ObjectRequest::operator=(ObjectRequest const&)
 .text._ZN10GameObjectC2ERKS_
                0x08006ad0      0x848 game_object.o
                0x08006ad0                GameObject::GameObject(GameObject const&)
                0x08006ad0                GameObject::GameObject(GameObject const&)
 .text._ZN10GameObject11applyForcesEv
                0x08007318      0x154 game_object.o
                0x08007318                GameObject::applyForces()
 .text._ZN10GameObject13updatePhysicsEv
                0x0800746c       0x74 game_object.o
                0x0800746c                GameObject::updatePhysics()
 .text._ZNK10GameObject1xEv
                0x080074e0       0x28 game_object.o
                0x080074e0                GameObject::x() const
 .text._ZNK10GameObject1yEv
                0x08007508       0x28 game_object.o
                0x08007508                GameObject::y() const
 .text._ZN10GameObject4setXEN2bn7fixed_tILi12EEE
                0x08007530       0x34 game_object.o
                0x08007530                GameObject::setX(bn::fixed_t<12>)
 .text._ZN10GameObject4setYEN2bn7fixed_tILi12EEE
                0x08007564       0x38 game_object.o
                0x08007564                GameObject::setY(bn::fixed_t<12>)
 .text._ZN10GameObject11applyDamageEi
                0x0800759c       0x14 game_object.o
                0x0800759c                GameObject::applyDamage(int)
 .text._ZN10GameObject7applyHPEi
                0x080075b0       0x28 game_object.o
                0x080075b0                GameObject::applyHP(int)
 .text._ZN14UnloadedObjectC2EN2bn5pointE10ObjectType
                0x080075d8       0x14 game_object.o
                0x080075d8                UnloadedObject::UnloadedObject(bn::point, ObjectType)
                0x080075d8                UnloadedObject::UnloadedObject(bn::point, ObjectType)
 .text._ZN14UnloadedObjectC2ERKS_
                0x080075ec       0x20 game_object.o
                0x080075ec                UnloadedObject::UnloadedObject(UnloadedObject const&)
                0x080075ec                UnloadedObject::UnloadedObject(UnloadedObject const&)
 .text._ZN14UnloadedObjectD2Ev
                0x0800760c        0x4 game_object.o
                0x0800760c                UnloadedObject::~UnloadedObject()
                0x0800760c                UnloadedObject::~UnloadedObject()
 .text._ZN3_bn6assert9show_argsIJA16_ciA4_ciEEEvPKcS5_S5_iDpRKT_
                0x08007610       0x58 game_object.o
                0x08007610                void _bn::assert::show_args<char [16], int, char [4], int>(char const*, char const*, char const*, int, char const (&) [16], int const&, char const (&) [4], int const&)
 .text._ZN10GameObject22resolveObjectCollisionERN2bn6vectorIPS_Li40EEE
                0x08007668      0x2fc game_object.o
                0x08007668                GameObject::resolveObjectCollision(bn::vector<GameObject*, 40>&)
 .text._ZNK10GameObject3posEv
                0x08007964       0x88 game_object.o
                0x08007964                GameObject::pos() const
 .text._ZN10GameObject19updateInactiveStateERKN2bn10camera_ptrE
                0x080079ec       0x54 game_object.o
                0x080079ec                GameObject::updateInactiveState(bn::camera_ptr const&)
 .text._ZN10GameObject14updateHitFlashEv
                0x08007a40       0x7c game_object.o
                0x08007a40                GameObject::updateHitFlash()
 .text._ZN10GameObject16updateDeathStateEv
                0x08007abc       0x48 game_object.o
                0x08007abc                GameObject::updateDeathState()
 .text._ZN10GameObject20setHorizontalStretchEv
                0x08007b04       0x58 game_object.o
                0x08007b04                GameObject::setHorizontalStretch()
 .text._ZN10GameObject18setVerticalStretchEv
                0x08007b5c       0x58 game_object.o
                0x08007b5c                GameObject::setVerticalStretch()
 .text._ZN10GameObject11hideSpritesEv
                0x08007bb4       0x74 game_object.o
                0x08007bb4                GameObject::hideSprites()
 .text._ZN10GameObject13revealSpritesEv
                0x08007c28       0x74 game_object.o
                0x08007c28                GameObject::revealSprites()
 .text._ZN10GameObject6setPosEN2bn7fixed_tILi12EEES2_
                0x08007c9c       0x8c game_object.o
                0x08007c9c                GameObject::setPos(bn::fixed_t<12>, bn::fixed_t<12>)
 .text._ZN10GameObject13clampPositionERK10RoomBounds
                0x08007d28       0x7c game_object.o
                0x08007d28                GameObject::clampPosition(RoomBounds const&)
 .text._ZN10GameObject6setPosEN2bn13fixed_point_tILi12EEE
                0x08007da4       0x94 game_object.o
                0x08007da4                GameObject::setPos(bn::fixed_point_t<12>)
 .text._ZN10GameObject21updateSpriteDirectionEv
                0x08007e38       0x9c game_object.o
                0x08007e38                GameObject::updateSpriteDirection()
 .text._ZN10GameObjectC2Ev
                0x08007ed4      0x2f8 game_object.o
                0x08007ed4                GameObject::GameObject()
                0x08007ed4                GameObject::GameObject()
 .text._ZN10GameObject4drawEv
                0x080081cc      0x160 game_object.o
                0x080081cc                GameObject::draw()
 .text._ZN10GameObject19updateSpriteOffsetsEv.part.0
                0x0800832c      0x120 game_object.o
 .text._ZN10GameObject6updateERK10RoomBoundsRN2bn6vectorIPS_Li40EEERKNS3_14regular_bg_ptrERKNS3_4spanIKtEERKNS3_15regular_bg_itemERKNS3_10camera_ptrE
                0x0800844c      0x1e8 game_object.o
                0x0800844c                GameObject::update(RoomBounds const&, bn::vector<GameObject*, 40>&, bn::regular_bg_ptr const&, bn::span<unsigned short const> const&, bn::regular_bg_item const&, bn::camera_ptr const&)
 .text._ZN10GameObject16applySplatEffectEii
                0x08008634      0x300 game_object.o
                0x08008634                GameObject::applySplatEffect(int, int)
 .text._ZN10GameObject14applyHitEffectEii.part.0
                0x08008934      0x2c8 game_object.o
 .text._ZN10GameObject14applyHitEffectEii
                0x08008bfc       0x50 game_object.o
                0x08008bfc                GameObject::applyHitEffect(int, int)
 .text._ZN10GameObject8applyHitEiii
                0x08008c4c      0x188 game_object.o
                0x08008c4c                GameObject::applyHit(int, int, int)
 .text._ZN11GroundGhoulD2Ev
                0x08008dd4       0x18 ground_ghoul.o
                0x08008dd4                GroundGhoul::~GroundGhoul()
                0x08008dd4                GroundGhoul::~GroundGhoul()
 .text._ZN11GroundGhoulD0Ev
                0x08008dec       0x24 ground_ghoul.o
                0x08008dec                GroundGhoul::~GroundGhoul()
 .text._ZN2bn13ostringstream11append_argsIiJA4_ciEEEvRKT_DpRKT0_.isra.0
                0x08008e10       0x24 ground_ghoul.o
 .text._ZN11GroundGhoul18updateStateMachineERN2bn6vectorIP10GameObjectLi40EEERKNS0_14regular_bg_ptrERKNS0_4spanIKtEERKNS0_15regular_bg_itemERKNS0_10camera_ptrE
                0x08008e34      0x18c ground_ghoul.o
                0x08008e34                GroundGhoul::updateStateMachine(bn::vector<GameObject*, 40>&, bn::regular_bg_ptr const&, bn::span<unsigned short const> const&, bn::regular_bg_item const&, bn::camera_ptr const&)
 .text._ZN11GroundGhoulC2Ev
                0x08008fc0      0x35c ground_ghoul.o
                0x08008fc0                GroundGhoul::GroundGhoul()
                0x08008fc0                GroundGhoul::GroundGhoul()
 .text._ZN11GroundGhoul8setStateE11ObjectState
                0x0800931c      0x614 ground_ghoul.o
                0x0800931c                GroundGhoul::setState(ObjectState)
 .text._ZN11GroundGhoul12updateTimersEv
                0x08009930       0x28 ground_ghoul.o
                0x08009930                GroundGhoul::updateTimers()
 .text._ZN6Hitbox18updateStateMachineERN2bn6vectorIP10GameObjectLi40EEERKNS0_14regular_bg_ptrERKNS0_4spanIKtEERKNS0_15regular_bg_itemERKNS0_10camera_ptrE
                0x08009958       0x3c hitbox.o
                0x08009958                Hitbox::updateStateMachine(bn::vector<GameObject*, 40>&, bn::regular_bg_ptr const&, bn::span<unsigned short const> const&, bn::regular_bg_item const&, bn::camera_ptr const&)
 .text._ZN6Hitbox20resolveTileCollisionERKN2bn14regular_bg_ptrERKNS0_4spanIKtEERKNS0_15regular_bg_itemE
                0x08009994        0x4 hitbox.o
                0x08009994                Hitbox::resolveTileCollision(bn::regular_bg_ptr const&, bn::span<unsigned short const> const&, bn::regular_bg_item const&)
 .text._ZN6HitboxD2Ev
                0x08009998       0x18 hitbox.o
                0x08009998                Hitbox::~Hitbox()
                0x08009998                Hitbox::~Hitbox()
 .text._ZN6HitboxD0Ev
                0x080099b0       0x24 hitbox.o
                0x080099b0                Hitbox::~Hitbox()
 .text._ZN6Hitbox10applyHBHitER10GameObject.part.0
                0x080099d4      0x190 hitbox.o
 .text._ZN6Hitbox27resolveGroundGhoulCollisionER10GameObject
                0x08009b64       0x40 hitbox.o
                0x08009b64                Hitbox::resolveSmallVaseCollision(GameObject&)
                0x08009b64                Hitbox::resolveSmashBlockLargeCollision(GameObject&)
                0x08009b64                Hitbox::resolveSmashBlockZigguratLCollision(GameObject&)
                0x08009b64                Hitbox::resolveSmashBlockMiniCollision(GameObject&)
                0x08009b64                Hitbox::resolveSmashBlockZigguratRCollision(GameObject&)
                0x08009b64                Hitbox::resolveFinishSealCollision(GameObject&)
                0x08009b64                Hitbox::resolveLargeVaseCollision(GameObject&)
                0x08009b64                Hitbox::resolveGroundGhoulCollision(GameObject&)
                0x08009b64                Hitbox::resolveHPDropCollision(GameObject&)
                0x08009b64                Hitbox::resolveSmashBlockZigguratCCollision(GameObject&)
                0x08009b64                Hitbox::resolveHPTotemCollision(GameObject&)
 .text._ZN6Hitbox26resolveCheckpointCollisionER10GameObject
                0x08009ba4       0x60 hitbox.o
                0x08009ba4                Hitbox::resolveCheckpointCollision(GameObject&)
 .text._ZN6Hitbox26resolveBounceBellCollisionER10GameObject
                0x08009c04       0x48 hitbox.o
                0x08009c04                Hitbox::resolveAutoBounceBellCollision(GameObject&)
                0x08009c04                Hitbox::resolveBounceBellCollision(GameObject&)
 .text._ZN6Hitbox25resolvePushBlockCollisionER10GameObject
                0x08009c4c       0x34 hitbox.o
                0x08009c4c                Hitbox::resolveThornBarCollision(GameObject&)
                0x08009c4c                Hitbox::resolveThornColumnCollision(GameObject&)
                0x08009c4c                Hitbox::resolvePushBlockMiniCollision(GameObject&)
                0x08009c4c                Hitbox::resolvePushBlockCollision(GameObject&)
 .text._ZN6Hitbox6updateERK10RoomBoundsRN2bn6vectorIP10GameObjectLi40EEERKNS3_14regular_bg_ptrERKNS3_4spanIKtEERKNS3_15regular_bg_itemERKNS3_10camera_ptrE
                0x08009c80       0x94 hitbox.o
                0x08009c80                Hitbox::update(RoomBounds const&, bn::vector<GameObject*, 40>&, bn::regular_bg_ptr const&, bn::span<unsigned short const> const&, bn::regular_bg_item const&, bn::camera_ptr const&)
 .text._ZN6HitboxC2ERKS_
                0x08009d14       0xc8 hitbox.o
                0x08009d14                Hitbox::Hitbox(Hitbox const&)
                0x08009d14                Hitbox::Hitbox(Hitbox const&)
 .text._ZN6Hitbox12applyWallHitER10GameObject
                0x08009ddc      0x134 hitbox.o
                0x08009ddc                Hitbox::applyWallHit(GameObject&)
 .text._ZN6HitboxC2EN2bn5pointEiiiiiiNS0_7fixed_tILi12EEEiii10XDirection10YDirection10ObjectType19ScreenShakeSeverity
                0x08009f10      0x3c0 hitbox.o
                0x08009f10                Hitbox::Hitbox(bn::point, int, int, int, int, int, int, bn::fixed_t<12>, int, int, int, XDirection, YDirection, ObjectType, ScreenShakeSeverity)
                0x08009f10                Hitbox::Hitbox(bn::point, int, int, int, int, int, int, bn::fixed_t<12>, int, int, int, XDirection, YDirection, ObjectType, ScreenShakeSeverity)
 .text._ZN6HPDropD2Ev
                0x0800a2d0       0x18 hp_drop.o
                0x0800a2d0                HPDrop::~HPDrop()
                0x0800a2d0                HPDrop::~HPDrop()
 .text._ZN6HPDropD0Ev
                0x0800a2e8       0x24 hp_drop.o
                0x0800a2e8                HPDrop::~HPDrop()
 .text._ZN6HPDrop6updateERK10RoomBoundsRN2bn6vectorIP10GameObjectLi40EEERKNS3_14regular_bg_ptrERKNS3_4spanIKtEERKNS3_15regular_bg_itemERKNS3_10camera_ptrE
                0x0800a30c       0x8c hp_drop.o
                0x0800a30c                HPDrop::update(RoomBounds const&, bn::vector<GameObject*, 40>&, bn::regular_bg_ptr const&, bn::span<unsigned short const> const&, bn::regular_bg_item const&, bn::camera_ptr const&)
 .text._ZN6HPDrop27resolveTilePassageCollisionER10GameObject
                0x0800a398       0x88 hp_drop.o
                0x0800a398                HPDrop::resolveTilePassageCollision(GameObject&)
 .text._ZN6HPDrop35resolveFallingPlatformWideCollisionER10GameObject
                0x0800a420       0xa8 hp_drop.o
                0x0800a420                HPDrop::resolveFallingPlatformWideCollision(GameObject&)
                0x0800a420                HPDrop::resolveAutoPlatformCollision(GameObject&)
                0x0800a420                HPDrop::resolveFallingPlatformThinCollision(GameObject&)
 .text._ZN6HPDrop18updateStateMachineERN2bn6vectorIP10GameObjectLi40EEERKNS0_14regular_bg_ptrERKNS0_4spanIKtEERKNS0_15regular_bg_itemERKNS0_10camera_ptrE
                0x0800a4c8       0x64 hp_drop.o
                0x0800a4c8                HPDrop::updateStateMachine(bn::vector<GameObject*, 40>&, bn::regular_bg_ptr const&, bn::span<unsigned short const> const&, bn::regular_bg_item const&, bn::camera_ptr const&)
 .text._ZN6HPDrop25resolvePushBlockCollisionER10GameObject
                0x0800a52c       0xbc hp_drop.o
                0x0800a52c                HPDrop::resolveSmashBlockZigguratRCollision(GameObject&)
                0x0800a52c                HPDrop::resolveHPTotemCollision(GameObject&)
                0x0800a52c                HPDrop::resolvePushBlockCollision(GameObject&)
                0x0800a52c                HPDrop::resolvePushBlockMiniCollision(GameObject&)
                0x0800a52c                HPDrop::resolveSmashBlockZigguratCCollision(GameObject&)
                0x0800a52c                HPDrop::resolveSmashBlockMiniCollision(GameObject&)
                0x0800a52c                HPDrop::resolveSmashBlockZigguratLCollision(GameObject&)
                0x0800a52c                HPDrop::resolveSmashBlockLargeCollision(GameObject&)
 .text._ZN6HPDrop27resolveThornColumnCollisionER10GameObject
                0x0800a5e8       0x64 hp_drop.o
                0x0800a5e8                HPDrop::resolveThornBarCollision(GameObject&)
                0x0800a5e8                HPDrop::resolveGroundGhoulCollision(GameObject&)
                0x0800a5e8                HPDrop::resolveThornColumnCollision(GameObject&)
 .text._ZN6HPDrop25resolveLargeVaseCollisionER10GameObject
                0x0800a64c       0x58 hp_drop.o
                0x0800a64c                HPDrop::resolveSmallVaseCollision(GameObject&)
                0x0800a64c                HPDrop::resolveLargeVaseCollision(GameObject&)
 .text._ZN6HPDrop8setStateE11ObjectState
                0x0800a6a4      0x404 hp_drop.o
                0x0800a6a4                HPDrop::setState(ObjectState)
 .text._ZN6HPDropC2Ev
                0x0800aaa8      0x388 hp_drop.o
                0x0800aaa8                HPDrop::HPDrop()
                0x0800aaa8                HPDrop::HPDrop()
 .text._ZN7HPTotemD2Ev
                0x0800ae30       0x18 hp_totem.o
                0x0800ae30                HPTotem::~HPTotem()
                0x0800ae30                HPTotem::~HPTotem()
 .text._ZN7HPTotemD0Ev
                0x0800ae48       0x24 hp_totem.o
                0x0800ae48                HPTotem::~HPTotem()
 .text._ZN7HPTotem6updateERK10RoomBoundsRN2bn6vectorIP10GameObjectLi40EEERKNS3_14regular_bg_ptrERKNS3_4spanIKtEERKNS3_15regular_bg_itemERKNS3_10camera_ptrE
                0x0800ae6c       0x94 hp_totem.o
                0x0800ae6c                HPTotem::update(RoomBounds const&, bn::vector<GameObject*, 40>&, bn::regular_bg_ptr const&, bn::span<unsigned short const> const&, bn::regular_bg_item const&, bn::camera_ptr const&)
 .text._ZN7HPTotem18updateStateMachineERN2bn6vectorIP10GameObjectLi40EEERKNS0_14regular_bg_ptrERKNS0_4spanIKtEERKNS0_15regular_bg_itemERKNS0_10camera_ptrE
                0x0800af00       0x20 hp_totem.o
                0x0800af00                HPTotem::updateStateMachine(bn::vector<GameObject*, 40>&, bn::regular_bg_ptr const&, bn::span<unsigned short const> const&, bn::regular_bg_item const&, bn::camera_ptr const&)
 .text._ZN7HPTotemC2Ev
                0x0800af20      0x318 hp_totem.o
                0x0800af20                HPTotem::HPTotem()
                0x0800af20                HPTotem::HPTotem()
 .text._ZN7HPTotem8setStateE11ObjectState.part.0
                0x0800b238      0x284 hp_totem.o
 .text._ZN7HPTotem8setStateE11ObjectState
                0x0800b4bc       0x1c hp_totem.o
                0x0800b4bc                HPTotem::setState(ObjectState)
 .text._ZN9LargeVaseD2Ev
                0x0800b4d8       0x18 large_vase.o
                0x0800b4d8                LargeVase::~LargeVase()
                0x0800b4d8                LargeVase::~LargeVase()
 .text._ZN9LargeVaseD0Ev
                0x0800b4f0       0x24 large_vase.o
                0x0800b4f0                LargeVase::~LargeVase()
 .text._ZN9LargeVase6updateERK10RoomBoundsRN2bn6vectorIP10GameObjectLi40EEERKNS3_14regular_bg_ptrERKNS3_4spanIKtEERKNS3_15regular_bg_itemERKNS3_10camera_ptrE
                0x0800b514       0x94 large_vase.o
                0x0800b514                LargeVase::update(RoomBounds const&, bn::vector<GameObject*, 40>&, bn::regular_bg_ptr const&, bn::span<unsigned short const> const&, bn::regular_bg_item const&, bn::camera_ptr const&)
 .text._ZN9LargeVase18updateStateMachineERN2bn6vectorIP10GameObjectLi40EEERKNS0_14regular_bg_ptrERKNS0_4spanIKtEERKNS0_15regular_bg_itemERKNS0_10camera_ptrE
                0x0800b5a8       0x20 large_vase.o
                0x0800b5a8                LargeVase::updateStateMachine(bn::vector<GameObject*, 40>&, bn::regular_bg_ptr const&, bn::span<unsigned short const> const&, bn::regular_bg_item const&, bn::camera_ptr const&)
 .text._ZN9LargeVaseC2Ev
                0x0800b5c8      0x318 large_vase.o
                0x0800b5c8                LargeVase::LargeVase()
                0x0800b5c8                LargeVase::LargeVase()
 .text._ZN9LargeVase8setStateE11ObjectState.part.0
                0x0800b8e0      0x28c large_vase.o
 .text._ZN9LargeVase8setStateE11ObjectState
                0x0800bb6c       0x1c large_vase.o
                0x0800bb6c                LargeVase::setState(ObjectState)
 .text._ZN2bn13ostringstream11append_argsIiJA4_ciEEEvRKT_DpRKT0_.isra.0
                0x0800bb88       0x24 level.o
 .text._ZN5Level5clearEv
                0x0800bbac      0x3e8 level.o
                0x0800bbac                Level::clear()
 .text._ZN5Level14updateCurrencyEv
                0x0800bf94       0x3c level.o
                0x0800bf94                Level::updateCurrency()
 .text._ZN5Level16updateCheckpointEP10Checkpoint
                0x0800bfd0       0xa0 level.o
                0x0800bfd0                Level::updateCheckpoint(Checkpoint*)
 .text._ZN5Level17updateCheckpointsEv
                0x0800c070       0x48 level.o
                0x0800c070                Level::updateCheckpoints()
 .text._ZN5Level11drawObjectsEv
                0x0800c0b8       0x4c level.o
                0x0800c0b8                Level::drawObjects()
 .text._ZN5Level17storePlayerInputsEv
                0x0800c104       0xf0 level.o
                0x0800c104                Level::storePlayerInputs()
 .text._ZN3_bn6assert9show_argsIA30_cEEvPKcS4_S4_iRKT_
                0x0800c1f4       0x48 level.o
                0x0800c1f4                void _bn::assert::show_args<char [30]>(char const*, char const*, char const*, int, char const (&) [30])
 .text._ZN2bn8optionalINS_14regular_bg_ptrEE5valueEv.part.0
                0x0800c23c       0x28 level.o
 .text._ZN2bn8optionalINS_14regular_bg_ptrEEptEv.part.0
                0x0800c264       0x28 level.o
 .text._ZN5Level15updatePaintedBGEv
                0x0800c28c       0x98 level.o
                0x0800c28c                Level::updatePaintedBG()
 .text._ZN5Level17removeObjectCellsEv
                0x0800c324      0x124 level.o
                0x0800c324                Level::removeObjectCells()
 .text._ZN5Level19populateObjectCellsEv
                0x0800c448      0x1e4 level.o
                0x0800c448                Level::populateObjectCells()
 .text._ZN5Level13updateBGFlashEv
                0x0800c62c       0xb4 level.o
                0x0800c62c                Level::updateBGFlash()
 .text._ZN5Level17togglePauseScreenEv
                0x0800c6e0      0x238 level.o
                0x0800c6e0                Level::togglePauseScreen()
 .text._ZN5Level13updateObjectsEv
                0x0800c918      0x120 level.o
                0x0800c918                Level::updateObjects()
 .text._ZN5Level10updateFadeEv
                0x0800ca38      0x760 level.o
                0x0800ca38                Level::updateFade()
 .text._ZN5Level14updateNameCardEv
                0x0800d198      0x1b8 level.o
                0x0800d198                Level::updateNameCard()
 .text._ZN3_bn6assert9show_argsIJA23_ciA4_ciEEEvPKcS5_S5_iDpRKT_
                0x0800d350       0x58 level.o
                0x0800d350                void _bn::assert::show_args<char [23], int, char [4], int>(char const*, char const*, char const*, int, char const (&) [23], int const&, char const (&) [4], int const&)
 .text._ZN5Level17updatePauseScreenEv
                0x0800d3a8      0x350 level.o
                0x0800d3a8                Level::updatePauseScreen()
 .text._ZN5Level17updateTitleScreenEv
                0x0800d6f8      0x3c0 level.o
                0x0800d6f8                Level::updateTitleScreen()
 .text._ZN5Level4loadE9LevelName.part.0
                0x0800dab8     0x1dc4 level.o
 .text._ZN5LevelC2E9LevelName
                0x0800f87c      0x1ac level.o
                0x0800f87c                Level::Level(LevelName)
                0x0800f87c                Level::Level(LevelName)
 .text._ZN5Level9updateHUDEv
                0x0800fa28      0xedc level.o
                0x0800fa28                Level::updateHUD()
 .text._ZN5Level12updateCameraEv
                0x08010904      0x398 level.o
                0x08010904                Level::updateCamera()
 .text._ZN5Level4loadEv.part.0
                0x08010c9c     0x1d44 level.o
 .text._ZN5Level13reloadOnDeathEv
                0x080129e0       0xb8 level.o
                0x080129e0                Level::reloadOnDeath()
 .text._ZN3_bn6assert9show_argsIA16_cEEvPKcS4_S4_iRKT_
                0x08012a98       0x48 level.o
                0x08012a98                void _bn::assert::show_args<char [16]>(char const*, char const*, char const*, int, char const (&) [16])
 .text._ZN5Level11freeObjectsEv
                0x08012ae0      0x130 level.o
                0x08012ae0                Level::freeObjects()
 .text._ZN5Level14transitionRoomEv
                0x08012c10      0x3e4 level.o
                0x08012c10                Level::transitionRoom()
 .text._ZN5Level9updateAllEv
                0x08012ff4       0x6c level.o
                0x08012ff4                Level::updateAll()
 .text._ZN5Level19updateLevelCompleteEv
                0x08013060       0xa0 level.o
                0x08013060                Level::updateLevelComplete()
 .text._ZN5Level6updateEv
                0x08013100       0xe8 level.o
                0x08013100                Level::update()
 .text.startup.main
                0x080131e8       0x24 main.o
                0x080131e8                main
 .text._ZN8MoonDropD2Ev
                0x0801320c       0x18 moon_drop.o
                0x0801320c                MoonDrop::~MoonDrop()
                0x0801320c                MoonDrop::~MoonDrop()
 .text._ZN8MoonDropD0Ev
                0x08013224       0x24 moon_drop.o
                0x08013224                MoonDrop::~MoonDrop()
 .text._ZN8MoonDrop6updateERK10RoomBoundsRN2bn6vectorIP10GameObjectLi40EEERKNS3_14regular_bg_ptrERKNS3_4spanIKtEERKNS3_15regular_bg_itemERKNS3_10camera_ptrE
                0x08013248       0x8c moon_drop.o
                0x08013248                MoonDrop::update(RoomBounds const&, bn::vector<GameObject*, 40>&, bn::regular_bg_ptr const&, bn::span<unsigned short const> const&, bn::regular_bg_item const&, bn::camera_ptr const&)
 .text._ZN8MoonDrop27resolveTilePassageCollisionER10GameObject
                0x080132d4       0xac moon_drop.o
                0x080132d4                MoonDrop::resolveTilePassageCollision(GameObject&)
 .text._ZN8MoonDrop21resolveSpikeCollisionERK8Collider
                0x08013380       0x78 moon_drop.o
                0x08013380                MoonDrop::resolveSpikeCollision(Collider const&)
 .text._ZN8MoonDrop25resolvePushBlockCollisionER10GameObject
                0x080133f8       0xa8 moon_drop.o
                0x080133f8                MoonDrop::resolvePushBlockCollision(GameObject&)
                0x080133f8                MoonDrop::resolveHPTotemCollision(GameObject&)
                0x080133f8                MoonDrop::resolveSmashBlockLargeCollision(GameObject&)
                0x080133f8                MoonDrop::resolveSmashBlockZigguratLCollision(GameObject&)
                0x080133f8                MoonDrop::resolveSmashBlockMiniCollision(GameObject&)
                0x080133f8                MoonDrop::resolveSmashBlockZigguratRCollision(GameObject&)
                0x080133f8                MoonDrop::resolvePushBlockMiniCollision(GameObject&)
                0x080133f8                MoonDrop::resolveSmashBlockZigguratCCollision(GameObject&)
 .text._ZN8MoonDrop35resolveFallingPlatformWideCollisionER10GameObject
                0x080134a0       0xa8 moon_drop.o
                0x080134a0                MoonDrop::resolveFallingPlatformThinCollision(GameObject&)
                0x080134a0                MoonDrop::resolveAutoPlatformCollision(GameObject&)
                0x080134a0                MoonDrop::resolveFallingPlatformWideCollision(GameObject&)
 .text._ZN8MoonDrop18updateStateMachineERN2bn6vectorIP10GameObjectLi40EEERKNS0_14regular_bg_ptrERKNS0_4spanIKtEERKNS0_15regular_bg_itemERKNS0_10camera_ptrE
                0x08013548       0x64 moon_drop.o
                0x08013548                MoonDrop::updateStateMachine(bn::vector<GameObject*, 40>&, bn::regular_bg_ptr const&, bn::span<unsigned short const> const&, bn::regular_bg_item const&, bn::camera_ptr const&)
 .text._ZN8MoonDrop8setStateE11ObjectState
                0x080135ac      0x424 moon_drop.o
                0x080135ac                MoonDrop::setState(ObjectState)
 .text._ZN8MoonDropC2Ev
                0x080139d0      0x3b4 moon_drop.o
                0x080139d0                MoonDrop::MoonDrop()
                0x080139d0                MoonDrop::MoonDrop()
 .text._ZN8PhaseOrb18updateStateMachineERN2bn6vectorIP10GameObjectLi40EEERKNS0_14regular_bg_ptrERKNS0_4spanIKtEERKNS0_15regular_bg_itemERKNS0_10camera_ptrE
                0x08013d84       0x18 phase_orb.o
                0x08013d84                PhaseOrb::updateStateMachine(bn::vector<GameObject*, 40>&, bn::regular_bg_ptr const&, bn::span<unsigned short const> const&, bn::regular_bg_item const&, bn::camera_ptr const&)
 .text._ZN8PhaseOrb16resolveCollisionERN2bn6vectorIP10GameObjectLi40EEERKNS0_14regular_bg_ptrERKNS0_4spanIKtEERKNS0_15regular_bg_itemE
                0x08013d9c        0x4 phase_orb.o
                0x08013d9c                PhaseOrb::resolveCollision(bn::vector<GameObject*, 40>&, bn::regular_bg_ptr const&, bn::span<unsigned short const> const&, bn::regular_bg_item const&)
 .text._ZN13PhaseOrbRight14setDestinationEv
                0x08013da0       0x28 phase_orb.o
                0x08013da0                PhaseOrbRight::setDestination()
 .text._ZN12PhaseOrbLeft14setDestinationEv
                0x08013dc8       0x28 phase_orb.o
                0x08013dc8                PhaseOrbLeft::setDestination()
 .text._ZN12PhaseOrbDown14setDestinationEv
                0x08013df0       0x2c phase_orb.o
                0x08013df0                PhaseOrbDown::setDestination()
 .text._ZN10PhaseOrbUp14setDestinationEv
                0x08013e1c       0x2c phase_orb.o
                0x08013e1c                PhaseOrbUp::setDestination()
 .text._ZN10PhaseOrbUpD2Ev
                0x08013e48       0x18 phase_orb.o
                0x08013e48                PhaseOrbUp::~PhaseOrbUp()
                0x08013e48                PhaseOrbUp::~PhaseOrbUp()
 .text._ZN12PhaseOrbDownD2Ev
                0x08013e60       0x18 phase_orb.o
                0x08013e60                PhaseOrbDown::~PhaseOrbDown()
                0x08013e60                PhaseOrbDown::~PhaseOrbDown()
 .text._ZN12PhaseOrbLeftD2Ev
                0x08013e78       0x18 phase_orb.o
                0x08013e78                PhaseOrbLeft::~PhaseOrbLeft()
                0x08013e78                PhaseOrbLeft::~PhaseOrbLeft()
 .text._ZN13PhaseOrbRightD2Ev
                0x08013e90       0x18 phase_orb.o
                0x08013e90                PhaseOrbRight::~PhaseOrbRight()
                0x08013e90                PhaseOrbRight::~PhaseOrbRight()
 .text._ZN10PhaseOrbUpD0Ev
                0x08013ea8       0x24 phase_orb.o
                0x08013ea8                PhaseOrbUp::~PhaseOrbUp()
 .text._ZN12PhaseOrbDownD0Ev
                0x08013ecc       0x24 phase_orb.o
                0x08013ecc                PhaseOrbDown::~PhaseOrbDown()
 .text._ZN12PhaseOrbLeftD0Ev
                0x08013ef0       0x24 phase_orb.o
                0x08013ef0                PhaseOrbLeft::~PhaseOrbLeft()
 .text._ZN13PhaseOrbRightD0Ev
                0x08013f14       0x24 phase_orb.o
                0x08013f14                PhaseOrbRight::~PhaseOrbRight()
 .text._ZN8PhaseOrbC2Ev
                0x08013f38       0x90 phase_orb.o
                0x08013f38                PhaseOrb::PhaseOrb()
                0x08013f38                PhaseOrb::PhaseOrb()
 .text._ZN12PhaseOrbLeftC2Ev
                0x08013fc8      0x2a8 phase_orb.o
                0x08013fc8                PhaseOrbLeft::PhaseOrbLeft()
                0x08013fc8                PhaseOrbLeft::PhaseOrbLeft()
 .text._ZN13PhaseOrbRightC2Ev
                0x08014270      0x2a8 phase_orb.o
                0x08014270                PhaseOrbRight::PhaseOrbRight()
                0x08014270                PhaseOrbRight::PhaseOrbRight()
 .text._ZN10PhaseOrbUpC2Ev
                0x08014518      0x2a8 phase_orb.o
                0x08014518                PhaseOrbUp::PhaseOrbUp()
                0x08014518                PhaseOrbUp::PhaseOrbUp()
 .text._ZN12PhaseOrbDownC2Ev
                0x080147c0      0x2a8 phase_orb.o
                0x080147c0                PhaseOrbDown::PhaseOrbDown()
                0x080147c0                PhaseOrbDown::PhaseOrbDown()
 .text._ZN5ForceC2EN2bn13fixed_point_tILi12EEENS0_7fixed_tILi12EEE
                0x08014a68       0x24 physics.o
                0x08014a68                Force::Force(bn::fixed_point_t<12>, bn::fixed_t<12>)
                0x08014a68                Force::Force(bn::fixed_point_t<12>, bn::fixed_t<12>)
 .text._ZN5Force6updateEv
                0x08014a8c       0x68 physics.o
                0x08014a8c                Force::update()
 .text._ZN5Force1xEv
                0x08014af4       0x10 physics.o
                0x08014af4                Force::x()
 .text._ZN5Force1yEv
                0x08014b04       0x10 physics.o
                0x08014b04                Force::y()
 .text._ZN9RigidBodyC2Ev
                0x08014b14       0x20 physics.o
                0x08014b14                RigidBody::RigidBody()
                0x08014b14                RigidBody::RigidBody()
 .text._ZN9RigidBodyD2Ev
                0x08014b34        0x4 physics.o
                0x08014b34                RigidBody::~RigidBody()
                0x08014b34                RigidBody::~RigidBody()
 .text._ZN9RigidBodyaSERKS_
                0x08014b38       0x64 physics.o
                0x08014b38                RigidBody::operator=(RigidBody const&)
 .text._ZN9RigidBody12removeForcesEv
                0x08014b9c        0x8 physics.o
                0x08014b9c                RigidBody::removeForces()
 .text._ZN9RigidBody13removeXForcesEv
                0x08014ba4       0x20 physics.o
                0x08014ba4                RigidBody::removeXForces()
 .text._ZN9RigidBody13removeYForcesEv
                0x08014bc4       0x20 physics.o
                0x08014bc4                RigidBody::removeYForces()
 .text._ZN3_bn6assert9show_argsIA17_cEEvPKcS4_S4_iRKT_
                0x08014be4       0x48 physics.o
                0x08014be4                void _bn::assert::show_args<char [17]>(char const*, char const*, char const*, int, char const (&) [17])
 .text._ZN9RigidBody10applyDecayEv
                0x08014c2c       0xc4 physics.o
                0x08014c2c                RigidBody::applyDecay()
 .text._ZN3_bn6assert9show_argsIA15_cEEvPKcS4_S4_iRKT_
                0x08014cf0       0x48 physics.o
                0x08014cf0                void _bn::assert::show_args<char [15]>(char const*, char const*, char const*, int, char const (&) [15])
 .text._ZN9RigidBody8addForceERK5Force
                0x08014d38       0x30 physics.o
                0x08014d38                RigidBody::addForce(Force const&)
 .text._ZN6Player11setHitFlashEv
                0x08014d68       0x38 player.o
                0x08014d68                Player::setHitFlash()
 .text._ZN6Player11setHitFlashEi
                0x08014da0       0x3c player.o
                0x08014da0                Player::setHitFlash(int)
 .text._ZN6PlayerD2Ev
                0x08014ddc      0x1a0 player.o
                0x08014ddc                Player::~Player()
                0x08014ddc                Player::~Player()
 .text._ZN6PlayerD0Ev
                0x08014f7c       0x1c player.o
                0x08014f7c                Player::~Player()
 .text._ZN6Player27resolveTilePassageCollisionER10GameObject
                0x08014f98       0xe8 player.o
                0x08014f98                Player::resolveTilePassageCollision(GameObject&)
 .text._ZN6Player25resolvePushBlockCollisionER10GameObject
                0x08015080       0xa0 player.o
                0x08015080                Player::resolvePushBlockCollision(GameObject&)
                0x08015080                Player::resolvePushBlockMiniCollision(GameObject&)
 .text._ZN6Player24resolveThornBarCollisionER10GameObject
                0x08015120       0x9c player.o
                0x08015120                Player::resolveThornBarCollision(GameObject&)
 .text._ZN6Player27resolveOneWayBlockCollisionERK8Collider
                0x080151bc       0xbc player.o
                0x080151bc                Player::resolveOneWayBlockCollision(Collider const&)
 .text._ZN6Player27resolveThornColumnCollisionER10GameObject
                0x08015278       0x84 player.o
                0x08015278                Player::resolveThornColumnCollision(GameObject&)
 .text._ZN6Player20resolveTileCollisionERKN2bn14regular_bg_ptrERKNS0_4spanIKtEERKNS0_15regular_bg_itemE
                0x080152fc      0x3e8 player.o
                0x080152fc                Player::resolveTileCollision(bn::regular_bg_ptr const&, bn::span<unsigned short const> const&, bn::regular_bg_item const&)
 .text._ZN6Player21resolveYAxisCollisionERK8Collider
                0x080156e4       0x54 player.o
                0x080156e4                Player::resolveYAxisCollision(Collider const&)
 .text._ZN6Player11updateStateERN2bn6vectorIP10GameObjectLi40EEERKNS0_14regular_bg_ptrERKNS0_4spanIKtEERKNS0_15regular_bg_itemE
                0x08015738       0x78 player.o
                0x08015738                Player::updateState(bn::vector<GameObject*, 40>&, bn::regular_bg_ptr const&, bn::span<unsigned short const> const&, bn::regular_bg_item const&)
 .text._ZN6Player24resolveMoonDropCollisionER10GameObject
                0x080157b0       0x78 player.o
                0x080157b0                Player::resolveMoonDropCollision(GameObject&)
 .text._ZN6Player25resolveSkullDropCollisionER10GameObject
                0x08015828       0x78 player.o
                0x08015828                Player::resolveSkullDropCollision(GameObject&)
                0x08015828                Player::resolveStarDropCollision(GameObject&)
 .text._ZN6Player25resolveClimbableCollisionERK8Collider
                0x080158a0       0x68 player.o
                0x080158a0                Player::resolveClimbableCollision(Collider const&)
 .text._ZN6Player26resolvePhaseOrbUpCollisionER10GameObject
                0x08015908       0x6c player.o
                0x08015908                Player::resolvePhaseOrbUpCollision(GameObject&)
 .text._ZN6Player28resolvePhaseOrbDownCollisionER10GameObject
                0x08015974       0x6c player.o
                0x08015974                Player::resolvePhaseOrbDownCollision(GameObject&)
 .text._ZN6Player28resolvePhaseOrbLeftCollisionER10GameObject
                0x080159e0       0x6c player.o
                0x080159e0                Player::resolvePhaseOrbLeftCollision(GameObject&)
 .text._ZN6Player29resolvePhaseOrbRightCollisionER10GameObject
                0x08015a4c       0x6c player.o
                0x08015a4c                Player::resolvePhaseOrbRightCollision(GameObject&)
 .text._ZN6Player22resolveHPDropCollisionER10GameObject
                0x08015ab8       0x8c player.o
                0x08015ab8                Player::resolveHPDropCollision(GameObject&)
 .text._ZN6Player27resolveGroundGhoulCollisionER10GameObject
                0x08015b44       0x68 player.o
                0x08015b44                Player::resolveGroundGhoulCollision(GameObject&)
 .text._ZN6Player25resolveHardBlockCollisionERK8Collider
                0x08015bac       0x70 player.o
                0x08015bac                Player::resolveHardBlockCollision(Collider const&)
 .text._ZN6Player23resolveHPTotemCollisionER10GameObject
                0x08015c1c       0xa8 player.o
                0x08015c1c                Player::resolveFinishSealCollision(GameObject&)
                0x08015c1c                Player::resolveHPTotemCollision(GameObject&)
 .text._ZN6Player35resolveFallingPlatformWideCollisionER10GameObject
                0x08015cc4       0xe4 player.o
                0x08015cc4                Player::resolveFallingPlatformWideCollision(GameObject&)
 .text._ZN6Player35resolveFallingPlatformThinCollisionER10GameObject
                0x08015da8       0xe4 player.o
                0x08015da8                Player::resolveFallingPlatformThinCollision(GameObject&)
 .text._ZN6Player28resolveAutoPlatformCollisionER10GameObject
                0x08015e8c       0xa8 player.o
                0x08015e8c                Player::resolveAutoPlatformCollision(GameObject&)
 .text._ZN6Player8applyHitEiii
                0x08015f34       0xe0 player.o
                0x08015f34                Player::applyHit(int, int, int)
 .text._ZN6PlayerC2ERKS_
                0x08016014      0x48c player.o
                0x08016014                Player::Player(Player const&)
                0x08016014                Player::Player(Player const&)
 .text._ZN6Player13resetHitboxesEv
                0x080164a0       0x5c player.o
                0x080164a0                Player::resetHitboxes()
 .text._ZN2bn8optionalINS_10sprite_ptrEEptEv.part.0
                0x080164fc       0x28 player.o
 .text._ZN6Player14updateHitFlashEv
                0x08016524       0xac player.o
                0x08016524                Player::updateHitFlash()
 .text._ZN6Player31resolveSmashBlockLargeCollisionER10GameObject
                0x080165d0      0x11c player.o
                0x080165d0                Player::resolveSmashBlockLargeCollision(GameObject&)
                0x080165d0                Player::resolveSmashBlockZigguratRCollision(GameObject&)
                0x080165d0                Player::resolveSmashBlockZigguratLCollision(GameObject&)
                0x080165d0                Player::resolveSmashBlockMiniCollision(GameObject&)
                0x080165d0                Player::resolveSmashBlockZigguratCCollision(GameObject&)
 .text._ZN6Player12updateTimersEv
                0x080166ec      0x184 player.o
                0x080166ec                Player::updateTimers()
 .text._ZN6Player14drawSpinEffectEv
                0x08016870      0x2f4 player.o
                0x08016870                Player::drawSpinEffect()
 .text._ZN6Player4drawEv
                0x08016b64      0x198 player.o
                0x08016b64                Player::draw()
 .text._ZN6Player4jumpEv
                0x08016cfc      0x254 player.o
                0x08016cfc                Player::jump()
 .text._ZN6Player8bellJumpEv
                0x08016f50      0x2c0 player.o
                0x08016f50                Player::bellJump()
 .text._ZN6Player14updateHitboxesERK10RoomBoundsRN2bn6vectorIP10GameObjectLi40EEERKNS3_14regular_bg_ptrERKNS3_4spanIKtEERKNS3_15regular_bg_itemERKNS3_10camera_ptrE
                0x08017210      0x258 player.o
                0x08017210                Player::updateHitboxes(RoomBounds const&, bn::vector<GameObject*, 40>&, bn::regular_bg_ptr const&, bn::span<unsigned short const> const&, bn::regular_bg_item const&, bn::camera_ptr const&)
 .text._ZN6PlayerC2Ev
                0x08017468      0x664 player.o
                0x08017468                Player::Player()
                0x08017468                Player::Player()
 .text._ZN6Player8setStateE11ObjectState
                0x08017acc      0xa38 player.o
                0x08017acc                Player::setState(ObjectState)
 .text._ZN6Player23createSpinAttack1HitboxERN2bn6vectorIP10GameObjectLi40EEERKNS0_10camera_ptrE.part.0
                0x08018504       0xc8 player.o
 .text._ZN6Player23createSpinAttack2HitboxERN2bn6vectorIP10GameObjectLi40EEERKNS0_10camera_ptrE.part.0
                0x080185cc       0xc8 player.o
 .text._ZN6Player18updateStateMachineERN2bn6vectorIP10GameObjectLi40EEERKNS0_14regular_bg_ptrERKNS0_4spanIKtEERKNS0_15regular_bg_itemERKNS0_10camera_ptrE
                0x08018694     0x10e4 player.o
                0x08018694                Player::updateStateMachine(bn::vector<GameObject*, 40>&, bn::regular_bg_ptr const&, bn::span<unsigned short const> const&, bn::regular_bg_item const&, bn::camera_ptr const&)
 .text._ZN6Player9setCameraERKN2bn10camera_ptrE
                0x08019778       0x94 player.o
                0x08019778                Player::setCamera(bn::camera_ptr const&)
 .text._ZN6Player11hideSpritesEv
                0x0801980c       0x90 player.o
                0x0801980c                Player::hideSprites()
 .text._ZN6Player13revealSpritesEv
                0x0801989c       0x5c player.o
                0x0801989c                Player::revealSprites()
 .text._ZN4PropD2Ev
                0x080198f8       0x18 prop.o
                0x080198f8                Prop::~Prop()
                0x080198f8                Prop::~Prop()
 .text._ZN4PropD0Ev
                0x08019910       0x24 prop.o
                0x08019910                Prop::~Prop()
 .text._ZN4Prop6updateERK10RoomBoundsRN2bn6vectorIP10GameObjectLi40EEERKNS3_14regular_bg_ptrERKNS3_4spanIKtEERKNS3_15regular_bg_itemERKNS3_10camera_ptrE
                0x08019934       0x10 prop.o
                0x08019934                Prop::update(RoomBounds const&, bn::vector<GameObject*, 40>&, bn::regular_bg_ptr const&, bn::span<unsigned short const> const&, bn::regular_bg_item const&, bn::camera_ptr const&)
 .text._ZN4PropC2Ev
                0x08019944       0x30 prop.o
                0x08019944                Prop::Prop()
                0x08019944                Prop::Prop()
 .text._ZN9PushBlock11checkIfDeadEv
                0x08019974        0x4 push_block.o
                0x08019974                PushBlock::checkIfDead()
                0x08019974                PushBlock::updateSpriteDirection()
 .text._ZN9PushBlockD2Ev
                0x08019978       0x18 push_block.o
                0x08019978                PushBlock::~PushBlock()
                0x08019978                PushBlock::~PushBlock()
 .text._ZN9PushBlockD0Ev
                0x08019990       0x24 push_block.o
                0x08019990                PushBlock::~PushBlock()
 .text._ZN9PushBlock11updateStateERN2bn6vectorIP10GameObjectLi40EEERKNS0_14regular_bg_ptrERKNS0_4spanIKtEERKNS0_15regular_bg_itemE
                0x080199b4       0xac push_block.o
                0x080199b4                PushBlock::updateState(bn::vector<GameObject*, 40>&, bn::regular_bg_ptr const&, bn::span<unsigned short const> const&, bn::regular_bg_item const&)
 .text._ZN9PushBlock11setHitFlashEv
                0x08019a60       0x38 push_block.o
                0x08019a60                PushBlock::setHitFlash()
 .text._ZN9PushBlock11setHitFlashEi
                0x08019a98       0x3c push_block.o
                0x08019a98                PushBlock::setHitFlash(int)
 .text._ZN9PushBlock18updateStateMachineERN2bn6vectorIP10GameObjectLi40EEERKNS0_14regular_bg_ptrERKNS0_4spanIKtEERKNS0_15regular_bg_itemERKNS0_10camera_ptrE
                0x08019ad4       0x64 push_block.o
                0x08019ad4                PushBlock::updateStateMachine(bn::vector<GameObject*, 40>&, bn::regular_bg_ptr const&, bn::span<unsigned short const> const&, bn::regular_bg_item const&, bn::camera_ptr const&)
 .text._ZN9PushBlock20resolveTileCollisionERKN2bn14regular_bg_ptrERKNS0_4spanIKtEERKNS0_15regular_bg_itemE
                0x08019b38      0x4e0 push_block.o
                0x08019b38                PushBlock::resolveTileCollision(bn::regular_bg_ptr const&, bn::span<unsigned short const> const&, bn::regular_bg_item const&)
 .text._ZN9PushBlock35resolveFallingPlatformWideCollisionER10GameObject
                0x0801a018       0xa8 push_block.o
                0x0801a018                PushBlock::resolveFallingPlatformThinCollision(GameObject&)
                0x0801a018                PushBlock::resolveFallingPlatformWideCollision(GameObject&)
 .text._ZN9PushBlock24resolveVGearTopCollisionERK8Collider
                0x0801a0c0       0x70 push_block.o
                0x0801a0c0                PushBlock::resolveVGearTopCollision(Collider const&)
 .text._ZN9PushBlock31resolveSmashBlockLargeCollisionER10GameObject
                0x0801a130       0x50 push_block.o
                0x0801a130                PushBlock::resolveSmashBlockZigguratRCollision(GameObject&)
                0x0801a130                PushBlock::resolveSmashBlockMiniCollision(GameObject&)
                0x0801a130                PushBlock::resolveSmashBlockZigguratCCollision(GameObject&)
                0x0801a130                PushBlock::resolveSmallVaseCollision(GameObject&)
                0x0801a130                PushBlock::resolveSmashBlockZigguratLCollision(GameObject&)
                0x0801a130                PushBlock::resolveSmashBlockLargeCollision(GameObject&)
                0x0801a130                PushBlock::resolveLargeVaseCollision(GameObject&)
 .text._ZN9PushBlock27resolveGroundGhoulCollisionER10GameObject
                0x0801a180       0xf4 push_block.o
                0x0801a180                PushBlock::resolveGroundGhoulCollision(GameObject&)
 .text._ZN9PushBlock25resolveHGearLeftCollisionERK8Collider
                0x0801a274       0xcc push_block.o
                0x0801a274                PushBlock::resolveHGearLeftCollision(Collider const&)
 .text._ZN9PushBlock24resolveHGearMidCollisionERK8Collider
                0x0801a340       0x80 push_block.o
                0x0801a340                PushBlock::resolveHGearMidCollision(Collider const&)
 .text._ZN9PushBlock26resolveHGearRightCollisionERK8Collider
                0x0801a3c0       0xcc push_block.o
                0x0801a3c0                PushBlock::resolveHGearRightCollision(Collider const&)
 .text._ZN9PushBlock22resolvePlayerCollisionER10GameObject
                0x0801a48c      0x1c8 push_block.o
                0x0801a48c                PushBlock::resolvePlayerCollision(GameObject&)
 .text._ZN9PushBlock24resolveVGearMidCollisionERK8Collider
                0x0801a654       0x64 push_block.o
                0x0801a654                PushBlock::resolveVGearMidCollision(Collider const&)
 .text._ZN9PushBlock27resolveVGearBottomCollisionERK8Collider
                0x0801a6b8       0xa0 push_block.o
                0x0801a6b8                PushBlock::resolveVGearBottomCollision(Collider const&)
 .text._ZN9PushBlock14updateHitFlashEv
                0x0801a758       0xd8 push_block.o
                0x0801a758                PushBlock::updateHitFlash()
 .text._ZN9PushBlockC2Ev
                0x0801a830      0x358 push_block.o
                0x0801a830                PushBlock::PushBlock()
                0x0801a830                PushBlock::PushBlock()
 .text._ZN9PushBlock8setStateE11ObjectState
                0x0801ab88      0x3b0 push_block.o
                0x0801ab88                PushBlock::setState(ObjectState)
 .text._ZN9PushBlock13updatePhysicsEv
                0x0801af38       0x2c push_block.o
                0x0801af38                PushBlock::updatePhysics()
 .text._ZN9PushBlock12updateTimersEv
                0x0801af64       0x4c push_block.o
                0x0801af64                PushBlock::updateTimers()
 .text._ZN9PushBlock21resolveXAxisCollisionERK8Collider
                0x0801afb0       0x4c push_block.o
                0x0801afb0                PushBlock::resolveXAxisCollision(Collider const&)
 .text._ZN9PushBlock21resolveYAxisCollisionERK8Collider
                0x0801affc       0x48 push_block.o
                0x0801affc                PushBlock::resolveYAxisCollision(Collider const&)
 .text._ZN13PushBlockMini11checkIfDeadEv
                0x0801b044        0x4 push_block_mini.o
                0x0801b044                PushBlockMini::updateSpriteDirection()
                0x0801b044                PushBlockMini::checkIfDead()
 .text._ZN13PushBlockMiniD2Ev
                0x0801b048       0x18 push_block_mini.o
                0x0801b048                PushBlockMini::~PushBlockMini()
                0x0801b048                PushBlockMini::~PushBlockMini()
 .text._ZN13PushBlockMiniD0Ev
                0x0801b060       0x24 push_block_mini.o
                0x0801b060                PushBlockMini::~PushBlockMini()
 .text._ZN13PushBlockMini11updateStateERN2bn6vectorIP10GameObjectLi40EEERKNS0_14regular_bg_ptrERKNS0_4spanIKtEERKNS0_15regular_bg_itemE
                0x0801b084       0x98 push_block_mini.o
                0x0801b084                PushBlockMini::updateState(bn::vector<GameObject*, 40>&, bn::regular_bg_ptr const&, bn::span<unsigned short const> const&, bn::regular_bg_item const&)
 .text._ZN13PushBlockMini11setHitFlashEv
                0x0801b11c       0x38 push_block_mini.o
                0x0801b11c                PushBlockMini::setHitFlash()
 .text._ZN13PushBlockMini11setHitFlashEi
                0x0801b154       0x3c push_block_mini.o
                0x0801b154                PushBlockMini::setHitFlash(int)
 .text._ZN13PushBlockMini18updateStateMachineERN2bn6vectorIP10GameObjectLi40EEERKNS0_14regular_bg_ptrERKNS0_4spanIKtEERKNS0_15regular_bg_itemERKNS0_10camera_ptrE
                0x0801b190       0x64 push_block_mini.o
                0x0801b190                PushBlockMini::updateStateMachine(bn::vector<GameObject*, 40>&, bn::regular_bg_ptr const&, bn::span<unsigned short const> const&, bn::regular_bg_item const&, bn::camera_ptr const&)
 .text._ZN13PushBlockMini20resolveTileCollisionERKN2bn14regular_bg_ptrERKNS0_4spanIKtEERKNS0_15regular_bg_itemE
                0x0801b1f4      0x4b8 push_block_mini.o
                0x0801b1f4                PushBlockMini::resolveTileCollision(bn::regular_bg_ptr const&, bn::span<unsigned short const> const&, bn::regular_bg_item const&)
 .text._ZN13PushBlockMini35resolveFallingPlatformWideCollisionER10GameObject
                0x0801b6ac       0xa8 push_block_mini.o
                0x0801b6ac                PushBlockMini::resolveFallingPlatformThinCollision(GameObject&)
                0x0801b6ac                PushBlockMini::resolveFallingPlatformWideCollision(GameObject&)
 .text._ZN13PushBlockMini31resolveSmashBlockLargeCollisionER10GameObject
                0x0801b754       0x50 push_block_mini.o
                0x0801b754                PushBlockMini::resolveSmashBlockZigguratCCollision(GameObject&)
                0x0801b754                PushBlockMini::resolveSmashBlockMiniCollision(GameObject&)
                0x0801b754                PushBlockMini::resolveSmashBlockLargeCollision(GameObject&)
                0x0801b754                PushBlockMini::resolveLargeVaseCollision(GameObject&)
                0x0801b754                PushBlockMini::resolveSmashBlockZigguratLCollision(GameObject&)
                0x0801b754                PushBlockMini::resolveSmashBlockZigguratRCollision(GameObject&)
                0x0801b754                PushBlockMini::resolveSmallVaseCollision(GameObject&)
 .text._ZN13PushBlockMini27resolveGroundGhoulCollisionER10GameObject
                0x0801b7a4       0xf4 push_block_mini.o
                0x0801b7a4                PushBlockMini::resolveGroundGhoulCollision(GameObject&)
 .text._ZN13PushBlockMini22resolvePlayerCollisionER10GameObject
                0x0801b898      0x1c8 push_block_mini.o
                0x0801b898                PushBlockMini::resolvePlayerCollision(GameObject&)
 .text._ZN13PushBlockMini14updateHitFlashEv
                0x0801ba60       0xd8 push_block_mini.o
                0x0801ba60                PushBlockMini::updateHitFlash()
 .text._ZN13PushBlockMiniC2Ev
                0x0801bb38      0x358 push_block_mini.o
                0x0801bb38                PushBlockMini::PushBlockMini()
                0x0801bb38                PushBlockMini::PushBlockMini()
 .text._ZN13PushBlockMini8setStateE11ObjectState
                0x0801be90      0x390 push_block_mini.o
                0x0801be90                PushBlockMini::setState(ObjectState)
 .text._ZN13PushBlockMini13updatePhysicsEv
                0x0801c220       0x2c push_block_mini.o
                0x0801c220                PushBlockMini::updatePhysics()
 .text._ZN13PushBlockMini12updateTimersEv
                0x0801c24c       0x4c push_block_mini.o
                0x0801c24c                PushBlockMini::updateTimers()
 .text._ZN13PushBlockMini21resolveXAxisCollisionERK8Collider
                0x0801c298       0x4c push_block_mini.o
                0x0801c298                PushBlockMini::resolveXAxisCollision(Collider const&)
 .text._ZN13PushBlockMini21resolveYAxisCollisionERK8Collider
                0x0801c2e4       0x48 push_block_mini.o
                0x0801c2e4                PushBlockMini::resolveYAxisCollision(Collider const&)
 .text._ZN4RoomC2Ev
                0x0801c32c       0x3c room.o
                0x0801c32c                Room::Room()
                0x0801c32c                Room::Room()
 .text._ZN4Room5clearEv
                0x0801c368       0x74 room.o
                0x0801c368                Room::clear()
 .text._ZN4RoomD2Ev
                0x0801c3dc       0x30 room.o
                0x0801c3dc                Room::~Room()
                0x0801c3dc                Room::~Room()
 .text._ZN4Room23findUnloadedObjectIndexEi
                0x0801c40c       0x2c room.o
                0x0801c40c                Room::findUnloadedObjectIndex(int)
 .text._ZN4Room13updateIndexesEv
                0x0801c438       0xc0 room.o
                0x0801c438                Room::updateIndexes()
 .text._ZN4RoomaSERKS_
                0x0801c4f8      0x190 room.o
                0x0801c4f8                Room::operator=(Room const&)
 .text._ZN4Room11prepObjectsERKN2bn14regular_bg_ptrERKNS0_15regular_bg_itemEPA80_h
                0x0801c688      0x148 room.o
                0x0801c688                Room::prepObjects(bn::regular_bg_ptr const&, bn::regular_bg_item const&, unsigned char (*) [80])
 .text._ZN4Room9addObjectERK14UnloadedObjectRKN2bn10camera_ptrE
                0x0801c7d0      0x464 room.o
                0x0801c7d0                Room::addObject(UnloadedObject const&, bn::camera_ptr const&)