Archive member included to satisfy reference by file (symbol)

C:/devkitPro/devkitARM/bin/../lib/gcc/arm-none-eabi/14.2.0/thumb\libgcc.a(_arm_muldf3.o)
                              collider.o (__aeabi_dmul)
C:/devkitPro/devkitARM/bin/../lib/gcc/arm-none-eabi/14.2.0/thumb\libgcc.a(_call_via_rX.o)
                              mm_main_gba.o (_call_via_r1)
C:/devkitPro/devkitARM/bin/../lib/gcc/arm-none-eabi/14.2.0/thumb\libgcc.a(_arm_addsubdf3.o)
                              collider.o (__aeabi_dsub)
C:/devkitPro/devkitARM/bin/../lib/gcc/arm-none-eabi/14.2.0/thumb\libgcc.a(_arm_fixdfsi.o)
                              collider.o (__aeabi_d2iz)
C:/devkitPro/devkitARM/bin/../lib/gcc/arm-none-eabi/14.2.0/thumb\libgcc.a(_aeabi_ldivmod.o)
                              bn_hw_show.o (__aeabi_ldivmod)
C:/devkitPro/devkitARM/bin/../lib/gcc/arm-none-eabi/14.2.0/thumb\libgcc.a(_aeabi_uldivmod.o)
                              bn_hw_text.o (__aeabi_uldivmod)
C:/devkitPro/devkitARM/bin/../lib/gcc/arm-none-eabi/14.2.0/thumb\libgcc.a(_sync_none.o)
                              (__sync_synchronize_none)
C:/devkitPro/devkitARM/bin/../lib/gcc/arm-none-eabi/14.2.0/thumb\libgcc.a(_udivmoddi4.o)
                              C:/devkitPro/devkitARM/bin/../lib/gcc/arm-none-eabi/14.2.0/thumb\libgcc.a(_aeabi_ldivmod.o) (__udivmoddi4)

Discarded input sections

 .text          0x00000000        0x0 C:/devkitPro/devkitARM/bin/../lib/gcc/arm-none-eabi/14.2.0/../../../../arm-none-eabi/lib/thumb/gba_crt0.o
 .data          0x00000000        0x0 C:/devkitPro/devkitARM/bin/../lib/gcc/arm-none-eabi/14.2.0/../../../../arm-none-eabi/lib/thumb/gba_crt0.o
 .bss           0x00000000        0x0 C:/devkitPro/devkitARM/bin/../lib/gcc/arm-none-eabi/14.2.0/../../../../arm-none-eabi/lib/thumb/gba_crt0.o
 .text          0x00000000        0x0 C:/devkitPro/devkitARM/bin/../lib/gcc/arm-none-eabi/14.2.0/thumb/crti.o
 .data          0x00000000        0x0 C:/devkitPro/devkitARM/bin/../lib/gcc/arm-none-eabi/14.2.0/thumb/crti.o
 .bss           0x00000000        0x0 C:/devkitPro/devkitARM/bin/../lib/gcc/arm-none-eabi/14.2.0/thumb/crti.o
 .text          0x00000000        0x0 C:/devkitPro/devkitARM/bin/../lib/gcc/arm-none-eabi/14.2.0/thumb/crtbegin.o
 .data          0x00000000        0x0 C:/devkitPro/devkitARM/bin/../lib/gcc/arm-none-eabi/14.2.0/thumb/crtbegin.o
 .bss           0x00000000        0x0 C:/devkitPro/devkitARM/bin/../lib/gcc/arm-none-eabi/14.2.0/thumb/crtbegin.o
 .rodata.all_implied_fbits
                0x00000000       0x24 C:/devkitPro/devkitARM/bin/../lib/gcc/arm-none-eabi/14.2.0/thumb/crtbegin.o
 .text          0x00000000        0x0 _bn_audio_soundbank.bin.o
 .data          0x00000000        0x0 _bn_audio_soundbank.bin.o
 .bss           0x00000000        0x0 _bn_audio_soundbank.bin.o
 .text          0x00000000        0x0 air_jump_effect_bn_gfx.o
 .data          0x00000000        0x0 air_jump_effect_bn_gfx.o
 .bss           0x00000000        0x0 air_jump_effect_bn_gfx.o
 .text          0x00000000        0x0 angel_platform_bn_gfx.o
 .data          0x00000000        0x0 angel_platform_bn_gfx.o
 .bss           0x00000000        0x0 angel_platform_bn_gfx.o
 .rodata        0x00000000      0x220 angel_platform_bn_gfx.o
 .text          0x00000000        0x0 bg_flash_palette_bn_gfx.o
 .data          0x00000000        0x0 bg_flash_palette_bn_gfx.o
 .bss           0x00000000        0x0 bg_flash_palette_bn_gfx.o
 .text          0x00000000        0x0 block_bn_gfx.o
 .data          0x00000000        0x0 block_bn_gfx.o
 .bss           0x00000000        0x0 block_bn_gfx.o
 .rodata        0x00000000       0x40 block_bn_gfx.o
 .text          0x00000000        0x0 candelabra_bn_gfx.o
 .data          0x00000000        0x0 candelabra_bn_gfx.o
 .bss           0x00000000        0x0 candelabra_bn_gfx.o
 .text          0x00000000        0x0 devil_platform_bn_gfx.o
 .data          0x00000000        0x0 devil_platform_bn_gfx.o
 .bss           0x00000000        0x0 devil_platform_bn_gfx.o
 .rodata        0x00000000      0x220 devil_platform_bn_gfx.o
 .text          0x00000000        0x0 falling_platform_thin_bn_gfx.o
 .data          0x00000000        0x0 falling_platform_thin_bn_gfx.o
 .bss           0x00000000        0x0 falling_platform_thin_bn_gfx.o
 .text          0x00000000        0x0 falling_platform_wide_bn_gfx.o
 .data          0x00000000        0x0 falling_platform_wide_bn_gfx.o
 .bss           0x00000000        0x0 falling_platform_wide_bn_gfx.o
 .text          0x00000000        0x0 game_object_bn_gfx.o
 .data          0x00000000        0x0 game_object_bn_gfx.o
 .bss           0x00000000        0x0 game_object_bn_gfx.o
 .rodata        0x00000000       0x40 game_object_bn_gfx.o
 .text          0x00000000        0x0 ground_ghoul_bn_gfx.o
 .data          0x00000000        0x0 ground_ghoul_bn_gfx.o
 .bss           0x00000000        0x0 ground_ghoul_bn_gfx.o
 .text          0x00000000        0x0 hit_effect_bn_gfx.o
[...]
Memory Configuration

Name             Origin             Length             Attributes
rom              0x08000000         0x02000000
iwram            0x03000000         0x00008000
ewram            0x02000000         0x00040000
*default*        0x00000000         0xffffffff

Linker script and memory map

                0x00000000                        __sync_synchronize = __sync_synchronize_none
                0x08000000                        __text_start = ORIGIN (rom)
                0x02040000                        __eheap_end = (ORIGIN (ewram) + LENGTH (ewram))
                0x03000000                        __iwram_start = ORIGIN (iwram)
                0x03008000                        __iwram_top = (ORIGIN (iwram) + LENGTH (iwram))
                0x03007fa0                        __sp_irq = (__iwram_top - 0x60)
                0x03007f00                        __sp_usr = (__sp_irq - 0xa0)
                0x03007ff8                        __irq_flags = 0x3007ff8
                0x08000000                        . = __text_start

.crt0           0x08000000      0x210
 *(.crt0)
 .crt0          0x08000000      0x210 C:/devkitPro/devkitARM/bin/../lib/gcc/arm-none-eabi/14.2.0/../../../../arm-none-eabi/lib/thumb/gba_crt0.o
                0x08000000                _start
                0x080000c4                __boot_method
                0x080000c5                __slave_number
                0x080000e0                start_vector
                0x08000210                        . = ALIGN (0x4)

.init           0x08000210        0xc
 *(SORT_NONE(.init))
 .init          0x08000210        0x4 C:/devkitPro/devkitARM/bin/../lib/gcc/arm-none-eabi/14.2.0/thumb/crti.o
                0x08000210                _init
 .init          0x08000214        0x8 C:/devkitPro/devkitARM/bin/../lib/gcc/arm-none-eabi/14.2.0/thumb/crtn.o

.plt            0x0800021c        0x0
 *(.plt)
                0x0800021c                        . = ALIGN (0x4)

.text           0x08000220    0x28ea8
 *(EXCLUDE_FILE(*.iwram*) .text*)
 .text.__do_global_dtors_aux
                0x08000220       0x2c C:/devkitPro/devkitARM/bin/../lib/gcc/arm-none-eabi/14.2.0/thumb/crtbegin.o
 .text.frame_dummy
                0x0800024c       0x24 C:/devkitPro/devkitARM/bin/../lib/gcc/arm-none-eabi/14.2.0/thumb/crtbegin.o
 .text._ZN10CandelabraD2Ev
                0x08000270       0x18 candelabra.o
                0x08000270                Candelabra::~Candelabra()
                0x08000270                Candelabra::~Candelabra()
 .text._ZN10CandelabraD0Ev
                0x08000288       0x24 candelabra.o
                0x08000288                Candelabra::~Candelabra()
 .text._ZN3_bn6assert9show_argsIA22_cEEvPKcS4_S4_iRKT_
                0x080002ac       0x48 candelabra.o
                0x080002ac                void _bn::assert::show_args<char [22]>(char const*, char const*, char const*, int, char const (&) [22])
 .text._ZN10CandelabraC2Ev
                0x080002f4      0x36c candelabra.o
                0x080002f4                Candelabra::Candelabra()
                0x080002f4                Candelabra::Candelabra()
 .text._ZN8ColliderC2Ev
                0x08000660       0x20 collider.o
                0x08000660                Collider::Collider()
                0x08000660                Collider::Collider()
 .text._ZN8ColliderC2EN2bn7fixed_tILi12EEES2_jj
                0x08000680       0x84 collider.o
                0x08000680                Collider::Collider(bn::fixed_t<12>, bn::fixed_t<12>, unsigned int, unsigned int)
                0x08000680                Collider::Collider(bn::fixed_t<12>, bn::fixed_t<12>, unsigned int, unsigned int)
 .text._ZN8CollideraSERKS_
                0x08000704       0x28 collider.o
                0x08000704                Collider::operator=(Collider const&)
 .text._ZNK8Collider1xEv
                0x0800072c       0x10 collider.o
                0x0800072c                Collider::x() const
 .text._ZNK8Collider1yEv
                0x0800073c       0x10 collider.o
                0x0800073c                Collider::y() const
 .text._ZN8Collider4setXEN2bn7fixed_tILi12EEE
                0x0800074c       0x78 collider.o
                0x0800074c                Collider::setX(bn::fixed_t<12>)
 .text._ZN8Collider4setYEN2bn7fixed_tILi12EEE
                0x080007c4       0x78 collider.o
                0x080007c4                Collider::setY(bn::fixed_t<12>)
 .text._ZN8Collider6setPosEN2bn7fixed_tILi12EEES2_
                0x0800083c       0x78 collider.o
                0x0800083c                Collider::setPos(bn::fixed_t<12>, bn::fixed_t<12>)
 .text._ZN8Collider9setCameraERKN2bn10camera_ptrE
                0x080008b4        0x4 collider.o
                0x080008b4                Collider::setCamera(bn::camera_ptr const&)
 .text._ZN8Collider19getCollisionXOffsetERKS_N2bn7fixed_tILi12EEE
                0x080008b8       0x50 collider.o
                0x080008b8                Collider::getCollisionXOffset(Collider const&, bn::fixed_t<12>)
 .text._ZN8Collider19getCollisionYOffsetERKS_N2bn7fixed_tILi12EEE
                0x08000908       0x40 collider.o
                0x08000908                Collider::getCollisionYOffset(Collider const&, bn::fixed_t<12>)
 .text._ZN8Collider11isCollisionEN2bn13fixed_point_tILi12EEE
                0x08000948       0x34 collider.o
                0x08000948                Collider::isCollision(bn::fixed_point_t<12>)
 .text._ZN8Collider11isCollisionERKS_
                0x0800097c       0x34 collider.o
                0x0800097c                Collider::isCollision(Collider const&)
 .text._ZN5EnemyD2Ev
                0x080009b0       0x18 enemy.o
                0x080009b0                Enemy::~Enemy()
                0x080009b0                Enemy::~Enemy()
 .text._ZN5EnemyD0Ev
                0x080009c8       0x24 enemy.o
                0x080009c8                Enemy::~Enemy()
 .text._ZN5Enemy17getStateFromTilesERKN2bn14regular_bg_ptrERKNS0_4spanIKtEERKNS0_15regular_bg_itemE
                0x080009ec      0x6a8 enemy.o
                0x080009ec                Enemy::getStateFromTiles(bn::regular_bg_ptr const&, bn::span<unsigned short const> const&, bn::regular_bg_item const&)
 .text._ZN5Enemy35resolveFallingPlatformWideCollisionER10GameObject
                0x08001094       0x70 enemy.o
                0x08001094                Enemy::resolveFallingPlatformThinCollision(GameObject&)
                0x08001094                Enemy::resolveFallingPlatformWideCollision(GameObject&)
 .text._ZN5EnemyC2Ev
                0x08001104       0x20 enemy.o
                0x08001104                Enemy::Enemy()
                0x08001104                Enemy::Enemy()
 .text._ZN3_bn6assert9show_argsIJA16_ciA4_ciEEEvPKcS5_S5_iDpRKT_
                0x08001124       0x64 enemy.o
                0x08001124                void _bn::assert::show_args<char [16], int, char [4], int>(char const*, char const*, char const*, int, char const (&) [16], int const&, char const (&) [4], int const&)
 .text._ZN5Enemy19getStateFromObjectsERN2bn6vectorIP10GameObjectLi10EEE
                0x08001188      0x1ac enemy.o
                0x08001188                Enemy::getStateFromObjects(bn::vector<GameObject*, 10>&)
 .text._ZN5Enemy14wallSplatCheckEv
                0x08001334       0x9c enemy.o
                0x08001334                Enemy::wallSplatCheck()
 .text._ZN5Enemy21resolveXAxisCollisionERK8Collider
                0x080013d0       0x14 enemy.o
                0x080013d0                Enemy::resolveXAxisCollision(Collider const&)
 .text._ZN5Enemy24resolveThornBarCollisionER10GameObject
                0x080013e4       0x84 enemy.o
                0x080013e4                Enemy::resolveThornBarCollision(GameObject&)
 .text._ZN5Enemy27resolveThornColumnCollisionER10GameObject
                0x08001468       0x90 enemy.o
                0x08001468                Enemy::resolveThornColumnCollision(GameObject&)
 .text._ZN5Enemy25resolvePushBlockCollisionER10GameObject
                0x080014f8       0x84 enemy.o
                0x080014f8                Enemy::resolvePushBlockCollision(GameObject&)
 .text._ZN5Enemy27resolveTilePassageCollisionER10GameObject
                0x0800157c       0x6c enemy.o
                0x0800157c                Enemy::resolveTilePassageCollision(GameObject&)
 .text._ZN19FallingPlatformThin16resolveCollisionERN2bn6vectorIP10GameObjectLi10EEERKNS0_14regular_bg_ptrERKNS0_4spanIKtEERKNS0_15regular_bg_itemE
                0x080015e8        0x4 falling_platform_thin.o
                0x080015e8                FallingPlatformThin::resolveCollision(bn::vector<GameObject*, 10>&, bn::regular_bg_ptr const&, bn::span<unsigned short const> const&, bn::regular_bg_item const&)
 .text._ZN19FallingPlatformThinD2Ev
                0x080015ec       0x18 falling_platform_thin.o
                0x080015ec                FallingPlatformThin::~FallingPlatformThin()
                0x080015ec                FallingPlatformThin::~FallingPlatformThin()
 .text._ZN19FallingPlatformThinD0Ev
                0x08001604       0x24 falling_platform_thin.o
                0x08001604                FallingPlatformThin::~FallingPlatformThin()
 .text._ZN19FallingPlatformThin18updateStateMachineERN2bn6vectorIP10GameObjectLi10EEERKNS0_14regular_bg_ptrERKNS0_4spanIKtEERKNS0_15regular_bg_itemERKNS0_10camera_ptrE
                0x08001628       0x8c falling_platform_thin.o
                0x08001628                FallingPlatformThin::updateStateMachine(bn::vector<GameObject*, 10>&, bn::regular_bg_ptr const&, bn::span<unsigned short const> const&, bn::regular_bg_item const&, bn::camera_ptr const&)
 .text._ZN3_bn6assert9show_argsIJA19_ciA4_ciEEEvPKcS5_S5_iDpRKT_
                0x080016b4       0x64 falling_platform_thin.o
                0x080016b4                void _bn::assert::show_args<char [19], int, char [4], int>(char const*, char const*, char const*, int, char const (&) [19], int const&, char const (&) [4], int const&)
 .text._ZN19FallingPlatformThinC2Ev
                0x08001718      0x33c falling_platform_thin.o
                0x08001718                FallingPlatformThin::FallingPlatformThin()
                0x08001718                FallingPlatformThin::FallingPlatformThin()
 .text._ZN19FallingPlatformThin8setStateE11ObjectState
                0x08001a54      0x3d0 falling_platform_thin.o
                0x08001a54                FallingPlatformThin::setState(ObjectState)
 .text._ZN19FallingPlatformWide16resolveCollisionERN2bn6vectorIP10GameObjectLi10EEERKNS0_14regular_bg_ptrERKNS0_4spanIKtEERKNS0_15regular_bg_itemE
                0x08001e24        0x4 falling_platform_wide.o
                0x08001e24                FallingPlatformWide::resolveCollision(bn::vector<GameObject*, 10>&, bn::regular_bg_ptr const&, bn::span<unsigned short const> const&, bn::regular_bg_item const&)
 .text._ZN19FallingPlatformWideD2Ev
                0x08001e28       0x18 falling_platform_wide.o
                0x08001e28                FallingPlatformWide::~FallingPlatformWide()
                0x08001e28                FallingPlatformWide::~FallingPlatformWide()
 .text._ZN19FallingPlatformWideD0Ev
                0x08001e40       0x24 falling_platform_wide.o
                0x08001e40                FallingPlatformWide::~FallingPlatformWide()
 .text._ZN19FallingPlatformWide18updateStateMachineERN2bn6vectorIP10GameObjectLi10EEERKNS0_14regular_bg_ptrERKNS0_4spanIKtEERKNS0_15regular_bg_itemERKNS0_10camera_ptrE
                0x08001e64       0x8c falling_platform_wide.o
                0x08001e64                FallingPlatformWide::updateStateMachine(bn::vector<GameObject*, 10>&, bn::regular_bg_ptr const&, bn::span<unsigned short const> const&, bn::regular_bg_item const&, bn::camera_ptr const&)
 .text._ZN19FallingPlatformWideC2Ev
                0x08001ef0      0x33c falling_platform_wide.o
                0x08001ef0                FallingPlatformWide::FallingPlatformWide()
                0x08001ef0                FallingPlatformWide::FallingPlatformWide()
 .text._ZN19FallingPlatformWide8setStateE11ObjectState
                0x0800222c      0x3d0 falling_platform_wide.o
                0x0800222c                FallingPlatformWide::setState(ObjectState)
 .text._ZN10GameObject14updateHitboxesERK10RoomBoundsRN2bn6vectorIPS_Li10EEERKNS3_14regular_bg_ptrERKNS3_4spanIKtEERKNS3_15regular_bg_itemERKNS3_10camera_ptrE
                0x080025fc        0x4 game_object.o
                0x080025fc                GameObject::updateHitboxes(RoomBounds const&, bn::vector<GameObject*, 10>&, bn::regular_bg_ptr const&, bn::span<unsigned short const> const&, bn::regular_bg_item const&, bn::camera_ptr const&)
 .text._ZN10GameObject12updateTimersEv
                0x08002600       0x14 game_object.o
                0x08002600                GameObject::updateTimers()
 .text._ZN10GameObject8setStateE11ObjectState
                0x08002614        0x8 game_object.o
                0x08002614                GameObject::setState(ObjectState)
 .text._ZN10GameObject18updateStateMachineERN2bn6vectorIPS_Li10EEERKNS0_14regular_bg_ptrERKNS0_4spanIKtEERKNS0_15regular_bg_itemERKNS0_10camera_ptrE
                0x0800261c        0x4 game_object.o
                0x0800261c                GameObject::updateStateMachine(bn::vector<GameObject*, 10>&, bn::regular_bg_ptr const&, bn::span<unsigned short const> const&, bn::regular_bg_item const&, bn::camera_ptr const&)
 .text._ZN10GameObject19getStateFromObjectsERN2bn6vectorIPS_Li10EEE
                0x08002620        0x4 game_object.o
                0x08002620                GameObject::resolveHGearLeftCollision(Collider const&)
                0x08002620                GameObject::resolvePhaseOrbRightCollision(GameObject&)
                0x08002620                GameObject::resolveHitboxAir1Collision(GameObject&)
                0x08002620                GameObject::resolveVGearMidCollision(Collider const&)
                0x08002620                GameObject::resolvePushBlockCollision(GameObject&)
                0x08002620                GameObject::resolveHitboxAttackGround1Collision(GameObject&)
                0x08002620                GameObject::resolveFallingPlatformThinCollision(GameObject&)
                0x08002620                GameObject::getStateFromObjects(bn::vector<GameObject*, 10>&)
                0x08002620                GameObject::resolveThornColumnCollision(GameObject&)
                0x08002620                GameObject::resolvePlayerCollision(GameObject&)
                0x08002620                GameObject::resolveVGearTopCollision(Collider const&)
                0x08002620                GameObject::resolveVGearBottomCollision(Collider const&)
                0x08002620                GameObject::resolveThornBarCollision(GameObject&)
                0x08002620                GameObject::resolveHGearMidCollision(Collider const&)
                0x08002620                GameObject::resolveFallingPlatformWideCollision(GameObject&)
                0x08002620                GameObject::resolveGroundGhoulCollision(GameObject&)
                0x08002620                GameObject::resolvePhaseOrbUpCollision(GameObject&)
                0x08002620                GameObject::resolvePhaseOrbDownCollision(GameObject&)
                0x08002620                GameObject::resolveHGearRightCollision(Collider const&)
                0x08002620                GameObject::resolveHitboxWallSplatCollision(GameObject&)
                0x08002620                GameObject::resolveTilePassageCollision(GameObject&)
                0x08002620                GameObject::resolvePhaseOrbLeftCollision(GameObject&)
 .text._ZN10GameObject17getStateFromTilesERKN2bn14regular_bg_ptrERKNS0_4spanIKtEERKNS0_15regular_bg_itemE
                0x08002624        0x4 game_object.o
                0x08002624                GameObject::getStateFromTiles(bn::regular_bg_ptr const&, bn::span<unsigned short const> const&, bn::regular_bg_item const&)
 .text._ZN10GameObjectD2Ev
                0x08002628      0x168 game_object.o
                0x08002628                GameObject::~GameObject()
                0x08002628                GameObject::~GameObject()
 .text._ZN10GameObjectD0Ev
                0x08002790       0x1c game_object.o
                0x08002790                GameObject::~GameObject()
 .text._ZN10GameObject9setCameraERKN2bn10camera_ptrE
                0x080027ac       0x60 game_object.o
                0x080027ac                GameObject::setCamera(bn::camera_ptr const&)
 .text._ZN10GameObject25resolveHardBlockCollisionERK8Collider
                0x0800280c       0x48 game_object.o
                0x0800280c                GameObject::resolveHardBlockCollision(Collider const&)
 .text._ZN10GameObject23resolveUpSpikeCollisionERK8Collider
                0x08002854       0x54 game_object.o
                0x08002854                GameObject::resolveUpSpikeCollision(Collider const&)
 .text._ZN10GameObject25resolveDownSpikeCollisionERK8Collider
                0x080028a8       0x50 game_object.o
                0x080028a8                GameObject::resolveDownSpikeCollision(Collider const&)
 .text._ZN10GameObject25resolveLeftSpikeCollisionERK8Collider
                0x080028f8       0x54 game_object.o
                0x080028f8                GameObject::resolveLeftSpikeCollision(Collider const&)
 .text._ZN10GameObject26resolveRightSpikeCollisionERK8Collider
                0x0800294c       0x50 game_object.o
                0x0800294c                GameObject::resolveRightSpikeCollision(Collider const&)
 .text._ZN10GameObject11updateStateERN2bn6vectorIPS_Li10EEERKNS0_14regular_bg_ptrERKNS0_4spanIKtEERKNS0_15regular_bg_itemE
                0x0800299c       0xb0 game_object.o
                0x0800299c                GameObject::updateState(bn::vector<GameObject*, 10>&, bn::regular_bg_ptr const&, bn::span<unsigned short const> const&, bn::regular_bg_item const&)
 .text._ZN10GameObject11checkIfDeadEv
                0x08002a4c       0x3c game_object.o
                0x08002a4c                GameObject::checkIfDead()
 .text._ZN10GameObject18updateHitstunStateEv
                0x08002a88       0x78 game_object.o
                0x08002a88                GameObject::updateHitstunState()
 .text._ZN10GameObject22resolveCornerCollisionERK8Collider
                0x08002b00       0x8c game_object.o
                0x08002b00                GameObject::resolveCornerCollision(Collider const&)
 .text._ZN10GameObject21resolveXAxisCollisionERK8Collider
                0x08002b8c       0x7c game_object.o
                0x08002b8c                GameObject::resolveXAxisCollision(Collider const&)
 .text._ZN10GameObject20resolveTileCollisionERKN2bn14regular_bg_ptrERKNS0_4spanIKtEERKNS0_15regular_bg_itemE
                0x08002c08      0x6e0 game_object.o
                0x08002c08                GameObject::resolveTileCollision(bn::regular_bg_ptr const&, bn::span<unsigned short const> const&, bn::regular_bg_item const&)
 .text._ZN10GameObject27resolveOneWayBlockCollisionERK8Collider
                0x080032e8       0xbc game_object.o
                0x080032e8                GameObject::resolveOneWayBlockCollision(Collider const&)
 .text._ZN10GameObject21resolveYAxisCollisionERK8Collider
                0x080033a4       0x7c game_object.o
                0x080033a4                GameObject::resolveYAxisCollision(Collider const&)
 .text._ZN10GameObject34resolveRightShallowSlope1CollisionERK8Collideri
                0x08003420       0x84 game_object.o
                0x08003420                GameObject::resolveRightShallowSlope1Collision(Collider const&, int)
 .text._ZN10GameObject34resolveRightShallowSlope2CollisionERK8Collideri
                0x080034a4       0x84 game_object.o
                0x080034a4                GameObject::resolveRightShallowSlope2Collision(Collider const&, int)
 .text._ZN10GameObject34resolveRightShallowSlope3CollisionERK8Collideri
                0x08003528       0x84 game_object.o
                0x08003528                GameObject::resolveRightShallowSlope3Collision(Collider const&, int)
 .text._ZN10GameObject34resolveRightShallowSlope4CollisionERK8Collideri
                0x080035ac       0x84 game_object.o
                0x080035ac                GameObject::resolveRightShallowSlope4Collision(Collider const&, int)
 .text._ZN10GameObject32resolveRightSteepSlope1CollisionERK8Collideri
                0x08003630       0x84 game_object.o
                0x08003630                GameObject::resolveRightSteepSlope1Collision(Collider const&, int)
 .text._ZN10GameObject32resolveRightSteepSlope2CollisionERK8Collideri
                0x080036b4       0x84 game_object.o
                0x080036b4                GameObject::resolveRightSteepSlope2Collision(Collider const&, int)
 .text._ZN10GameObject33resolveLeftShallowSlope1CollisionERK8Collideri
                0x08003738       0x78 game_object.o
                0x08003738                GameObject::resolveLeftShallowSlope1Collision(Collider const&, int)
 .text._ZN10GameObject33resolveLeftShallowSlope2CollisionERK8Collideri
                0x080037b0       0x78 game_object.o
                0x080037b0                GameObject::resolveLeftShallowSlope2Collision(Collider const&, int)
 .text._ZN10GameObject33resolveLeftShallowSlope3CollisionERK8Collideri
                0x08003828       0x78 game_object.o
                0x08003828                GameObject::resolveLeftShallowSlope3Collision(Collider const&, int)
 .text._ZN10GameObject33resolveLeftShallowSlope4CollisionERK8Collideri
                0x080038a0       0x78 game_object.o
                0x080038a0                GameObject::resolveLeftShallowSlope4Collision(Collider const&, int)
 .text._ZN10GameObject31resolveLeftSteepSlope1CollisionERK8Collideri
                0x08003918       0x78 game_object.o
                0x08003918                GameObject::resolveLeftSteepSlope1Collision(Collider const&, int)
 .text._ZN10GameObject31resolveLeftSteepSlope2CollisionERK8Collideri
                0x08003990       0x78 game_object.o
                0x08003990                GameObject::resolveLeftSteepSlope2Collision(Collider const&, int)
 .text._ZN10GameObjectC2ERKS_
                0x08003a08      0x62c game_object.o
                0x08003a08                GameObject::GameObject(GameObject const&)
                0x08003a08                GameObject::GameObject(GameObject const&)
 .text._ZN10GameObject11applyForcesEv
                0x08004034      0x158 game_object.o
                0x08004034                GameObject::applyForces()
 .text._ZN10GameObject13updatePhysicsEv
                0x0800418c       0x64 game_object.o
                0x0800418c                GameObject::updatePhysics()
 .text._ZNK10GameObject1xEv
                0x080041f0       0x28 game_object.o
                0x080041f0                GameObject::x() const
 .text._ZNK10GameObject1yEv
                0x08004218       0x28 game_object.o
                0x08004218                GameObject::y() const
 .text._ZN10GameObject4setXEN2bn7fixed_tILi12EEE
                0x08004240       0x34 game_object.o
                0x08004240                GameObject::setX(bn::fixed_t<12>)
 .text._ZN10GameObject4setYEN2bn7fixed_tILi12EEE
                0x08004274       0x34 game_object.o
                0x08004274                GameObject::setY(bn::fixed_t<12>)
 .text._ZN10GameObject11setHitFlashEv
                0x080042a8       0x38 game_object.o
                0x080042a8                GameObject::setHitFlash()
 .text._ZN10GameObject8applyHitEiii
                0x080042e0       0x68 game_object.o
                0x080042e0                GameObject::applyHit(int, int, int)
 .text._ZN10GameObject11applyDamageEi
                0x08004348       0x14 game_object.o
                0x08004348                GameObject::applyDamage(int)
 .text._ZN14UnloadedObjectC2EN2bn5pointE10ObjectType
                0x0800435c       0x20 game_object.o
                0x0800435c                UnloadedObject::UnloadedObject(bn::point, ObjectType)
                0x0800435c                UnloadedObject::UnloadedObject(bn::point, ObjectType)
 .text._ZN14UnloadedObjectC2ERKS_
                0x0800437c       0x24 game_object.o
                0x0800437c                UnloadedObject::UnloadedObject(UnloadedObject const&)
                0x0800437c                UnloadedObject::UnloadedObject(UnloadedObject const&)
 .text._ZN14UnloadedObjectD2Ev
                0x080043a0        0x4 game_object.o
                0x080043a0                UnloadedObject::~UnloadedObject()
                0x080043a0                UnloadedObject::~UnloadedObject()
 .text._ZN10GameObject22resolveObjectCollisionERN2bn6vectorIPS_Li10EEE.part.0
                0x080043a4      0x128 game_object.o
 .text._ZN10GameObject22resolveObjectCollisionERN2bn6vectorIPS_Li10EEE
                0x080044cc       0x18 game_object.o
                0x080044cc                GameObject::resolveObjectCollision(bn::vector<GameObject*, 10>&)
 .text._ZN10GameObject16resolveCollisionERN2bn6vectorIPS_Li10EEERKNS0_14regular_bg_ptrERKNS0_4spanIKtEERKNS0_15regular_bg_itemE
                0x080044e4       0x4c game_object.o
                0x080044e4                GameObject::resolveCollision(bn::vector<GameObject*, 10>&, bn::regular_bg_ptr const&, bn::span<unsigned short const> const&, bn::regular_bg_item const&)
 .text._ZNK10GameObject3posEv
                0x08004530       0x84 game_object.o
                0x08004530                GameObject::pos() const
 .text._ZN10GameObject19updateInactiveStateERKN2bn10camera_ptrE.part.0
                0x080045b4       0x50 game_object.o
 .text._ZN10GameObject19updateInactiveStateERKN2bn10camera_ptrE
                0x08004604       0x18 game_object.o
                0x08004604                GameObject::updateInactiveState(bn::camera_ptr const&)
 .text._ZN10GameObject14updateHitFlashEv
                0x0800461c       0xa8 game_object.o
                0x0800461c                GameObject::updateHitFlash()
 .text._ZN10GameObject16udpateDeathStateEv
                0x080046c4       0x48 game_object.o
                0x080046c4                GameObject::udpateDeathState()
 .text._ZN10GameObject20setHorizontalStretchEv
                0x0800470c       0x58 game_object.o
                0x0800470c                GameObject::setHorizontalStretch()
 .text._ZN10GameObject18setVerticalStretchEv
                0x08004764       0x58 game_object.o
                0x08004764                GameObject::setVerticalStretch()
 .text._ZN10GameObject6setPosEN2bn7fixed_tILi12EEES2_
                0x080047bc       0x8c game_object.o
                0x080047bc                GameObject::setPos(bn::fixed_t<12>, bn::fixed_t<12>)
 .text._ZN10GameObject13clampPositionERKN2bn14regular_bg_ptrE
                0x08004848       0x9c game_object.o
                0x08004848                GameObject::clampPosition(bn::regular_bg_ptr const&)
 .text._ZN10GameObject6setPosEN2bn13fixed_point_tILi12EEE
                0x080048e4       0x90 game_object.o
                0x080048e4                GameObject::setPos(bn::fixed_point_t<12>)
 .text._ZN10GameObjectC2Ev
                0x08004974      0x228 game_object.o
                0x08004974                GameObject::GameObject()
                0x08004974                GameObject::GameObject()
 .text._ZN10GameObject4drawEv
                0x08004b9c       0xd0 game_object.o
                0x08004b9c                GameObject::draw()
 .text._ZN10GameObject21updateSpriteDirectionEv
                0x08004c6c       0x9c game_object.o
                0x08004c6c                GameObject::updateSpriteDirection()
 .text._ZN10GameObject19updateSpriteOffsetsEv.part.0
                0x08004d08      0x120 game_object.o
 .text._ZN10GameObject6updateERK10RoomBoundsRN2bn6vectorIPS_Li10EEERKNS3_14regular_bg_ptrERKNS3_4spanIKtEERKNS3_15regular_bg_itemERKNS3_10camera_ptrE
                0x08004e28      0x15c game_object.o
                0x08004e28                GameObject::update(RoomBounds const&, bn::vector<GameObject*, 10>&, bn::regular_bg_ptr const&, bn::span<unsigned short const> const&, bn::regular_bg_item const&, bn::camera_ptr const&)
 .text._ZN10GameObject16applySplatEffectEii
                0x08004f84      0x2dc game_object.o
                0x08004f84                GameObject::applySplatEffect(int, int)
 .text._ZN10GameObject14applyHitEffectEii
                0x08005260      0x26c game_object.o
                0x08005260                GameObject::applyHitEffect(int, int)
 .text._ZN11GroundGhoulD2Ev
                0x080054cc       0x18 ground_ghoul.o
                0x080054cc                GroundGhoul::~GroundGhoul()
                0x080054cc                GroundGhoul::~GroundGhoul()
 .text._ZN11GroundGhoulD0Ev
                0x080054e4       0x24 ground_ghoul.o
                0x080054e4                GroundGhoul::~GroundGhoul()
 .text._ZN2bn13ostringstream11append_argsIiJA4_ciEEEvRKT_DpRKT0_.isra.0
                0x08005508       0x24 ground_ghoul.o
 .text._ZN11GroundGhoul18updateStateMachineERN2bn6vectorIP10GameObjectLi10EEERKNS0_14regular_bg_ptrERKNS0_4spanIKtEERKNS0_15regular_bg_itemERKNS0_10camera_ptrE
                0x0800552c      0x188 ground_ghoul.o
                0x0800552c                GroundGhoul::updateStateMachine(bn::vector<GameObject*, 10>&, bn::regular_bg_ptr const&, bn::span<unsigned short const> const&, bn::regular_bg_item const&, bn::camera_ptr const&)
 .text._ZN11GroundGhoulC2Ev
                0x080056b4      0x390 ground_ghoul.o
                0x080056b4                GroundGhoul::GroundGhoul()
                0x080056b4                GroundGhoul::GroundGhoul()
 .text._ZN11GroundGhoul8setStateE11ObjectState
                0x08005a44      0x7f4 ground_ghoul.o
                0x08005a44                GroundGhoul::setState(ObjectState)
 .text._ZN11GroundGhoul12updateTimersEv
                0x08006238       0x28 ground_ghoul.o
                0x08006238                GroundGhoul::updateTimers()
 .text._ZN6Hitbox18updateStateMachineERN2bn6vectorIP10GameObjectLi10EEERKNS0_14regular_bg_ptrERKNS0_4spanIKtEERKNS0_15regular_bg_itemERKNS0_10camera_ptrE
                0x08006260       0x34 hitbox.o
                0x08006260                Hitbox::updateStateMachine(bn::vector<GameObject*, 10>&, bn::regular_bg_ptr const&, bn::span<unsigned short const> const&, bn::regular_bg_item const&, bn::camera_ptr const&)
 .text._ZN6Hitbox20resolveTileCollisionERKN2bn14regular_bg_ptrERKNS0_4spanIKtEERKNS0_15regular_bg_itemE
                0x08006294        0x4 hitbox.o
                0x08006294                Hitbox::resolveTileCollision(bn::regular_bg_ptr const&, bn::span<unsigned short const> const&, bn::regular_bg_item const&)
 .text._ZN6HitboxD2Ev
                0x08006298       0x18 hitbox.o
                0x08006298                Hitbox::~Hitbox()
                0x08006298                Hitbox::~Hitbox()
 .text._ZN6HitboxD0Ev
                0x080062b0       0x24 hitbox.o
                0x080062b0                Hitbox::~Hitbox()
 .text._ZN6Hitbox8applyHitER10GameObject.part.0
                0x080062d4      0x17c hitbox.o
 .text._ZN6Hitbox27resolveGroundGhoulCollisionER10GameObject
                0x08006450       0x3c hitbox.o
                0x08006450                Hitbox::resolveGroundGhoulCollision(GameObject&)
 .text._ZN6Hitbox25resolvePushBlockCollisionER10GameObject
                0x0800648c       0x30 hitbox.o
                0x0800648c                Hitbox::resolveThornBarCollision(GameObject&)
                0x0800648c                Hitbox::resolveThornColumnCollision(GameObject&)
                0x0800648c                Hitbox::resolvePushBlockCollision(GameObject&)
 .text._ZN6HitboxC2ERKS_
                0x080064bc       0xb8 hitbox.o
                0x080064bc                Hitbox::Hitbox(Hitbox const&)
                0x080064bc                Hitbox::Hitbox(Hitbox const&)
 .text._ZN6Hitbox12applyWallHitER10GameObject
                0x08006574      0x11c hitbox.o
                0x08006574                Hitbox::applyWallHit(GameObject&)
 .text._ZN6HitboxC2EN2bn5pointEiiiiiiNS0_7fixed_tILi12EEEiii10XDirection10YDirection10ObjectType19ScreenShakeSeverity
                0x08006690      0x39c hitbox.o
                0x08006690                Hitbox::Hitbox(bn::point, int, int, int, int, int, int, bn::fixed_t<12>, int, int, int, XDirection, YDirection, ObjectType, ScreenShakeSeverity)
                0x08006690                Hitbox::Hitbox(bn::point, int, int, int, int, int, int, bn::fixed_t<12>, int, int, int, XDirection, YDirection, ObjectType, ScreenShakeSeverity)
 .text._ZN5Level5clearEv
                0x08006a2c      0x108 level.o
                0x08006a2c                Level::clear()
 .text._ZN5Level13updateIndexesEv
                0x08006b34       0x9c level.o
                0x08006b34                Level::updateIndexes()
 .text._ZN5Level17storePlayerInputsEv
                0x08006bd0       0xc4 level.o
                0x08006bd0                Level::storePlayerInputs()
 .text._ZN2bn8optionalINS_4spanIKtEEE5valueEv.part.0
                0x08006c94       0x28 level.o
 .text._ZN5Level13updateBGFlashEv
                0x08006cbc       0xcc level.o
                0x08006cbc                Level::updateBGFlash()
 .text._ZN5Level13updateObjectsEv
                0x08006d88       0xb0 level.o
                0x08006d88                Level::updateObjects()
 .text._ZN5Level10updateFadeEv
                0x08006e38      0x1c0 level.o
                0x08006e38                Level::updateFade()
 .text._ZN5Level12updateCameraEv.part.0
                0x08006ff8      0x250 level.o
 .text._ZN5Level12updateCameraEv
                0x08007248       0x18 level.o
                0x08007248                Level::updateCamera()
 .text._ZN5Level4loadE9LevelName
                0x08007260      0x44c level.o
                0x08007260                Level::load(LevelName)
 .text._ZN5LevelC2E9LevelName
                0x080076ac       0xa4 level.o
                0x080076ac                Level::Level(LevelName)
                0x080076ac                Level::Level(LevelName)
 .text._ZN5Level13reloadOnDeathEv
                0x08007750       0xb0 level.o
                0x08007750                Level::reloadOnDeath()
 .text._ZN3_bn6assert9show_argsIA16_cEEvPKcS4_S4_iRKT_
                0x08007800       0x48 level.o
                0x08007800                void _bn::assert::show_args<char [16]>(char const*, char const*, char const*, int, char const (&) [16])
 .text._ZN5Level11freeObjectsEv
                0x08007848      0x128 level.o
                0x08007848                Level::freeObjects()
 .text._ZN5Level14transitionRoomEv
                0x08007970      0x3a8 level.o
                0x08007970                Level::transitionRoom()
 .text._ZN5Level9updateAllEv
                0x08007d18       0x74 level.o
                0x08007d18                Level::updateAll()
 .text.startup.main
                0x08007d8c       0x38 main.o
                0x08007d8c                main
 .text._ZN8PhaseOrb18updateStateMachineERN2bn6vectorIP10GameObjectLi10EEERKNS0_14regular_bg_ptrERKNS0_4spanIKtEERKNS0_15regular_bg_itemERKNS0_10camera_ptrE
                0x08007dc4       0x14 phase_orb.o
                0x08007dc4                PhaseOrb::updateStateMachine(bn::vector<GameObject*, 10>&, bn::regular_bg_ptr const&, bn::span<unsigned short const> const&, bn::regular_bg_item const&, bn::camera_ptr const&)
 .text._ZN8PhaseOrb16resolveCollisionERN2bn6vectorIP10GameObjectLi10EEERKNS0_14regular_bg_ptrERKNS0_4spanIKtEERKNS0_15regular_bg_itemE
                0x08007dd8        0x4 phase_orb.o
                0x08007dd8                PhaseOrb::resolveCollision(bn::vector<GameObject*, 10>&, bn::regular_bg_ptr const&, bn::span<unsigned short const> const&, bn::regular_bg_item const&)
 .text._ZN13PhaseOrbRight14setDestinationEv
                0x08007ddc       0x24 phase_orb.o
                0x08007ddc                PhaseOrbRight::setDestination()
 .text._ZN12PhaseOrbLeft14setDestinationEv
                0x08007e00       0x28 phase_orb.o
                0x08007e00                PhaseOrbLeft::setDestination()
 .text._ZN12PhaseOrbDown14setDestinationEv
                0x08007e28       0x28 phase_orb.o
                0x08007e28                PhaseOrbDown::setDestination()
 .text._ZN10PhaseOrbUp14setDestinationEv
                0x08007e50       0x2c phase_orb.o
                0x08007e50                PhaseOrbUp::setDestination()
 .text._ZN10PhaseOrbUpD2Ev
                0x08007e7c       0x18 phase_orb.o
                0x08007e7c                PhaseOrbUp::~PhaseOrbUp()
                0x08007e7c                PhaseOrbUp::~PhaseOrbUp()
 .text._ZN12PhaseOrbDownD2Ev
                0x08007e94       0x18 phase_orb.o
                0x08007e94                PhaseOrbDown::~PhaseOrbDown()
                0x08007e94                PhaseOrbDown::~PhaseOrbDown()
 .text._ZN12PhaseOrbLeftD2Ev
                0x08007eac       0x18 phase_orb.o
                0x08007eac                PhaseOrbLeft::~PhaseOrbLeft()
                0x08007eac                PhaseOrbLeft::~PhaseOrbLeft()
 .text._ZN13PhaseOrbRightD2Ev
                0x08007ec4       0x18 phase_orb.o
                0x08007ec4                PhaseOrbRight::~PhaseOrbRight()
                0x08007ec4                PhaseOrbRight::~PhaseOrbRight()
 .text._ZN10PhaseOrbUpD0Ev
                0x08007edc       0x24 phase_orb.o
                0x08007edc                PhaseOrbUp::~PhaseOrbUp()
 .text._ZN12PhaseOrbDownD0Ev
                0x08007f00       0x24 phase_orb.o
                0x08007f00                PhaseOrbDown::~PhaseOrbDown()
 .text._ZN12PhaseOrbLeftD0Ev
                0x08007f24       0x24 phase_orb.o
                0x08007f24                PhaseOrbLeft::~PhaseOrbLeft()
 .text._ZN13PhaseOrbRightD0Ev
                0x08007f48       0x24 phase_orb.o
                0x08007f48                PhaseOrbRight::~PhaseOrbRight()
 .text._ZN8PhaseOrbC2Ev
                0x08007f6c       0x84 phase_orb.o
                0x08007f6c                PhaseOrb::PhaseOrb()
                0x08007f6c                PhaseOrb::PhaseOrb()
 .text._ZN12PhaseOrbLeftC2Ev
                0x08007ff0      0x2a8 phase_orb.o
                0x08007ff0                PhaseOrbLeft::PhaseOrbLeft()
                0x08007ff0                PhaseOrbLeft::PhaseOrbLeft()
 .text._ZN13PhaseOrbRightC2Ev
                0x08008298      0x2a8 phase_orb.o
                0x08008298                PhaseOrbRight::PhaseOrbRight()
                0x08008298                PhaseOrbRight::PhaseOrbRight()
 .text._ZN10PhaseOrbUpC2Ev
                0x08008540      0x2a8 phase_orb.o
                0x08008540                PhaseOrbUp::PhaseOrbUp()
                0x08008540                PhaseOrbUp::PhaseOrbUp()
 .text._ZN12PhaseOrbDownC2Ev
                0x080087e8      0x2a8 phase_orb.o
                0x080087e8                PhaseOrbDown::PhaseOrbDown()
                0x080087e8                PhaseOrbDown::PhaseOrbDown()
 .text._ZN5ForceC2EN2bn13fixed_point_tILi12EEENS0_7fixed_tILi12EEE
                0x08008a90       0x24 physics.o
                0x08008a90                Force::Force(bn::fixed_point_t<12>, bn::fixed_t<12>)
                0x08008a90                Force::Force(bn::fixed_point_t<12>, bn::fixed_t<12>)
 .text._ZN5Force6updateEv
                0x08008ab4       0x68 physics.o
                0x08008ab4                Force::update()
 .text._ZN5Force1xEv
                0x08008b1c       0x10 physics.o
                0x08008b1c                Force::x()
 .text._ZN5Force1yEv
                0x08008b2c       0x10 physics.o
                0x08008b2c                Force::y()
 .text._ZN9RigidBodyC2Ev
                0x08008b3c       0x20 physics.o
                0x08008b3c                RigidBody::RigidBody()
                0x08008b3c                RigidBody::RigidBody()
 .text._ZN9RigidBodyD2Ev
                0x08008b5c        0x4 physics.o
                0x08008b5c                RigidBody::~RigidBody()
                0x08008b5c                RigidBody::~RigidBody()
 .text._ZN9RigidBodyaSERKS_
                0x08008b60       0x64 physics.o
                0x08008b60                RigidBody::operator=(RigidBody const&)
 .text._ZN9RigidBody12removeForcesEv
                0x08008bc4        0x8 physics.o
                0x08008bc4                RigidBody::removeForces()
 .text._ZN9RigidBody13removeXForcesEv
                0x08008bcc       0x20 physics.o
                0x08008bcc                RigidBody::removeXForces()
 .text._ZN9RigidBody13removeYForcesEv
                0x08008bec       0x20 physics.o
                0x08008bec                RigidBody::removeYForces()
 .text._ZN3_bn6assert9show_argsIA17_cEEvPKcS4_S4_iRKT_
                0x08008c0c       0x48 physics.o
                0x08008c0c                void _bn::assert::show_args<char [17]>(char const*, char const*, char const*, int, char const (&) [17])
 .text._ZN9RigidBody10applyDecayEv
                0x08008c54       0xc4 physics.o
                0x08008c54                RigidBody::applyDecay()
 .text._ZN3_bn6assert9show_argsIA15_cEEvPKcS4_S4_iRKT_
                0x08008d18       0x48 physics.o
                0x08008d18                void _bn::assert::show_args<char [15]>(char const*, char const*, char const*, int, char const (&) [15])
 .text._ZN9RigidBody8addForceERK5Force
                0x08008d60       0x30 physics.o
                0x08008d60                RigidBody::addForce(Force const&)
 .text._ZN6Player26resolvePhaseOrbUpCollisionER10GameObject
                0x08008d90        0x4 player.o
                0x08008d90                Player::resolvePhaseOrbRightCollision(GameObject&)
                0x08008d90                Player::resolvePhaseOrbDownCollision(GameObject&)
                0x08008d90                Player::resolvePhaseOrbLeftCollision(GameObject&)
                0x08008d90                Player::resolveHitboxAttackGround1Collision(GameObject&)
                0x08008d90                Player::resolvePlayerCollision(GameObject&)
                0x08008d90                Player::resolvePhaseOrbUpCollision(GameObject&)
                0x08008d90                Player::resolveHitboxAir1Collision(GameObject&)
                0x08008d90                Player::resolveHitboxWallSplatCollision(GameObject&)
 .text._ZN6PlayerD2Ev
                0x08008d94       0xd4 player.o
                0x08008d94                Player::~Player()
                0x08008d94                Player::~Player()
 .text._ZN6PlayerD0Ev
                0x08008e68       0x1c player.o
                0x08008e68                Player::~Player()
 .text._ZN6Player14updateHitboxesERK10RoomBoundsRN2bn6vectorIP10GameObjectLi10EEERKNS3_14regular_bg_ptrERKNS3_4spanIKtEERKNS3_15regular_bg_itemERKNS3_10camera_ptrE
                0x08008e84      0x1f0 player.o
                0x08008e84                Player::updateHitboxes(RoomBounds const&, bn::vector<GameObject*, 10>&, bn::regular_bg_ptr const&, bn::span<unsigned short const> const&, bn::regular_bg_item const&, bn::camera_ptr const&)
 .text._ZN6Player25resolvePushBlockCollisionER10GameObject
                0x08009074       0x48 player.o
                0x08009074                Player::resolvePushBlockCollision(GameObject&)
 .text._ZN6Player11updateStateERN2bn6vectorIP10GameObjectLi10EEERKNS0_14regular_bg_ptrERKNS0_4spanIKtEERKNS0_15regular_bg_itemE
                0x080090bc      0x168 player.o
                0x080090bc                Player::updateState(bn::vector<GameObject*, 10>&, bn::regular_bg_ptr const&, bn::span<unsigned short const> const&, bn::regular_bg_item const&)
 .text._ZN6Player20resolveTileCollisionERKN2bn14regular_bg_ptrERKNS0_4spanIKtEERKNS0_15regular_bg_itemE
                0x08009224      0x620 player.o
                0x08009224                Player::resolveTileCollision(bn::regular_bg_ptr const&, bn::span<unsigned short const> const&, bn::regular_bg_item const&)
 .text._ZN6Player27resolveThornColumnCollisionER10GameObject
                0x08009844       0x84 player.o
                0x08009844                Player::resolveThornColumnCollision(GameObject&)
 .text._ZN6Player27resolveGroundGhoulCollisionER10GameObject
                0x080098c8       0x84 player.o
                0x080098c8                Player::resolveGroundGhoulCollision(GameObject&)
 .text._ZN6Player27resolveTilePassageCollisionER10GameObject
                0x0800994c       0x6c player.o
                0x0800994c                Player::resolveTilePassageCollision(GameObject&)
 .text._ZN6Player25resolveHardBlockCollisionERK8Collider
                0x080099b8       0x60 player.o
                0x080099b8                Player::resolveHardBlockCollision(Collider const&)
 .text._ZN6Player24resolveThornBarCollisionER10GameObject
                0x08009a18       0x74 player.o
                0x08009a18                Player::resolveThornBarCollision(GameObject&)
 .text._ZN6Player35resolveFallingPlatformWideCollisionER10GameObject
                0x08009a8c       0x70 player.o
                0x08009a8c                Player::resolveFallingPlatformWideCollision(GameObject&)
                0x08009a8c                Player::resolveFallingPlatformThinCollision(GameObject&)
 .text._ZN6Player27resolveOneWayBlockCollisionERK8Collider
                0x08009afc       0x68 player.o
                0x08009afc                Player::resolveOneWayBlockCollision(Collider const&)
 .text._ZN6PlayerC2ERKS_
                0x08009b64      0x380 player.o
                0x08009b64                Player::Player(Player const&)
                0x08009b64                Player::Player(Player const&)
 .text._ZN2bn8optionalINS_10sprite_ptrEEptEv.part.0
                0x08009ee4       0x28 player.o
 .text._ZN6Player12updateTimersEv
                0x08009f0c      0x12c player.o
                0x08009f0c                Player::updateTimers()
 .text._ZN6Player16createLandEffectEv
                0x0800a038      0x2c0 player.o
                0x0800a038                Player::createLandEffect()
 .text._ZN6Player17getStateFromTilesERKN2bn14regular_bg_ptrERKNS0_4spanIKtEERKNS0_15regular_bg_itemE
                0x0800a2f8      0x7c8 player.o
                0x0800a2f8                Player::getStateFromTiles(bn::regular_bg_ptr const&, bn::span<unsigned short const> const&, bn::regular_bg_item const&)
 .text._ZN6Player19getStateFromObjectsERN2bn6vectorIP10GameObjectLi10EEE
                0x0800aac0      0x554 player.o
                0x0800aac0                Player::getStateFromObjects(bn::vector<GameObject*, 10>&)
 .text._ZN6Player19createAirJumpEffectEv
                0x0800b014      0x2d8 player.o
                0x0800b014                Player::createAirJumpEffect()
 .text._ZN6Player16createJumpEffectEv
                0x0800b2ec      0x2e0 player.o
                0x0800b2ec                Player::createJumpEffect()
 .text._ZN6Player4jumpEv
                0x0800b5cc       0x50 player.o
                0x0800b5cc                Player::jump()
 .text._ZN6Player8rollJumpEv
                0x0800b61c       0x70 player.o
                0x0800b61c                Player::rollJump()
 .text._ZN6Player20createWallJumpEffectEv
                0x0800b68c      0x2f8 player.o
                0x0800b68c                Player::createWallJumpEffect()
 .text._ZN6Player8wallJumpEv
                0x0800b984       0x50 player.o
                0x0800b984                Player::wallJump()
 .text._ZN6PlayerC2Ev
                0x0800b9d4      0x4b4 player.o
                0x0800b9d4                Player::Player()
                0x0800b9d4                Player::Player()
 .text._ZN6Player8setStateE11ObjectState
                0x0800be88     0x1280 player.o
                0x0800be88                Player::setState(ObjectState)
 .text._ZN6Player28createGroundedAttackHitboxesERN2bn6vectorIP10GameObjectLi10EEERKNS0_10camera_ptrE.part.0
                0x0800d108       0xbc player.o
 .text._ZN6Player24createAirAttack1HitboxesERN2bn6vectorIP10GameObjectLi10EEERKNS0_10camera_ptrE.part.0
                0x0800d1c4       0xbc player.o
 .text._ZN6Player18updateStateMachineERN2bn6vectorIP10GameObjectLi10EEERKNS0_14regular_bg_ptrERKNS0_4spanIKtEERKNS0_15regular_bg_itemERKNS0_10camera_ptrE
                0x0800d280     0x18ac player.o
                0x0800d280                Player::updateStateMachine(bn::vector<GameObject*, 10>&, bn::regular_bg_ptr const&, bn::span<unsigned short const> const&, bn::regular_bg_item const&, bn::camera_ptr const&)
 .text._ZN6Player9setCameraERKN2bn10camera_ptrE
                0x0800eb2c       0x5c player.o
                0x0800eb2c                Player::setCamera(bn::camera_ptr const&)
 .text._ZN6Player4drawEv
                0x0800eb88       0x38 player.o
                0x0800eb88                Player::draw()
 .text._ZN4PropD2Ev
                0x0800ebc0       0x18 prop.o
                0x0800ebc0                Prop::~Prop()
                0x0800ebc0                Prop::~Prop()
 .text._ZN4PropD0Ev
                0x0800ebd8       0x24 prop.o
                0x0800ebd8                Prop::~Prop()
 .text._ZN4Prop6updateERK10RoomBoundsRN2bn6vectorIP10GameObjectLi10EEERKNS3_14regular_bg_ptrERKNS3_4spanIKtEERKNS3_15regular_bg_itemERKNS3_10camera_ptrE
                0x0800ebfc       0x10 prop.o
                0x0800ebfc                Prop::update(RoomBounds const&, bn::vector<GameObject*, 10>&, bn::regular_bg_ptr const&, bn::span<unsigned short const> const&, bn::regular_bg_item const&, bn::camera_ptr const&)
 .text._ZN4PropC2Ev
                0x0800ec0c       0x2c prop.o
                0x0800ec0c                Prop::Prop()
                0x0800ec0c                Prop::Prop()
 .text._ZN9PushBlock11checkIfDeadEv
                0x0800ec38        0x4 push_block.o
                0x0800ec38                PushBlock::checkIfDead()
                0x0800ec38                PushBlock::updateSpriteDirection()
 .text._ZN9PushBlock27resolveTilePassageCollisionER10GameObject
                0x0800ec3c        0x4 push_block.o
                0x0800ec3c                PushBlock::resolvePushBlockCollision(GameObject&)
                0x0800ec3c                PushBlock::resolveFallingPlatformThinCollision(GameObject&)
                0x0800ec3c                PushBlock::resolveTilePassageCollision(GameObject&)
                0x0800ec3c                PushBlock::resolveFallingPlatformWideCollision(GameObject&)
 .text._ZN9PushBlockD2Ev
                0x0800ec40       0x18 push_block.o
                0x0800ec40                PushBlock::~PushBlock()
                0x0800ec40                PushBlock::~PushBlock()
 .text._ZN9PushBlockD0Ev
                0x0800ec58       0x24 push_block.o
                0x0800ec58                PushBlock::~PushBlock()
 .text._ZN9PushBlock18updateStateMachineERN2bn6vectorIP10GameObjectLi10EEERKNS0_14regular_bg_ptrERKNS0_4spanIKtEERKNS0_15regular_bg_itemERKNS0_10camera_ptrE
                0x0800ec7c       0x5c push_block.o
                0x0800ec7c                PushBlock::updateStateMachine(bn::vector<GameObject*, 10>&, bn::regular_bg_ptr const&, bn::span<unsigned short const> const&, bn::regular_bg_item const&, bn::camera_ptr const&)
 .text._ZN9PushBlock17getStateFromTilesERKN2bn14regular_bg_ptrERKNS0_4spanIKtEERKNS0_15regular_bg_itemE
                0x0800ecd8      0x5c4 push_block.o
                0x0800ecd8                PushBlock::getStateFromTiles(bn::regular_bg_ptr const&, bn::span<unsigned short const> const&, bn::regular_bg_item const&)
 .text._ZN9PushBlock24resolveVGearTopCollisionERK8Collider
                0x0800f29c       0xc0 push_block.o
                0x0800f29c                PushBlock::resolveVGearTopCollision(Collider const&)
 .text._ZN9PushBlock27resolveVGearBottomCollisionERK8Collider
                0x0800f35c       0xb8 push_block.o
                0x0800f35c                PushBlock::resolveVGearBottomCollision(Collider const&)
 .text._ZN9PushBlock24resolveVGearMidCollisionERK8Collider
                0x0800f414       0xa4 push_block.o
                0x0800f414                PushBlock::resolveVGearMidCollision(Collider const&)
 .text._ZN9PushBlock25resolveHGearLeftCollisionERK8Collider
                0x0800f4b8       0xc8 push_block.o
                0x0800f4b8                PushBlock::resolveHGearLeftCollision(Collider const&)
 .text._ZN9PushBlock24resolveHGearMidCollisionERK8Collider
                0x0800f580       0x80 push_block.o
                0x0800f580                PushBlock::resolveHGearMidCollision(Collider const&)
 .text._ZN9PushBlock26resolveHGearRightCollisionERK8Collider
                0x0800f600       0xc8 push_block.o
                0x0800f600                PushBlock::resolveHGearRightCollision(Collider const&)
 .text._ZN9PushBlock22resolvePlayerCollisionER10GameObject.part.0
                0x0800f6c8      0x1b0 push_block.o
 .text._ZN9PushBlock22resolvePlayerCollisionER10GameObject
                0x0800f878       0x18 push_block.o
                0x0800f878                PushBlock::resolvePlayerCollision(GameObject&)
 .text._ZN9PushBlock22resolveObjectCollisionERN2bn6vectorIP10GameObjectLi10EEE
                0x0800f890      0x168 push_block.o
                0x0800f890                PushBlock::resolveObjectCollision(bn::vector<GameObject*, 10>&)
 .text._ZN9PushBlock19getStateFromObjectsERN2bn6vectorIP10GameObjectLi10EEE
                0x0800f9f8      0x280 push_block.o
                0x0800f9f8                PushBlock::getStateFromObjects(bn::vector<GameObject*, 10>&)
 .text._ZN9PushBlockC2Ev
                0x0800fc78      0x340 push_block.o
                0x0800fc78                PushBlock::PushBlock()
                0x0800fc78                PushBlock::PushBlock()
 .text._ZN9PushBlock8setStateE11ObjectState
                0x0800ffb8      0x3b4 push_block.o
                0x0800ffb8                PushBlock::setState(ObjectState)
 .text._ZN9PushBlock13updatePhysicsEv
                0x0801036c       0x28 push_block.o
                0x0801036c                PushBlock::updatePhysics()
 .text._ZN9PushBlock12updateTimersEv
                0x08010394       0x4c push_block.o
                0x08010394                PushBlock::updateTimers()
 .text._ZN9PushBlock11updateStateERN2bn6vectorIP10GameObjectLi10EEERKNS0_14regular_bg_ptrERKNS0_4spanIKtEERKNS0_15regular_bg_itemE
                0x080103e0       0xa0 push_block.o
                0x080103e0                PushBlock::updateState(bn::vector<GameObject*, 10>&, bn::regular_bg_ptr const&, bn::span<unsigned short const> const&, bn::regular_bg_item const&)
 .text._ZN9PushBlock21resolveXAxisCollisionERK8Collider
                0x08010480       0x44 push_block.o
                0x08010480                PushBlock::resolveXAxisCollision(Collider const&)
 .text._ZN9PushBlock21resolveYAxisCollisionERK8Collider
                0x080104c4       0x48 push_block.o
                0x080104c4                PushBlock::resolveYAxisCollision(Collider const&)
 .text._ZN9PushBlock20resolveTileCollisionERKN2bn14regular_bg_ptrERKNS0_4spanIKtEERKNS0_15regular_bg_itemE
                0x0801050c      0x7d0 push_block.o
                0x0801050c                PushBlock::resolveTileCollision(bn::regular_bg_ptr const&, bn::span<unsigned short const> const&, bn::regular_bg_item const&)
 .text._ZN4RoomC2Ev
                0x08010cdc       0x38 room.o
                0x08010cdc                Room::Room()
                0x08010cdc                Room::Room()
 .text._ZN4Room5clearEv
                0x08010d14       0x74 room.o
                0x08010d14                Room::clear()
 .text._ZN4RoomD2Ev
                0x08010d88       0x28 room.o
                0x08010d88                Room::~Room()
                0x08010d88                Room::~Room()
 .text._ZN4Room23findUnloadedObjectIndexEi
                0x08010db0       0x28 room.o
                0x08010db0                Room::findUnloadedObjectIndex(int)
 .text._ZN4RoomaSERKS_
                0x08010dd8      0x174 room.o
                0x08010dd8                Room::operator=(Room const&)
 .text._ZN4Room17addUnloadedObjectERK14UnloadedObjectb
                0x08010f4c       0x84 room.o
                0x08010f4c                Room::addUnloadedObject(UnloadedObject const&, bool)
 .text._ZN4Room11prepObjectsERKN2bn14regular_bg_ptrERKNS0_15regular_bg_itemERKNS0_4spanIKtEE
                0x08010fd0      0x148 room.o
                0x08010fd0                Room::prepObjects(bn::regular_bg_ptr const&, bn::regular_bg_item const&, bn::span<unsigned short const> const&)
 .text._ZN4Room9addObjectEP10GameObjectRKN2bn10camera_ptrE
                0x08011118       0xac room.o
                0x08011118                Room::addObject(GameObject*, bn::camera_ptr const&)
 .text._ZN4Room4loadE8RoomNameRKN2bn10camera_ptrERKNS1_14regular_bg_ptrERKNS1_15regular_bg_itemERKNS1_4spanIKtEE.part.0
                0x080111c4       0xf4 room.o
 .text._ZN4RoomC2E8RoomNameN2bn10camera_ptrERKNS1_14regular_bg_ptrERKNS1_15regular_bg_itemERKNS1_4spanIKtEE
                0x080112b8       0x5c room.o
                0x080112b8                Room::Room(RoomName, bn::camera_ptr, bn::regular_bg_ptr const&, bn::regular_bg_item const&, bn::span<unsigned short const> const&)
                0x080112b8                Room::Room(RoomName, bn::camera_ptr, bn::regular_bg_ptr const&, bn::regular_bg_item const&, bn::span<unsigned short const> const&)
 .text._ZN4Room9addObjectERK14UnloadedObjectRKN2bn10camera_ptrE
                0x08011314      0x260 room.o
                0x08011314                Room::addObject(UnloadedObject const&, bn::camera_ptr const&)
 .text._ZN4Room22monitorUnloadedObjectsERKN2bn10camera_ptrE
                0x08011574      0x180 room.o
                0x08011574                Room::monitorUnloadedObjects(bn::camera_ptr const&)
 .text._ZN10RoomBoundsC2Ev
                0x080116f4        0xc room_bounds.o
                0x080116f4                RoomBounds::RoomBounds()
                0x080116f4                RoomBounds::RoomBounds()
 .text._ZN10RoomBoundsaSERKS_
                0x08011700       0x18 room_bounds.o
                0x08011700                RoomBounds::operator=(RoomBounds const&)
 .text._ZN8ThornBar11checkIfDeadEv
                0x08011718        0x4 thorn_bar.o
                0x08011718                ThornBar::updatePhysics()
                0x08011718                ThornBar::checkIfDead()
 .text._ZN8ThornBar11updateStateERN2bn6vectorIP10GameObjectLi10EEERKNS0_14regular_bg_ptrERKNS0_4spanIKtEERKNS0_15regular_bg_itemE
                0x0801171c        0x4 thorn_bar.o
                0x0801171c                ThornBar::resolveCollision(bn::vector<GameObject*, 10>&, bn::regular_bg_ptr const&, bn::span<unsigned short const> const&, bn::regular_bg_item const&)
                0x0801171c                ThornBar::updateState(bn::vector<GameObject*, 10>&, bn::regular_bg_ptr const&, bn::span<unsigned short const> const&, bn::regular_bg_item const&)
 .text._ZN8ThornBarD2Ev
                0x08011720       0x18 thorn_bar.o
                0x08011720                ThornBar::~ThornBar()
                0x08011720                ThornBar::~ThornBar()
 .text._ZN8ThornBarD0Ev
                0x08011738       0x24 thorn_bar.o
                0x08011738                ThornBar::~ThornBar()
 .text._ZN8ThornBarC2Ev
                0x0801175c      0x394 thorn_bar.o
                0x0801175c                ThornBar::ThornBar()
                0x0801175c                ThornBar::ThornBar()
 .text._ZN11ThornColumn11checkIfDeadEv
                0x08011af0        0x4 thorn_column.o
                0x08011af0                ThornColumn::checkIfDead()
                0x08011af0                ThornColumn::updatePhysics()
 .text._ZN11ThornColumn11updateStateERN2bn6vectorIP10GameObjectLi10EEERKNS0_14regular_bg_ptrERKNS0_4spanIKtEERKNS0_15regular_bg_itemE
                0x08011af4        0x4 thorn_column.o
                0x08011af4                ThornColumn::resolveCollision(bn::vector<GameObject*, 10>&, bn::regular_bg_ptr const&, bn::span<unsigned short const> const&, bn::regular_bg_item const&)
                0x08011af4                ThornColumn::updateState(bn::vector<GameObject*, 10>&, bn::regular_bg_ptr const&, bn::span<unsigned short const> const&, bn::regular_bg_item const&)
 .text._ZN11ThornColumnD2Ev
                0x08011af8       0x18 thorn_column.o
                0x08011af8                ThornColumn::~ThornColumn()
                0x08011af8                ThornColumn::~ThornColumn()
 .text._ZN11ThornColumnD0Ev
                0x08011b10       0x24 thorn_column.o
                0x08011b10                ThornColumn::~ThornColumn()
 .text._ZN11ThornColumnC2Ev
                0x08011b34      0x394 thorn_column.o
                0x08011b34                ThornColumn::ThornColumn()
                0x08011b34                ThornColumn::ThornColumn()
 .text._ZN11TilePassage16resolveCollisionERN2bn6vectorIP10GameObjectLi10EEERKNS0_14regular_bg_ptrERKNS0_4spanIKtEERKNS0_15regular_bg_itemE
                0x08011ec8        0x4 tile_passage.o
                0x08011ec8                TilePassage::resolveCollision(bn::vector<GameObject*, 10>&, bn::regular_bg_ptr const&, bn::span<unsigned short const> const&, bn::regular_bg_item const&)
 .text._ZN11TilePassageD2Ev
                0x08011ecc       0x18 tile_passage.o
                0x08011ecc                TilePassage::~TilePassage()
                0x08011ecc                TilePassage::~TilePassage()
 .text._ZN11TilePassageD0Ev
                0x08011ee4       0x24 tile_passage.o
                0x08011ee4                TilePassage::~TilePassage()
 .text._ZN11TilePassageC2Ev
                0x08011f08      0x2fc tile_passage.o
                0x08011f08                TilePassage::TilePassage()
                0x08011f08                TilePassage::TilePassage()
 .text._ZN11TilePassage8setStateE11ObjectState
                0x08012204      0x3b8 tile_passage.o
                0x08012204                TilePassage::setState(ObjectState)
 .text._ZN3_bn6assert9show_argsIA16_ciEEvPKcS4_S4_iRKT_RKT0_
                0x080125bc       0x54 utility.o
                0x080125bc                void _bn::assert::show_args<char [16], int>(char const*, char const*, char const*, int, char const (&) [16], int const&)
 .text._ZN3_bn6assert9show_argsIA30_cEEvPKcS4_S4_iRKT_
                0x08012610       0x48 utility.o
                0x08012610                void _bn::assert::show_args<char [30]>(char const*, char const*, char const*, int, char const (&) [30])
 .text._Z16getTileAtBGIndexjjN2bn14regular_bg_ptrENS_4spanIKtEENS_15regular_bg_itemE
                0x08012658      0x184 utility.o
                0x08012658                getTileAtBGIndex(unsigned int, unsigned int, bn::regular_bg_ptr, bn::span<unsigned short const>, bn::regular_bg_item)
 .text._ZN2bn13ostringstream11append_argsIiJA4_ciEEEvRKT_DpRKT0_.isra.0
                0x080127dc       0x24 bn_affine_bg_animate_actions.o
 .text._ZN3_bn6assert9show_argsIJA23_ciA4_ciEEEvPKcS5_S5_iDpRKT_
                0x08012800       0x58 bn_affine_bg_animate_actions.o
                0x08012800                void _bn::assert::show_args<char [23], int, char [4], int>(char const*, char const*, char const*, int, char const (&) [23], int const&, char const (&) [4], int const&)
 .text._ZN3_bn6assert9show_argsIA23_ciEEvPKcS4_S4_iRKT_RKT0_
                0x08012858       0x54 bn_affine_bg_animate_actions.o
                0x08012858                void _bn::assert::show_args<char [23], int>(char const*, char const*, char const*, int, char const (&) [23], int const&)
 .text._ZN3_bn6assert9show_argsIA24_ciEEvPKcS4_S4_iRKT_RKT0_
                0x080128ac       0x54 bn_affine_bg_animate_actions.o
                0x080128ac                void _bn::assert::show_args<char [24], int>(char const*, char const*, char const*, int, char const (&) [24], int const&)
 .text._ZN2bn13audio_manager12_GLOBAL__N_111static_dataD2Ev
                0x08012900        0x4 bn_audio_manager.o
 .text._ZN2bn13audio_manager4initEv
                0x08012904       0x48 bn_audio_manager.o
                0x08012904                bn::audio_manager::init()
 .text._ZN2bn13audio_manager7disableEv
                0x0801294c        0xc bn_audio_manager.o
                0x0801294c                bn::audio_manager::disable()
 .text._ZN2bn13audio_manager10sound_dataEt
                0x08012958       0x64 bn_audio_manager.o
                0x08012958                bn::audio_manager::sound_data(unsigned short)
 .text._ZN2bn13audio_manager6updateEv
                0x080129bc        0xc bn_audio_manager.o
                0x080129bc                bn::audio_manager::update()
 .text._ZN2bn13audio_manager6commitEv
                0x080129c8        0xc bn_audio_manager.o
                0x080129c8                bn::audio_manager::commit()
 .text._ZN2bn13audio_manager4stopEv
                0x080129d4       0x6c bn_audio_manager.o
                0x080129d4                bn::audio_manager::stop()
 .text._ZN3_bn6assert9show_argsIA18_ciEEvPKcS4_S4_iRKT_RKT0_
                0x08012a40       0x54 bn_audio_manager.o
                0x08012a40                void _bn::assert::show_args<char [18], int>(char const*, char const*, char const*, int, char const (&) [18], int const&)
 .text._ZN3_bn6assert9show_argsIA14_ciEEvPKcS4_S4_iRKT_RKT0_
                0x08012a94       0x54 bn_audio_manager.o
                0x08012a94                void _bn::assert::show_args<char [14], int>(char const*, char const*, char const*, int, char const (&) [14], int const&)
 .text._ZN3_bn6assert9show_argsIA19_ciEEvPKcS4_S4_iRKT_RKT0_
                0x08012ae8       0x54 bn_audio_manager.o
                0x08012ae8                void _bn::assert::show_args<char [19], int>(char const*, char const*, char const*, int, char const (&) [19], int const&)
 .text._ZN3_bn6assert9show_argsIA26_ciEEvPKcS4_S4_iRKT_RKT0_
                0x08012b3c       0x54 bn_audio_manager.o
                0x08012b3c                void _bn::assert::show_args<char [26], int>(char const*, char const*, char const*, int, char const (&) [26], int const&)
 .text._ZN3_bn6assert9show_argsIA33_cEEvPKcS4_S4_iRKT_
                0x08012b90       0x48 bn_audio_manager.o
                0x08012b90                void _bn::assert::show_args<char [33]>(char const*, char const*, char const*, int, char const (&) [33])
 .text._ZN3_bn6assert9show_argsIA25_cEEvPKcS4_S4_iRKT_
                0x08012bd8       0x48 bn_audio_manager.o
                0x08012bd8                void _bn::assert::show_args<char [25]>(char const*, char const*, char const*, int, char const (&) [25])
 .text._ZN3_bn6assert9show_argsIA20_cEEvPKcS4_S4_iRKT_
                0x08012c20       0x48 bn_audio_manager.o
                0x08012c20                void _bn::assert::show_args<char [20]>(char const*, char const*, char const*, int, char const (&) [20])
 .text._ZN3_bn6assert9show_argsIA26_cEEvPKcS4_S4_iRKT_
                0x08012c68       0x48 bn_audio_manager.o
                0x08012c68                void _bn::assert::show_args<char [26]>(char const*, char const*, char const*, int, char const (&) [26])
 .text._ZN2bn13ostringstream6appendILi12EEEvNS_7fixed_tIXT_EEE
                0x08012cb0       0xa0 bn_audio_manager.o
                0x08012cb0                void bn::ostringstream::append<12>(bn::fixed_t<12>)
 .text._ZN3_bn6assert9show_argsIA25_cN2bn7fixed_tILi12EEEEEvPKcS7_S7_iRKT_RKT0_
                0x08012d50       0x54 bn_audio_manager.o
                0x08012d50                void _bn::assert::show_args<char [25], bn::fixed_t<12> >(char const*, char const*, char const*, int, char const (&) [25], bn::fixed_t<12> const&)
 .text._ZN3_bn6assert9show_argsIA27_cN2bn7fixed_tILi12EEEEEvPKcS7_S7_iRKT_RKT0_
                0x08012da4       0x54 bn_audio_manager.o
                0x08012da4                void _bn::assert::show_args<char [27], bn::fixed_t<12> >(char const*, char const*, char const*, int, char const (&) [27], bn::fixed_t<12> const&)
 .text._ZN3_bn6assert9show_argsIA25_ciEEvPKcS4_S4_iRKT_RKT0_
                0x08012df8       0x54 bn_audio_manager.o
                0x08012df8                void _bn::assert::show_args<char [25], int>(char const*, char const*, char const*, int, char const (&) [25], int const&)
 .text._ZN2bn13audio_manager16execute_commandsEv
                0x08012e4c      0x6a4 bn_audio_manager.o
                0x08012e4c                bn::audio_manager::execute_commands()
 .text.startup._GLOBAL__sub_I__ZN2bn5audio16update_on_vblankEv
                0x080134f0       0x98 bn_audio_manager.o
 .text._ZN2bn18best_fit_allocator4freeEPv
                0x08013588      0x110 bn_best_fit_allocator.o
                0x08013588                bn::best_fit_allocator::free(void*)
 .text._ZN3_bn6assert9show_argsIA23_cEEvPKcS4_S4_iRKT_
                0x08013698       0x48 bn_best_fit_allocator.o
                0x08013698                void _bn::assert::show_args<char [23]>(char const*, char const*, char const*, int, char const (&) [23])
 .text._ZN2bn18best_fit_allocatorD2Ev
                0x080136e0       0x34 bn_best_fit_allocator.o
                0x080136e0                bn::best_fit_allocator::~best_fit_allocator()
                0x080136e0                bn::best_fit_allocator::~best_fit_allocator()
 .text._ZN2bn18best_fit_allocator5allocEi
                0x08013714      0x15c bn_best_fit_allocator.o
                0x08013714                bn::best_fit_allocator::alloc(int)
 .text._ZN3_bn6assert9show_argsIA14_cEEvPKcS4_S4_iRKT_
                0x08013870       0x48 bn_best_fit_allocator.o
                0x08013870                void _bn::assert::show_args<char [14]>(char const*, char const*, char const*, int, char const (&) [14])
 .text._ZN3_bn6assert9show_argsIA21_cEEvPKcS4_S4_iRKT_
                0x080138b8       0x48 bn_best_fit_allocator.o
                0x080138b8                void _bn::assert::show_args<char [21]>(char const*, char const*, char const*, int, char const (&) [21])
 .text._ZN2bn18best_fit_allocator5resetEPvi
                0x08013900       0xbc bn_best_fit_allocator.o
                0x08013900                bn::best_fit_allocator::reset(void*, int)
 .text._ZN2bn17bg_blocks_manager12_GLOBAL__N_117_hw_commit_offsetEPKtjtPt
                0x080139bc       0x78 bn_bg_blocks_manager.o
 .text._ZN2bn13ostringstream11append_argsIiJA4_ctEEEvRKT_DpRKT0_.isra.0
                0x08013a34       0x24 bn_bg_blocks_manager.o
 .text._ZN2bn13ostringstream11append_argsIiJA4_ciEEEvRKT_DpRKT0_.isra.0
                0x08013a58       0x24 bn_bg_blocks_manager.o
 .text._ZN2bn18regular_bg_map_ptrC2ERKS0_
                0x08013a7c       0x20 bn_bg_blocks_manager.o
                0x08013a7c                bn::regular_bg_map_ptr::regular_bg_map_ptr(bn::regular_bg_map_ptr const&)
                0x08013a7c                bn::regular_bg_map_ptr::regular_bg_map_ptr(bn::regular_bg_map_ptr const&)
 .text._ZNK2bn18regular_bg_map_ptr2idEv
                0x08013a9c       0x18 bn_bg_blocks_manager.o
                0x08013a9c                bn::regular_bg_map_ptr::id() const
 .text._ZNK2bn18regular_bg_map_ptr10dimensionsEv
                0x08013ab4       0x20 bn_bg_blocks_manager.o
                0x08013ab4                bn::regular_bg_map_ptr::dimensions() const
 .text._ZNK2bn18regular_bg_map_ptr3bigEv
                0x08013ad4       0x18 bn_bg_blocks_manager.o
                0x08013ad4                bn::regular_bg_map_ptr::big() const
 .text._ZNK2bn20regular_bg_tiles_ptr3cbbEv
                0x08013aec       0x18 bn_bg_blocks_manager.o
                0x08013aec                bn::regular_bg_tiles_ptr::cbb() const
 .text._ZNK2bn17affine_bg_map_ptr2idEv
                0x08013b04       0x18 bn_bg_blocks_manager.o
                0x08013b04                bn::affine_bg_map_ptr::id() const
 .text._ZNK2bn17affine_bg_map_ptr10dimensionsEv
                0x08013b1c       0x20 bn_bg_blocks_manager.o
                0x08013b1c                bn::affine_bg_map_ptr::dimensions() const
 .text._ZNK2bn19affine_bg_tiles_ptr3cbbEv
                0x08013b3c       0x18 bn_bg_blocks_manager.o
                0x08013b3c                bn::affine_bg_tiles_ptr::cbb() const
 .text._ZN2bn17bg_blocks_manager10log_statusEv
                0x08013b54      0x454 bn_bg_blocks_manager.o
                0x08013b54                bn::bg_blocks_manager::log_status()
 .text._ZN2bn17bg_blocks_manager15decrease_usagesEi
                0x08013fa8       0x98 bn_bg_blocks_manager.o
                0x08013fa8                bn::bg_blocks_manager::decrease_usages(int)
 .text._ZN2bn18regular_bg_map_ptrD2Ev
                0x08014040       0x18 bn_bg_blocks_manager.o
                0x08014040                bn::regular_bg_map_ptr::~regular_bg_map_ptr()
                0x08014040                bn::regular_bg_map_ptr::~regular_bg_map_ptr()
 .text._ZN2bn17affine_bg_map_ptrD2Ev
                0x08014058       0x18 bn_bg_blocks_manager.o
                0x08014058                bn::affine_bg_map_ptr::~affine_bg_map_ptr()
                0x08014058                bn::affine_bg_map_ptr::~affine_bg_map_ptr()
 .text._ZN2bn17bg_blocks_manager12_GLOBAL__N_111static_dataD2Ev
                0x08014070       0x54 bn_bg_blocks_manager.o
 .text._ZN2bn17bg_blocks_manager4initEv
                0x080140c4       0x8c bn_bg_blocks_manager.o
                0x080140c4                bn::bg_blocks_manager::init()
 .text._ZN2bn17bg_blocks_manager11must_commitEi
                0x08014150       0x18 bn_bg_blocks_manager.o
                0x08014150                bn::bg_blocks_manager::must_commit(int)
 .text._ZN2bn17bg_blocks_manager6updateEv
                0x08014168      0x258 bn_bg_blocks_manager.o
                0x08014168                bn::bg_blocks_manager::update()
 .text._ZN3_bn6assert9show_argsIA15_ciEEvPKcS4_S4_iRKT_RKT0_
                0x080143c0       0x54 bn_bg_blocks_manager.o
                0x080143c0                void _bn::assert::show_args<char [15], int>(char const*, char const*, char const*, int, char const (&) [15], int const&)
 .text._ZN3_bn6assert9show_argsIA52_ctEEvPKcS4_S4_iRKT_RKT0_
                0x08014414       0x54 bn_bg_blocks_manager.o
                0x08014414                void _bn::assert::show_args<char [52], unsigned short>(char const*, char const*, char const*, int, char const (&) [52], unsigned short const&)
 .text._ZN3_bn6assert9show_argsIJA20_ciA4_ctEEEvPKcS5_S5_iDpRKT_
                0x08014468       0x58 bn_bg_blocks_manager.o
                0x08014468                void _bn::assert::show_args<char [20], int, char [4], unsigned short>(char const*, char const*, char const*, int, char const (&) [20], int const&, char const (&) [4], unsigned short const&)
 .text._ZN3_bn6assert9show_argsIJA22_ciA4_ciEEEvPKcS5_S5_iDpRKT_
                0x080144c0       0x58 bn_bg_blocks_manager.o
                0x080144c0                void _bn::assert::show_args<char [22], int, char [4], int>(char const*, char const*, char const*, int, char const (&) [22], int const&, char const (&) [4], int const&)
 .text._ZN3_bn6assert9show_argsIJA58_ciA4_ciEEEvPKcS5_S5_iDpRKT_
                0x08014518       0x58 bn_bg_blocks_manager.o
                0x08014518                void _bn::assert::show_args<char [58], int, char [4], int>(char const*, char const*, char const*, int, char const (&) [58], int const&, char const (&) [4], int const&)
 .text._ZN3_bn6assert9show_argsIA38_cEEvPKcS4_S4_iRKT_
                0x08014570       0x48 bn_bg_blocks_manager.o
                0x08014570                void _bn::assert::show_args<char [38]>(char const*, char const*, char const*, int, char const (&) [38])
 .text._ZN3_bn6assert9show_argsIA27_ciEEvPKcS4_S4_iRKT_RKT0_
                0x080145b8       0x54 bn_bg_blocks_manager.o
                0x080145b8                void _bn::assert::show_args<char [27], int>(char const*, char const*, char const*, int, char const (&) [27], int const&)
 .text._ZN2bn17bg_blocks_manager12_GLOBAL__N_110_hw_commitEPKtNS_16compression_typeEibPt
                0x0801460c       0x6c bn_bg_blocks_manager.o
 .text._ZN3_bn6assert9show_argsIA22_ciEEvPKcS4_S4_iRKT_RKT0_
                0x08014678       0x54 bn_bg_blocks_manager.o
                0x08014678                void _bn::assert::show_args<char [22], int>(char const*, char const*, char const*, int, char const (&) [22], int const&)
 .text._ZN3_bn6assert9show_argsIA19_cEEvPKcS4_S4_iRKT_
                0x080146cc       0x48 bn_bg_blocks_manager.o
                0x080146cc                void _bn::assert::show_args<char [19]>(char const*, char const*, char const*, int, char const (&) [19])
 .text._ZN2bn17bg_blocks_manager12_GLOBAL__N_116_find_tiles_implEPKtNS_16compression_typeEib
                0x08014714       0xfc bn_bg_blocks_manager.o
 .text._ZNK2bn18regular_bg_map_ptr5tilesEv
                0x08014810       0x48 bn_bg_blocks_manager.o
                0x08014810                bn::regular_bg_map_ptr::tiles() const
 .text._ZNK2bn17affine_bg_map_ptr5tilesEv
                0x08014858       0x48 bn_bg_blocks_manager.o
                0x08014858                bn::affine_bg_map_ptr::tiles() const
 .text._ZNK2bn18regular_bg_map_ptr7paletteEv
                0x080148a0       0x48 bn_bg_blocks_manager.o
                0x080148a0                bn::regular_bg_map_ptr::palette() const
 .text._ZNK2bn18regular_bg_map_ptr3bppEv
                0x080148e8       0x4c bn_bg_blocks_manager.o
                0x080148e8                bn::regular_bg_map_ptr::bpp() const
 .text._ZN2bn17bg_blocks_manager21update_affine_map_rowEiii
                0x08014934      0x168 bn_bg_blocks_manager.o
                0x08014934                bn::bg_blocks_manager::update_affine_map_row(int, int, int)
 .text._ZN2bn17bg_blocks_manager28update_affine_map_bottom_rowEiii
                0x08014a9c       0x2c bn_bg_blocks_manager.o
                0x08014a9c                bn::bg_blocks_manager::update_affine_map_bottom_row(int, int, int)
 .text._ZN2bn17bg_blocks_manager23set_affine_map_positionEiii
                0x08014ac8      0x214 bn_bg_blocks_manager.o
                0x08014ac8                bn::bg_blocks_manager::set_affine_map_position(int, int, int)
 .text._ZN2bn17bg_blocks_manager21update_affine_map_colEiii
                0x08014cdc      0x334 bn_bg_blocks_manager.o
                0x08014cdc                bn::bg_blocks_manager::update_affine_map_col(int, int, int)
 .text._ZN2bn17bg_blocks_manager27update_affine_map_right_colEiii
                0x08015010       0x2c bn_bg_blocks_manager.o
                0x08015010                bn::bg_blocks_manager::update_affine_map_right_col(int, int, int)
 .text._ZN2bn17bg_blocks_manager22update_regular_map_rowEiii
                0x0801503c      0x194 bn_bg_blocks_manager.o
                0x0801503c                bn::bg_blocks_manager::update_regular_map_row(int, int, int)
 .text._ZN2bn17bg_blocks_manager22update_regular_map_colEiii
                0x080151d0      0x1fc bn_bg_blocks_manager.o
                0x080151d0                bn::bg_blocks_manager::update_regular_map_col(int, int, int)
 .text._ZN2bn17bg_blocks_manager24set_regular_map_positionEiii
                0x080153cc      0x24c bn_bg_blocks_manager.o
                0x080153cc                bn::bg_blocks_manager::set_regular_map_position(int, int, int)
 .text._ZN2bn17bg_blocks_manager21set_regular_map_tilesEiONS_20regular_bg_tiles_ptrE
                0x08015618      0x258 bn_bg_blocks_manager.o
                0x08015618                bn::bg_blocks_manager::set_regular_map_tiles(int, bn::regular_bg_tiles_ptr&&)
 .text._ZN2bn17bg_blocks_manager23set_regular_map_paletteEiONS_14bg_palette_ptrE
                0x08015870      0x220 bn_bg_blocks_manager.o
                0x08015870                bn::bg_blocks_manager::set_regular_map_palette(int, bn::bg_palette_ptr&&)
 .text._ZN2bn18regular_bg_map_ptr11set_paletteERKNS_14bg_palette_ptrE
                0x08015a90       0x24 bn_bg_blocks_manager.o
                0x08015a90                bn::regular_bg_map_ptr::set_palette(bn::bg_palette_ptr const&)
 .text._ZN2bn17bg_blocks_manager12_GLOBAL__N_112_commit_itemERKNS1_9item_typeEb
                0x08015ab4      0x1f0 bn_bg_blocks_manager.o
 .text._ZN2bn17bg_blocks_manager12_GLOBAL__N_112_create_itemEiibONS1_11create_dataE
                0x08015ca4      0x840 bn_bg_blocks_manager.o
 .text._ZN2bn17bg_blocks_manager12_GLOBAL__N_112_create_implEONS1_11create_dataE
                0x080164e4      0x1fc bn_bg_blocks_manager.o
 .text._ZN2bn17bg_blocks_manager19commit_uncompressedEb
                0x080166e0       0x58 bn_bg_blocks_manager.o
                0x080166e0                bn::bg_blocks_manager::commit_uncompressed(bool)
 .text._ZN2bn17bg_blocks_manager17commit_compressedEv
                0x08016738       0x48 bn_bg_blocks_manager.o
                0x08016738                bn::bg_blocks_manager::commit_compressed()
 .text._ZN3_bn6assert9show_argsIJA32_cA15_cPKtA16_ciA17_ciA34_cN2bn11string_viewEEEEvPKcSC_SC_iDpRKT_
                0x08016780       0x90 bn_bg_blocks_manager.o
                0x08016780                void _bn::assert::show_args<char [32], char [15], unsigned short const*, char [16], int, char [17], int, char [34], bn::string_view>(char const*, char const*, char const*, int, char const (&) [32], char const (&) [15], unsigned short const* const&, char const (&) [16], int const&, char const (&) [17], int const&, char const (&) [34], bn::string_view const&)
 .text._ZN2bn17bg_blocks_manager20create_regular_tilesERKNS_21regular_bg_tiles_itemEb
                0x08016810      0x138 bn_bg_blocks_manager.o
                0x08016810                bn::bg_blocks_manager::create_regular_tiles(bn::regular_bg_tiles_item const&, bool)
 .text._ZN3_bn6assert9show_argsIJA30_cA13_cPKtA14_ciA15_ciA17_ciA34_cN2bn11string_viewEEEEvPKcSD_SD_iDpRKT_
                0x08016948       0xa0 bn_bg_blocks_manager.o
                0x08016948                void _bn::assert::show_args<char [30], char [13], unsigned short const*, char [14], int, char [15], int, char [17], int, char [34], bn::string_view>(char const*, char const*, char const*, int, char const (&) [30], char const (&) [13], unsigned short const* const&, char const (&) [14], int const&, char const (&) [15], int const&, char const (&) [17], int const&, char const (&) [34], bn::string_view const&)
 .text._ZN3_bn6assert9show_argsIA31_cEEvPKcS4_S4_iRKT_
                0x080169e8       0x48 bn_bg_blocks_manager.o
                0x080169e8                void _bn::assert::show_args<char [31]>(char const*, char const*, char const*, int, char const (&) [31])
 .text._ZN3_bn6assert9show_argsIJA37_ciA4_ciEEEvPKcS5_S5_iDpRKT_
                0x08016a30       0x58 bn_bg_blocks_manager.o
                0x08016a30                void _bn::assert::show_args<char [37], int, char [4], int>(char const*, char const*, char const*, int, char const (&) [37], int const&, char const (&) [4], int const&)
 .text._ZN2bn17bg_blocks_manager33set_regular_map_tiles_and_paletteEiONS_20regular_bg_tiles_ptrEONS_14bg_palette_ptrE
                0x08016a88      0x2e8 bn_bg_blocks_manager.o
                0x08016a88                bn::bg_blocks_manager::set_regular_map_tiles_and_palette(int, bn::regular_bg_tiles_ptr&&, bn::bg_palette_ptr&&)
 .text._ZN2bn17bg_blocks_manager12_GLOBAL__N_122_find_regular_map_implERKNS_19regular_bg_map_itemEPKtRKNS_20regular_bg_tiles_ptrERKNS_14bg_palette_ptrE
                0x08016d70      0x2e4 bn_bg_blocks_manager.o
 .text._ZN2bn17bg_blocks_manager18create_regular_mapERKNS_19regular_bg_map_itemEPKtONS_20regular_bg_tiles_ptrEONS_14bg_palette_ptrEb
                0x08017054      0x280 bn_bg_blocks_manager.o
                0x08017054                bn::bg_blocks_manager::create_regular_map(bn::regular_bg_map_item const&, unsigned short const*, bn::regular_bg_tiles_ptr&&, bn::bg_palette_ptr&&, bool)
 .text._ZN2bn18regular_bg_map_ptr6createERKNS_15regular_bg_itemEi
                0x080172d4       0xdc bn_bg_blocks_manager.o
                0x080172d4                bn::regular_bg_map_ptr::create(bn::regular_bg_item const&, int)
 .text._ZN3_bn6assert9show_argsIA39_ciEEvPKcS4_S4_iRKT_RKT0_
                0x080173b0       0x54 bn_bg_blocks_manager.o
                0x080173b0                void _bn::assert::show_args<char [39], int>(char const*, char const*, char const*, int, char const (&) [39], int const&)
 .text._ZN2bn17bg_blocks_manager21regular_map_cells_refEi
                0x08017404       0x3c bn_bg_blocks_manager.o
                0x08017404                bn::bg_blocks_manager::regular_map_cells_ref(int)
 .text._ZNK2bn18regular_bg_map_ptr9cells_refEv
                0x08017440       0x18 bn_bg_blocks_manager.o
                0x08017440                bn::regular_bg_map_ptr::cells_ref() const
 .text.startup._GLOBAL__sub_I__ZN2bn7bg_maps16used_cells_countEv
                0x08017458       0x88 bn_bg_blocks_manager.o
 .text._ZN2bn11bgs_manager12_GLOBAL__N_129_check_unique_regular_big_mapERNS1_9item_typeE
                0x080174e0       0x68 bn_bgs_manager.o
 .text._ZN2bn11bgs_manager12_GLOBAL__N_111static_dataD2Ev
                0x08017548       0x10 bn_bgs_manager.o
 .text._ZN2bn11bgs_manager12_GLOBAL__N_133_update_item_hw_affine_attributesERKNS1_9item_typeE
                0x08017558       0x48 bn_bgs_manager.o
 .text._ZN2bn14regular_bg_ptrC2ERKS0_
                0x080175a0        0xc bn_bgs_manager.o
                0x080175a0                bn::regular_bg_ptr::regular_bg_ptr(bn::regular_bg_ptr const&)
                0x080175a0                bn::regular_bg_ptr::regular_bg_ptr(bn::regular_bg_ptr const&)
 .text._ZN2bn14regular_bg_ptr11set_visibleEb
                0x080175ac       0x30 bn_bgs_manager.o
                0x080175ac                bn::regular_bg_ptr::set_visible(bool)
 .text._ZN2bn11bgs_manager4initEv
                0x080175dc       0x8c bn_bgs_manager.o
                0x080175dc                bn::bgs_manager::init()
 .text._ZN2bn11bgs_manager5hw_idEPv
                0x08017668        0x8 bn_bgs_manager.o
                0x08017668                bn::bgs_manager::hw_id(void*)
 .text._ZN2bn11bgs_manager11hw_positionEPv
                0x08017670        0x4 bn_bgs_manager.o
                0x08017670                bn::bgs_manager::hw_position(void*)
 .text._ZN2bn11bgs_manager14mat_attributesEPv
                0x08017674        0x4 bn_bgs_manager.o
                0x08017674                bn::bgs_manager::mat_attributes(void*)
 .text._ZN2bn11bgs_manager20update_windows_flagsEPj
                0x08017678       0x7c bn_bgs_manager.o
                0x08017678                bn::bgs_manager::update_windows_flags(unsigned int*)
 .text._ZN2bn11bgs_manager10set_cameraEPvONS_10camera_ptrE
                0x080176f4      0x17c bn_bgs_manager.o
                0x080176f4                bn::bgs_manager::set_camera(void*, bn::camera_ptr&&)
 .text._ZN2bn14regular_bg_ptr10set_cameraERKNS_10camera_ptrE
                0x08017870       0x24 bn_bgs_manager.o
                0x08017870                bn::regular_bg_ptr::set_camera(bn::camera_ptr const&)
 .text._ZN2bn11bgs_manager14update_camerasEv
                0x08017894      0x14c bn_bgs_manager.o
                0x08017894                bn::bgs_manager::update_cameras()
 .text._ZN2bn11bgs_manager28update_regular_map_tiles_cbbEii
                0x080179e0       0xa8 bn_bgs_manager.o
                0x080179e0                bn::bgs_manager::update_regular_map_tiles_cbb(int, int)
 .text._ZN2bn11bgs_manager30update_regular_map_palette_bppEiNS_8bpp_modeE
                0x08017a88       0xac bn_bgs_manager.o
                0x08017a88                bn::bgs_manager::update_regular_map_palette_bpp(int, bn::bpp_mode)
 .text._ZN2bn11bgs_manager36fill_hblank_effect_regular_positionsEiPKNS_7fixed_tILi12EEEPt
                0x08017b34       0x38 bn_bgs_manager.o
                0x08017b34                bn::bgs_manager::fill_hblank_effect_regular_positions(int, bn::fixed_t<12> const*, unsigned short*)
 .text._ZN2bn11bgs_manager45fill_hblank_effect_pivot_horizontal_positionsEPvPKNS_7fixed_tILi12EEEPj
                0x08017b6c       0x24 bn_bgs_manager.o
                0x08017b6c                bn::bgs_manager::fill_hblank_effect_pivot_horizontal_positions(void*, bn::fixed_t<12> const*, unsigned int*)
 .text._ZN2bn11bgs_manager43fill_hblank_effect_pivot_vertical_positionsEPvPKNS_7fixed_tILi12EEEPj
                0x08017b90       0x24 bn_bgs_manager.o
                0x08017b90                bn::bgs_manager::fill_hblank_effect_pivot_vertical_positions(void*, bn::fixed_t<12> const*, unsigned int*)
 .text._ZN2bn11bgs_manager6commitEb
                0x08017bb4       0x58 bn_bgs_manager.o
                0x08017bb4                bn::bgs_manager::commit(bool)
 .text._ZN2bn11bgs_manager4stopEv
                0x08017c0c       0x28 bn_bgs_manager.o
                0x08017c0c                bn::bgs_manager::stop()
 .text._ZN3_bn6assert9show_argsIA17_ciEEvPKcS4_S4_iRKT_RKT0_
                0x08017c34       0x54 bn_bgs_manager.o
                0x08017c34                void _bn::assert::show_args<char [17], int>(char const*, char const*, char const*, int, char const (&) [17], int const&)
 .text._ZNK2bn14regular_bg_ptr10dimensionsEv
                0x08017c88       0x64 bn_bgs_manager.o
                0x08017c88                bn::regular_bg_ptr::dimensions() const
 .text._ZN3_bn6assert9show_argsIA27_cEEvPKcS4_S4_iRKT_
                0x08017cec       0x48 bn_bgs_manager.o
                0x08017cec                void _bn::assert::show_args<char [27]>(char const*, char const*, char const*, int, char const (&) [27])
 .text._ZN3_bn6assert9show_argsIA46_cEEvPKcS4_S4_iRKT_
                0x08017d34       0x48 bn_bgs_manager.o
                0x08017d34                void _bn::assert::show_args<char [46]>(char const*, char const*, char const*, int, char const (&) [46])
 .text._ZN2bn11bgs_manager15rebuild_handlesEv.part.0
                0x08017d7c      0x1a8 bn_bgs_manager.o
 .text._ZN3_bn6assert9show_argsIA38_cN2bn7fixed_tILi12EEEEEvPKcS7_S7_iRKT_RKT0_
                0x08017f24       0x54 bn_bgs_manager.o
                0x08017f24                void _bn::assert::show_args<char [38], bn::fixed_t<12> >(char const*, char const*, char const*, int, char const (&) [38], bn::fixed_t<12> const&)
 .text._ZN2bn18regular_bg_builder11release_mapEv
                0x08017f78       0x6c bn_bgs_manager.o
                0x08017f78                bn::regular_bg_builder::release_map()
 .text._ZN2bn11bgs_manager37fill_hblank_effect_regular_attributesEPvPKNS_21regular_bg_attributesEPt
                0x08017fe4      0x100 bn_bgs_manager.o
                0x08017fe4                bn::bgs_manager::fill_hblank_effect_regular_attributes(void*, bn::regular_bg_attributes const*, unsigned short*)
 .text._ZN2bn11bgs_manager6updateEv
                0x080180e4      0x16c bn_bgs_manager.o
                0x080180e4                bn::bgs_manager::update()
 .text._ZN2bn11bgs_manager15commit_big_mapsEv
                0x08018250      0x1d0 bn_bgs_manager.o
                0x08018250                bn::bgs_manager::commit_big_maps()
 .text._ZN2bn11bgs_manager12_GLOBAL__N_19item_type18update_regular_mapEv
                0x08018420      0x1c8 bn_bgs_manager.o
 .text._ZN2bn11bgs_manager36fill_hblank_effect_affine_attributesEPvPKNS_20affine_bg_attributesEPt
                0x080185e8      0x104 bn_bgs_manager.o
                0x080185e8                bn::bgs_manager::fill_hblank_effect_affine_attributes(void*, bn::affine_bg_attributes const*, unsigned short*)
 .text._ZN2bn11bgs_manager10affine_mapEPv
                0x080186ec       0x34 bn_bgs_manager.o
                0x080186ec                bn::bgs_manager::affine_map(void*)
 .text._ZN2bn11bgs_manager11regular_mapEPv
                0x08018720       0x34 bn_bgs_manager.o
                0x08018720                bn::bgs_manager::regular_map(void*)
 .text._ZNK2bn14regular_bg_ptr3mapEv
                0x08018754       0x38 bn_bgs_manager.o
                0x08018754                bn::regular_bg_ptr::map() const
 .text._ZNK2bn14regular_bg_ptr7paletteEv
                0x0801878c       0x3c bn_bgs_manager.o
                0x0801878c                bn::regular_bg_ptr::palette() const
 .text._ZN2bn14regular_bg_ptr11set_paletteERKNS_14bg_palette_ptrE
                0x080187c8       0x50 bn_bgs_manager.o
                0x080187c8                bn::regular_bg_ptr::set_palette(bn::bg_palette_ptr const&)
 .text._ZN2bn11bgs_manager12_GLOBAL__N_112_insert_itemERNS1_9item_typeE
                0x08018818      0x104 bn_bgs_manager.o
 .text._ZN3_bn6assert9show_argsIA13_cEEvPKcS4_S4_iRKT_
                0x0801891c       0x48 bn_bgs_manager.o
                0x0801891c                void _bn::assert::show_args<char [13]>(char const*, char const*, char const*, int, char const (&) [13])
 .text._ZN2bn11bgs_manager6createEONS_18regular_bg_builderE
                0x08018964      0x1d4 bn_bgs_manager.o
                0x08018964                bn::bgs_manager::create(bn::regular_bg_builder&&)
 .text._ZNK2bn15regular_bg_item9create_bgENS_7fixed_tILi12EEES2_
                0x08018b38       0x78 bn_bgs_manager.o
                0x08018b38                bn::regular_bg_item::create_bg(bn::fixed_t<12>, bn::fixed_t<12>) const
 .text._ZN2bn5eraseIPNS_11bgs_manager12_GLOBAL__N_19item_typeEEENS_7ivectorIT_E9size_typeERS7_RKS6_.constprop.0.isra.0
                0x08018bb0      0x13c bn_bgs_manager.o
 .text._ZN2bn11bgs_manager15decrease_usagesEPv
                0x08018cec       0xa8 bn_bgs_manager.o
                0x08018cec                bn::bgs_manager::decrease_usages(void*)
 .text._ZN2bn14regular_bg_ptrD2Ev
                0x08018d94       0x18 bn_bgs_manager.o
                0x08018d94                bn::regular_bg_ptr::~regular_bg_ptr()
                0x08018d94                bn::regular_bg_ptr::~regular_bg_ptr()
 .text._ZN2bn14regular_bg_ptr11set_z_orderEi
                0x08018dac       0x70 bn_bgs_manager.o
                0x08018dac                bn::regular_bg_ptr::set_z_order(int)
 .text.startup._GLOBAL__sub_I__ZN2bn3bgs16used_items_countEv